Component: Arm Compiler for Embedded 6.21 Tool: armlink [5ec1fa00]

==============================================================================

Section Cross References

    empty.o(.text.main) refers to ti_msp_dl_config.o(.text.SYSCFG_DL_init) for SYSCFG_DL_init
    empty.o(.text.main) refers to mpu6050.o(.text.MPU6050_initialize) for MPU6050_initialize
    empty.o(.text.main) refers to mpu6050.o(.text.DMP_Init) for DMP_Init
    empty.o(.text.main) refers to mpu6050.o(.text.Read_DMP) for Read_DMP
    empty.o(.text.main) refers to f2d.o(.text) for __aeabi_f2d
    empty.o(.text.main) refers to printfa.o(i.__0printf) for __2printf
    empty.o(.text.main) refers to led.o(.text.LED_Flash) for LED_Flash
    empty.o(.text.main) refers to board.o(.text.delay_ms) for delay_ms
    empty.o(.text.main) refers to mpu6050.o(.bss.Roll) for Roll
    empty.o(.text.main) refers to mpu6050.o(.bss.Yaw) for Yaw
    empty.o(.text.main) refers to mpu6050.o(.bss.Pitch) for Pitch
    empty.o(.ARM.exidx.text.main) refers to empty.o(.text.main) for [Anonymous Symbol]
    startup_mspm0g350x_uvision.o(RESET) refers to startup_mspm0g350x_uvision.o(STACK) for __initial_sp
    startup_mspm0g350x_uvision.o(RESET) refers to startup_mspm0g350x_uvision.o(.text) for Reset_Handler
    startup_mspm0g350x_uvision.o(RESET) refers to board.o(.text.UART0_IRQHandler) for UART0_IRQHandler
    startup_mspm0g350x_uvision.o(.text) refers to entry.o(.ARM.Collect$$$$00000000) for __main
    ti_msp_dl_config.o(.text.SYSCFG_DL_init) refers to ti_msp_dl_config.o(.text.SYSCFG_DL_initPower) for SYSCFG_DL_initPower
    ti_msp_dl_config.o(.text.SYSCFG_DL_init) refers to ti_msp_dl_config.o(.text.SYSCFG_DL_GPIO_init) for SYSCFG_DL_GPIO_init
    ti_msp_dl_config.o(.text.SYSCFG_DL_init) refers to ti_msp_dl_config.o(.text.SYSCFG_DL_SYSCTL_init) for SYSCFG_DL_SYSCTL_init
    ti_msp_dl_config.o(.text.SYSCFG_DL_init) refers to ti_msp_dl_config.o(.text.SYSCFG_DL_I2C_0_init) for SYSCFG_DL_I2C_0_init
    ti_msp_dl_config.o(.text.SYSCFG_DL_init) refers to ti_msp_dl_config.o(.text.SYSCFG_DL_UART_0_init) for SYSCFG_DL_UART_0_init
    ti_msp_dl_config.o(.text.SYSCFG_DL_init) refers to ti_msp_dl_config.o(.text.SYSCFG_DL_SYSTICK_init) for SYSCFG_DL_SYSTICK_init
    ti_msp_dl_config.o(.ARM.exidx.text.SYSCFG_DL_init) refers to ti_msp_dl_config.o(.text.SYSCFG_DL_init) for [Anonymous Symbol]
    ti_msp_dl_config.o(.text.SYSCFG_DL_initPower) refers to dl_common.o(.text.DL_Common_delayCycles) for DL_Common_delayCycles
    ti_msp_dl_config.o(.ARM.exidx.text.SYSCFG_DL_initPower) refers to ti_msp_dl_config.o(.text.SYSCFG_DL_initPower) for [Anonymous Symbol]
    ti_msp_dl_config.o(.ARM.exidx.text.SYSCFG_DL_GPIO_init) refers to ti_msp_dl_config.o(.text.SYSCFG_DL_GPIO_init) for [Anonymous Symbol]
    ti_msp_dl_config.o(.text.SYSCFG_DL_SYSCTL_init) refers to dl_sysctl_mspm0g1x0x_g3x0x.o(.text.DL_SYSCTL_configSYSPLL) for DL_SYSCTL_configSYSPLL
    ti_msp_dl_config.o(.text.SYSCFG_DL_SYSCTL_init) refers to dl_sysctl_mspm0g1x0x_g3x0x.o(.text.DL_SYSCTL_switchMCLKfromSYSOSCtoHSCLK) for DL_SYSCTL_switchMCLKfromSYSOSCtoHSCLK
    ti_msp_dl_config.o(.text.SYSCFG_DL_SYSCTL_init) refers to ti_msp_dl_config.o(.rodata.gSYSPLLConfig) for [Anonymous Symbol]
    ti_msp_dl_config.o(.ARM.exidx.text.SYSCFG_DL_SYSCTL_init) refers to ti_msp_dl_config.o(.text.SYSCFG_DL_SYSCTL_init) for [Anonymous Symbol]
    ti_msp_dl_config.o(.text.SYSCFG_DL_I2C_0_init) refers to dl_i2c.o(.text.DL_I2C_setClockConfig) for DL_I2C_setClockConfig
    ti_msp_dl_config.o(.text.SYSCFG_DL_I2C_0_init) refers to ti_msp_dl_config.o(.rodata.gI2C_0ClockConfig) for [Anonymous Symbol]
    ti_msp_dl_config.o(.ARM.exidx.text.SYSCFG_DL_I2C_0_init) refers to ti_msp_dl_config.o(.text.SYSCFG_DL_I2C_0_init) for [Anonymous Symbol]
    ti_msp_dl_config.o(.text.SYSCFG_DL_UART_0_init) refers to dl_uart.o(.text.DL_UART_setClockConfig) for DL_UART_setClockConfig
    ti_msp_dl_config.o(.text.SYSCFG_DL_UART_0_init) refers to dl_uart.o(.text.DL_UART_init) for DL_UART_init
    ti_msp_dl_config.o(.text.SYSCFG_DL_UART_0_init) refers to ti_msp_dl_config.o(.rodata.gUART_0ClockConfig) for [Anonymous Symbol]
    ti_msp_dl_config.o(.text.SYSCFG_DL_UART_0_init) refers to ti_msp_dl_config.o(.rodata.gUART_0Config) for [Anonymous Symbol]
    ti_msp_dl_config.o(.ARM.exidx.text.SYSCFG_DL_UART_0_init) refers to ti_msp_dl_config.o(.text.SYSCFG_DL_UART_0_init) for [Anonymous Symbol]
    ti_msp_dl_config.o(.ARM.exidx.text.SYSCFG_DL_SYSTICK_init) refers to ti_msp_dl_config.o(.text.SYSCFG_DL_SYSTICK_init) for [Anonymous Symbol]
    board.o(.ARM.exidx.text.Systick_getTick) refers to board.o(.text.Systick_getTick) for [Anonymous Symbol]
    board.o(.ARM.exidx.text.delay_ms) refers to board.o(.text.delay_ms) for [Anonymous Symbol]
    board.o(.ARM.exidx.text.delay_us) refers to board.o(.text.delay_us) for [Anonymous Symbol]
    board.o(.ARM.exidx.text.delay_1us) refers to board.o(.text.delay_1us) for [Anonymous Symbol]
[...]
    cdrcmple.s                               0x00000000   Number         0  cdrcmple.o ABSOLUTE
    dc.s                                     0x00000000   Number         0  dc.o ABSOLUTE
    dl_adc12.c                               0x00000000   Number         0  dl_adc12.o ABSOLUTE
    dl_aes.c                                 0x00000000   Number         0  dl_aes.o ABSOLUTE
    dl_aesadv.c                              0x00000000   Number         0  dl_aesadv.o ABSOLUTE
    dl_common.c                              0x00000000   Number         0  dl_common.o ABSOLUTE
    dl_crc.c                                 0x00000000   Number         0  dl_crc.o ABSOLUTE
    dl_crcp.c                                0x00000000   Number         0  dl_crcp.o ABSOLUTE
    dl_dac12.c                               0x00000000   Number         0  dl_dac12.o ABSOLUTE
    dl_dma.c                                 0x00000000   Number         0  dl_dma.o ABSOLUTE
    dl_flashctl.c                            0x00000000   Number         0  dl_flashctl.o ABSOLUTE
    dl_i2c.c                                 0x00000000   Number         0  dl_i2c.o ABSOLUTE
    dl_interrupt.c                           0x00000000   Number         0  dl_interrupt.o ABSOLUTE
    dl_keystorectl.c                         0x00000000   Number         0  dl_keystorectl.o ABSOLUTE
    dl_lcd.c                                 0x00000000   Number         0  dl_lcd.o ABSOLUTE
    dl_lfss.c                                0x00000000   Number         0  dl_lfss.o ABSOLUTE
    dl_mathacl.c                             0x00000000   Number         0  dl_mathacl.o ABSOLUTE
    dl_mcan.c                                0x00000000   Number         0  dl_mcan.o ABSOLUTE
    dl_opa.c                                 0x00000000   Number         0  dl_opa.o ABSOLUTE
    dl_rtc_common.c                          0x00000000   Number         0  dl_rtc_common.o ABSOLUTE
    dl_spi.c                                 0x00000000   Number         0  dl_spi.o ABSOLUTE
    dl_sysctl_mspm0g1x0x_g3x0x.c             0x00000000   Number         0  dl_sysctl_mspm0g1x0x_g3x0x.o ABSOLUTE
    dl_timer.c                               0x00000000   Number         0  dl_timer.o ABSOLUTE
    dl_trng.c                                0x00000000   Number         0  dl_trng.o ABSOLUTE
    dl_uart.c                                0x00000000   Number         0  dl_uart.o ABSOLUTE
    dl_vref.c                                0x00000000   Number         0  dl_vref.o ABSOLUTE
    empty.c                                  0x00000000   Number         0  empty.o ABSOLUTE
    handlers.s                               0x00000000   Number         0  handlers.o ABSOLUTE
    init.s                                   0x00000000   Number         0  init.o ABSOLUTE
    inv_mpu.c                                0x00000000   Number         0  inv_mpu.o ABSOLUTE
    inv_mpu_dmp_motion_driver.c              0x00000000   Number         0  inv_mpu_dmp_motion_driver.o ABSOLUTE
    led.c                                    0x00000000   Number         0  led.o ABSOLUTE
    startup_mspm0g350x_uvision.s             0x00000000   Number         0  startup_mspm0g350x_uvision.o ABSOLUTE
    ti_msp_dl_config.c                       0x00000000   Number         0  ti_msp_dl_config.o ABSOLUTE
    RESET                                    0x00000000   Section      192  startup_mspm0g350x_uvision.o(RESET)
    .ARM.Collect$$$$00000000                 0x000000c0   Section        0  entry.o(.ARM.Collect$$$$00000000)
    .ARM.Collect$$$$00000001                 0x000000c0   Section        4  entry2.o(.ARM.Collect$$$$00000001)
    .ARM.Collect$$$$00000004                 0x000000c4   Section        4  entry5.o(.ARM.Collect$$$$00000004)
    .ARM.Collect$$$$00000008                 0x000000c8   Section        0  entry7b.o(.ARM.Collect$$$$00000008)
    .ARM.Collect$$$$0000000A                 0x000000c8   Section        0  entry8b.o(.ARM.Collect$$$$0000000A)
    .ARM.Collect$$$$0000000B                 0x000000c8   Section        8  entry9a.o(.ARM.Collect$$$$0000000B)
    __lit__00000000                          0x000000d0   Data           4  entry2.o(.ARM.Collect$$$$00002712)
    .ARM.Collect$$$$0000000D                 0x000000d0   Section        0  entry10a.o(.ARM.Collect$$$$0000000D)
    .ARM.Collect$$$$0000000F                 0x000000d0   Section        0  entry11a.o(.ARM.Collect$$$$0000000F)
    .ARM.Collect$$$$00002712                 0x000000d0   Section        4  entry2.o(.ARM.Collect$$$$00002712)
    .text                                    0x000000d4   Section       20  startup_mspm0g350x_uvision.o(.text)
    .text                                    0x000000e8   Section        0  ldiv.o(.text)
    .text                                    0x00000134   Section        0  llmul.o(.text)
    .text                                    0x00000164   Section        0  memcmp.o(.text)
    .text                                    0x0000017e   Section        0  fadd.o(.text)
    .text                                    0x00000230   Section        0  fmul.o(.text)
    .text                                    0x000002aa   Section        0  fdiv.o(.text)
    .text                                    0x00000328   Section        0  dadd.o(.text)
    .text                                    0x0000048c   Section        0  dmul.o(.text)
    .text                                    0x0000055c   Section        0  fcmple.o(.text)
    .text                                    0x00000578   Section        0  fcmplt.o(.text)
    .text                                    0x00000594   Section        0  fcmpgt.o(.text)
    .text                                    0x000005b0   Section        0  fcmpeq.o(.text)
    .text                                    0x000005cc   Section        0  fflti.o(.text)
    .text                                    0x000005e2   Section        0  ffltui.o(.text)
    .text                                    0x000005f0   Section        0  ffixi.o(.text)
    .text                                    0x00000622   Section        0  f2d.o(.text)
    .text                                    0x0000064a   Section        0  d2f.o(.text)
    .text                                    0x00000682   Section        0  uidiv_div0.o(.text)
    .text                                    0x000006c0   Section        0  uldiv.o(.text)
    .text                                    0x00000720   Section        0  llshl.o(.text)
    .text                                    0x00000740   Section        0  llsshr.o(.text)
    .text                                    0x00000766   Section        0  iusefp.o(.text)
    .text                                    0x00000766   Section        0  fepilogue.o(.text)
    .text                                    0x000007e8   Section        0  depilogue.o(.text)
    .text                                    0x000008a8   Section        0  ddiv.o(.text)
    .text                                    0x00000998   Section        0  dscalb.o(.text)
    .text                                    0x000009c4   Section        0  dfixul.o(.text)
    .text                                    0x00000a04   Section       40  cdcmple.o(.text)
    .text                                    0x00000a2c   Section       40  cdrcmple.o(.text)
    .text                                    0x00000a58   Section       48  init.o(.text)
    .text                                    0x00000a88   Section        0  llushr.o(.text)
    .text                                    0x00000aaa   Section        0  dsqrt.o(.text)
    [Anonymous Symbol]                       0x00000b4c   Section        0  dl_common.o(.text.DL_Common_delayCycles)
    [Anonymous Symbol]                       0x00000b56   Section        0  dl_i2c.o(.text.DL_I2C_fillControllerTXFIFO)
    [Anonymous Symbol]                       0x00000bd8   Section        0  dl_i2c.o(.text.DL_I2C_flushControllerTXFIFO)
    __arm_cp.3_0                             0x00000c18   Number         4  dl_i2c.o(.text.DL_I2C_flushControllerTXFIFO)
    [Anonymous Symbol]                       0x00000c1c   Section        0  dl_i2c.o(.text.DL_I2C_setClockConfig)
    [Anonymous Symbol]                       0x00000c44   Section        0  dl_sysctl_mspm0g1x0x_g3x0x.o(.text.DL_SYSCTL_configSYSPLL)
    __arm_cp.0_0                             0x00000cf8   Number         4  dl_sysctl_mspm0g1x0x_g3x0x.o(.text.DL_SYSCTL_configSYSPLL)
    __arm_cp.0_2                             0x00000cfc   Number         4  dl_sysctl_mspm0g1x0x_g3x0x.o(.text.DL_SYSCTL_configSYSPLL)
    __arm_cp.0_3                             0x00000d00   Number         4  dl_sysctl_mspm0g1x0x_g3x0x.o(.text.DL_SYSCTL_configSYSPLL)
    __arm_cp.0_4                             0x00000d04   Number         4  dl_sysctl_mspm0g1x0x_g3x0x.o(.text.DL_SYSCTL_configSYSPLL)
    [Anonymous Symbol]                       0x00000d08   Section        0  dl_sysctl_mspm0g1x0x_g3x0x.o(.text.DL_SYSCTL_switchMCLKfromSYSOSCtoHSCLK)
    __arm_cp.4_0                             0x00000d28   Number         4  dl_sysctl_mspm0g1x0x_g3x0x.o(.text.DL_SYSCTL_switchMCLKfromSYSOSCtoHSCLK)
    __arm_cp.4_1                             0x00000d2c   Number         4  dl_sysctl_mspm0g1x0x_g3x0x.o(.text.DL_SYSCTL_switchMCLKfromSYSOSCtoHSCLK)
    [Anonymous Symbol]                       0x00000d30   Section        0  dl_uart.o(.text.DL_UART_init)
    __arm_cp.0_0                             0x00000d70   Number         4  dl_uart.o(.text.DL_UART_init)
    __arm_cp.0_1                             0x00000d74   Number         4  dl_uart.o(.text.DL_UART_init)
    [Anonymous Symbol]                       0x00000d78   Section        0  dl_uart.o(.text.DL_UART_setClockConfig)
    [Anonymous Symbol]                       0x00000d8c   Section        0  mpu6050.o(.text.DMP_Init)
    __arm_cp.15_0                            0x00000ef4   Number         4  mpu6050.o(.text.DMP_Init)
    __arm_cp.15_1                            0x00000ef8   Number         4  mpu6050.o(.text.DMP_Init)
    __arm_cp.15_2                            0x00000efc   Number         4  mpu6050.o(.text.DMP_Init)
    __arm_cp.15_3                            0x00000f00   Number         4  mpu6050.o(.text.DMP_Init)
    __arm_cp.15_7                            0x00000f84   Number         4  mpu6050.o(.text.DMP_Init)
    __arm_cp.15_8                            0x00000f88   Number         4  mpu6050.o(.text.DMP_Init)
    __arm_cp.15_9                            0x00000f8c   Number         4  mpu6050.o(.text.DMP_Init)
    __arm_cp.15_10                           0x00000f90   Number         4  mpu6050.o(.text.DMP_Init)
    HW_IIC_Master_Receive                    0x00000f95   Thumb Code     4  bsp_iic.o(.text.HW_IIC_Master_Receive)
    [Anonymous Symbol]                       0x00000f94   Section        0  bsp_iic.o(.text.HW_IIC_Master_Receive)
    HW_IIC_Master_Transmit                   0x00000f99   Thumb Code     4  bsp_iic.o(.text.HW_IIC_Master_Transmit)
    [Anonymous Symbol]                       0x00000f98   Section        0  bsp_iic.o(.text.HW_IIC_Master_Transmit)
    HW_IIC_Mem_Read                          0x00000f9d   Thumb Code    24  bsp_iic.o(.text.HW_IIC_Mem_Read)
    [Anonymous Symbol]                       0x00000f9c   Section        0  bsp_iic.o(.text.HW_IIC_Mem_Read)
    HW_IIC_Mem_Write                         0x00000fb5   Thumb Code   112  bsp_iic.o(.text.HW_IIC_Mem_Write)
    [Anonymous Symbol]                       0x00000fb4   Section        0  bsp_iic.o(.text.HW_IIC_Mem_Write)
    __arm_cp.7_0                             0x00001024   Number         4  bsp_iic.o(.text.HW_IIC_Mem_Write)
    __arm_cp.7_1                             0x00001028   Number         4  bsp_iic.o(.text.HW_IIC_Mem_Write)
    __arm_cp.7_2                             0x0000102c   Number         4  bsp_iic.o(.text.HW_IIC_Mem_Write)
    __arm_cp.7_3                             0x00001030   Number         4  bsp_iic.o(.text.HW_IIC_Mem_Write)
    __arm_cp.7_4                             0x00001034   Number         4  bsp_iic.o(.text.HW_IIC_Mem_Write)
    __arm_cp.7_5                             0x00001038   Number         4  bsp_iic.o(.text.HW_IIC_Mem_Write)
    HW_iic_delayms                           0x0000103d   Thumb Code     8  bsp_iic.o(.text.HW_iic_delayms)
    [Anonymous Symbol]                       0x0000103c   Section        0  bsp_iic.o(.text.HW_iic_delayms)
    HW_iic_init                              0x00001045   Thumb Code   120  bsp_iic.o(.text.HW_iic_init)
    [Anonymous Symbol]                       0x00001044   Section        0  bsp_iic.o(.text.HW_iic_init)
    __arm_cp.4_0                             0x000010bc   Number         4  bsp_iic.o(.text.HW_iic_init)
    __arm_cp.4_1                             0x000010c0   Number         4  bsp_iic.o(.text.HW_iic_init)
    __arm_cp.4_2                             0x000010c4   Number         4  bsp_iic.o(.text.HW_iic_init)
    __arm_cp.4_3                             0x000010c8   Number         4  bsp_iic.o(.text.HW_iic_init)
    __arm_cp.4_4                             0x000010cc   Number         4  bsp_iic.o(.text.HW_iic_init)
    __arm_cp.4_5                             0x000010d0   Number         4  bsp_iic.o(.text.HW_iic_init)
    __arm_cp.4_6                             0x000010d4   Number         4  bsp_iic.o(.text.HW_iic_init)
    __arm_cp.4_7                             0x000010d8   Number         4  bsp_iic.o(.text.HW_iic_init)
    [Anonymous Symbol]                       0x000010dc   Section        0  led.o(.text.LED_Flash)
    __arm_cp.3_0                             0x00001108   Number         4  led.o(.text.LED_Flash)
    [Anonymous Symbol]                       0x0000110c   Section        0  mpu6050.o(.text.MPU6050_initialize)
    __arm_cp.14_0                            0x00001254   Number         4  mpu6050.o(.text.MPU6050_initialize)
    __arm_cp.14_1                            0x00001258   Number         4  mpu6050.o(.text.MPU6050_initialize)
    __arm_cp.14_2                            0x0000125c   Number         4  mpu6050.o(.text.MPU6050_initialize)
    __arm_cp.14_3                            0x00001260   Number         4  mpu6050.o(.text.MPU6050_initialize)
    [Anonymous Symbol]                       0x00001264   Section        0  mpu6050.o(.text.Read_DMP)
    __arm_cp.16_0                            0x00001430   Number         4  mpu6050.o(.text.Read_DMP)
    __arm_cp.16_1                            0x00001434   Number         4  mpu6050.o(.text.Read_DMP)
    __arm_cp.16_2                            0x00001438   Number         4  mpu6050.o(.text.Read_DMP)
    __arm_cp.16_3                            0x0000143c   Number         4  mpu6050.o(.text.Read_DMP)
    __arm_cp.16_4                            0x00001440   Number         4  mpu6050.o(.text.Read_DMP)
    __arm_cp.16_5                            0x00001444   Number         4  mpu6050.o(.text.Read_DMP)
    __arm_cp.16_6                            0x00001448   Number         4  mpu6050.o(.text.Read_DMP)
    __arm_cp.16_7                            0x0000144c   Number         4  mpu6050.o(.text.Read_DMP)
    __arm_cp.16_8                            0x00001450   Number         4  mpu6050.o(.text.Read_DMP)
    __arm_cp.16_9                            0x00001454   Number         4  mpu6050.o(.text.Read_DMP)
    __arm_cp.16_10                           0x00001458   Number         4  mpu6050.o(.text.Read_DMP)
    __arm_cp.16_11                           0x0000145c   Number         4  mpu6050.o(.text.Read_DMP)
    [Anonymous Symbol]                       0x00001460   Section        0  ti_msp_dl_config.o(.text.SYSCFG_DL_GPIO_init)
    __arm_cp.2_0                             0x00001490   Number         4  ti_msp_dl_config.o(.text.SYSCFG_DL_GPIO_init)
    __arm_cp.2_1                             0x00001494   Number         4  ti_msp_dl_config.o(.text.SYSCFG_DL_GPIO_init)
    __arm_cp.2_2                             0x00001498   Number         4  ti_msp_dl_config.o(.text.SYSCFG_DL_GPIO_init)
    __arm_cp.2_3                             0x0000149c   Number         4  ti_msp_dl_config.o(.text.SYSCFG_DL_GPIO_init)
    [Anonymous Symbol]                       0x000014a0   Section        0  ti_msp_dl_config.o(.text.SYSCFG_DL_I2C_0_init)
    __arm_cp.4_0                             0x000014e8   Number         4  ti_msp_dl_config.o(.text.SYSCFG_DL_I2C_0_init)
    __arm_cp.4_1                             0x000014ec   Number         4  ti_msp_dl_config.o(.text.SYSCFG_DL_I2C_0_init)
    __arm_cp.4_2                             0x000014f0   Number         4  ti_msp_dl_config.o(.text.SYSCFG_DL_I2C_0_init)
    [Anonymous Symbol]                       0x000014f4   Section        0  ti_msp_dl_config.o(.text.SYSCFG_DL_SYSCTL_init)
    __arm_cp.3_0                             0x0000154c   Number         4  ti_msp_dl_config.o(.text.SYSCFG_DL_SYSCTL_init)
    __arm_cp.3_1                             0x00001550   Number         4  ti_msp_dl_config.o(.text.SYSCFG_DL_SYSCTL_init)
    __arm_cp.3_2                             0x00001554   Number         4  ti_msp_dl_config.o(.text.SYSCFG_DL_SYSCTL_init)
    [Anonymous Symbol]                       0x00001558   Section        0  ti_msp_dl_config.o(.text.SYSCFG_DL_SYSTICK_init)
    __arm_cp.6_0                             0x00001570   Number         4  ti_msp_dl_config.o(.text.SYSCFG_DL_SYSTICK_init)
    [Anonymous Symbol]                       0x00001574   Section        0  ti_msp_dl_config.o(.text.SYSCFG_DL_UART_0_init)
    __arm_cp.5_0                             0x000015c8   Number         4  ti_msp_dl_config.o(.text.SYSCFG_DL_UART_0_init)
    __arm_cp.5_1                             0x000015cc   Number         4  ti_msp_dl_config.o(.text.SYSCFG_DL_UART_0_init)
    __arm_cp.5_2                             0x000015d0   Number         4  ti_msp_dl_config.o(.text.SYSCFG_DL_UART_0_init)
    __arm_cp.5_3                             0x000015d4   Number         4  ti_msp_dl_config.o(.text.SYSCFG_DL_UART_0_init)
    __arm_cp.5_4                             0x000015d8   Number         4  ti_msp_dl_config.o(.text.SYSCFG_DL_UART_0_init)
    __arm_cp.5_5                             0x000015dc   Number         4  ti_msp_dl_config.o(.text.SYSCFG_DL_UART_0_init)
    [Anonymous Symbol]                       0x000015e0   Section        0  ti_msp_dl_config.o(.text.SYSCFG_DL_init)
    [Anonymous Symbol]                       0x000015fc   Section        0  ti_msp_dl_config.o(.text.SYSCFG_DL_initPower)
    __arm_cp.1_0                             0x00001624   Number         4  ti_msp_dl_config.o(.text.SYSCFG_DL_initPower)
    __arm_cp.1_1                             0x00001628   Number         4  ti_msp_dl_config.o(.text.SYSCFG_DL_initPower)
    __arm_cp.1_2                             0x0000162c   Number         4  ti_msp_dl_config.o(.text.SYSCFG_DL_initPower)
    __arm_cp.1_3                             0x00001630   Number         4  ti_msp_dl_config.o(.text.SYSCFG_DL_initPower)
    __arm_cp.1_4                             0x00001634   Number         4  ti_msp_dl_config.o(.text.SYSCFG_DL_initPower)
    __arm_cp.1_5                             0x00001638   Number         4  ti_msp_dl_config.o(.text.SYSCFG_DL_initPower)
    [Anonymous Symbol]                       0x0000163c   Section        0  board.o(.text.UART0_IRQHandler)
    __arm_cp.8_0                             0x00001688   Number         4  board.o(.text.UART0_IRQHandler)
    __arm_cp.8_1                             0x0000168c   Number         4  board.o(.text.UART0_IRQHandler)
    __arm_cp.8_2                             0x00001690   Number         4  board.o(.text.UART0_IRQHandler)
    __arm_cp.8_3                             0x00001694   Number         4  board.o(.text.UART0_IRQHandler)
    __arm_cp.8_4                             0x00001698   Number         4  board.o(.text.UART0_IRQHandler)
    [Anonymous Symbol]                       0x0000169c   Section        0  board.o(.text.delay_ms)
    __arm_cp.1_0                             0x0000178c   Number         4  board.o(.text.delay_ms)
    __arm_cp.1_1                             0x00001790   Number         4  board.o(.text.delay_ms)
    __arm_cp.1_2                             0x00001794   Number         4  board.o(.text.delay_ms)
    [Anonymous Symbol]                       0x00001798   Section        0  inv_mpu_dmp_motion_driver.o(.text.dmp_enable_feature)
    __arm_cp.18_0                            0x000019f4   Number         4  inv_mpu_dmp_motion_driver.o(.text.dmp_enable_feature)
    __arm_cp.18_1                            0x000019f8   Number         4  inv_mpu_dmp_motion_driver.o(.text.dmp_enable_feature)
    __arm_cp.18_2                            0x000019fc   Number         4  inv_mpu_dmp_motion_driver.o(.text.dmp_enable_feature)
    __arm_cp.18_3                            0x00001a00   Number         4  inv_mpu_dmp_motion_driver.o(.text.dmp_enable_feature)
    __arm_cp.18_4                            0x00001a04   Number         4  inv_mpu_dmp_motion_driver.o(.text.dmp_enable_feature)
    __arm_cp.18_5                            0x00001a08   Number         4  inv_mpu_dmp_motion_driver.o(.text.dmp_enable_feature)
    __arm_cp.18_6                            0x00001a0c   Number         4  inv_mpu_dmp_motion_driver.o(.text.dmp_enable_feature)
    __arm_cp.18_7                            0x00001a10   Number         4  inv_mpu_dmp_motion_driver.o(.text.dmp_enable_feature)
    __arm_cp.18_8                            0x00001a14   Number         4  inv_mpu_dmp_motion_driver.o(.text.dmp_enable_feature)
    __arm_cp.18_9                            0x00001a18   Number         4  inv_mpu_dmp_motion_driver.o(.text.dmp_enable_feature)
    [Anonymous Symbol]                       0x00001a1c   Section        0  inv_mpu_dmp_motion_driver.o(.text.dmp_load_motion_driver_firmware)
    __arm_cp.0_0                             0x00001a30   Number         4  inv_mpu_dmp_motion_driver.o(.text.dmp_load_motion_driver_firmware)
    __arm_cp.0_1                             0x00001a34   Number         4  inv_mpu_dmp_motion_driver.o(.text.dmp_load_motion_driver_firmware)
    [Anonymous Symbol]                       0x00001a38   Section        0  inv_mpu_dmp_motion_driver.o(.text.dmp_read_fifo)
    __arm_cp.24_0                            0x00001bd8   Number         4  inv_mpu_dmp_motion_driver.o(.text.dmp_read_fifo)
    __arm_cp.24_1                            0x00001bdc   Number         4  inv_mpu_dmp_motion_driver.o(.text.dmp_read_fifo)
    __arm_cp.24_2                            0x00001be0   Number         4  inv_mpu_dmp_motion_driver.o(.text.dmp_read_fifo)
    __arm_cp.24_3                            0x00001be4   Number         4  inv_mpu_dmp_motion_driver.o(.text.dmp_read_fifo)
    [Anonymous Symbol]                       0x00001be8   Section        0  inv_mpu_dmp_motion_driver.o(.text.dmp_set_accel_bias)
    [Anonymous Symbol]                       0x00001cac   Section        0  inv_mpu_dmp_motion_driver.o(.text.dmp_set_fifo_rate)
    __arm_cp.4_0                             0x00001d00   Number         4  inv_mpu_dmp_motion_driver.o(.text.dmp_set_fifo_rate)
    __arm_cp.4_1                             0x00001d04   Number         4  inv_mpu_dmp_motion_driver.o(.text.dmp_set_fifo_rate)
    __arm_cp.4_2                             0x00001d08   Number         4  inv_mpu_dmp_motion_driver.o(.text.dmp_set_fifo_rate)
    __arm_cp.4_3                             0x00001d0c   Number         4  inv_mpu_dmp_motion_driver.o(.text.dmp_set_fifo_rate)
    __arm_cp.4_4                             0x00001d10   Number         4  inv_mpu_dmp_motion_driver.o(.text.dmp_set_fifo_rate)
    __arm_cp.4_5                             0x00001d14   Number         4  inv_mpu_dmp_motion_driver.o(.text.dmp_set_fifo_rate)
    [Anonymous Symbol]                       0x00001d18   Section        0  inv_mpu_dmp_motion_driver.o(.text.dmp_set_gyro_bias)
    __arm_cp.2_1                             0x00001dfc   Number         4  inv_mpu_dmp_motion_driver.o(.text.dmp_set_gyro_bias)
    [Anonymous Symbol]                       0x00001e00   Section        0  inv_mpu_dmp_motion_driver.o(.text.dmp_set_orientation)
    __arm_cp.1_0                             0x00001ec0   Number         4  inv_mpu_dmp_motion_driver.o(.text.dmp_set_orientation)
    __arm_cp.1_1                             0x00001ec4   Number         4  inv_mpu_dmp_motion_driver.o(.text.dmp_set_orientation)
    __arm_cp.1_2                             0x00001ec8   Number         4  inv_mpu_dmp_motion_driver.o(.text.dmp_set_orientation)
    __arm_cp.1_3                             0x00001ecc   Number         4  inv_mpu_dmp_motion_driver.o(.text.dmp_set_orientation)
    __arm_cp.1_4                             0x00001ed0   Number         4  inv_mpu_dmp_motion_driver.o(.text.dmp_set_orientation)
    __arm_cp.1_5                             0x00001ed4   Number         4  inv_mpu_dmp_motion_driver.o(.text.dmp_set_orientation)
    [Anonymous Symbol]                       0x00001ed8   Section        0  inv_mpu_dmp_motion_driver.o(.text.dmp_set_tap_thresh)
    __arm_cp.6_0                             0x00001ff8   Number         4  inv_mpu_dmp_motion_driver.o(.text.dmp_set_tap_thresh)
    __arm_cp.6_1                             0x00001ffc   Number         4  inv_mpu_dmp_motion_driver.o(.text.dmp_set_tap_thresh)
    __arm_cp.6_2                             0x00002000   Number         4  inv_mpu_dmp_motion_driver.o(.text.dmp_set_tap_thresh)
    __arm_cp.6_3                             0x00002004   Number         4  inv_mpu_dmp_motion_driver.o(.text.dmp_set_tap_thresh)
    __arm_cp.6_4                             0x00002008   Number         4  inv_mpu_dmp_motion_driver.o(.text.dmp_set_tap_thresh)
    [Anonymous Symbol]                       0x0000200c   Section        0  board.o(.text.fputc)
    __arm_cp.7_0                             0x0000202c   Number         4  board.o(.text.fputc)
    get_st_biases                            0x00002031   Thumb Code   924  inv_mpu.o(.text.get_st_biases)
    [Anonymous Symbol]                       0x00002030   Section        0  inv_mpu.o(.text.get_st_biases)
    __arm_cp.38_0                            0x000023cc   Number         4  inv_mpu.o(.text.get_st_biases)
    __arm_cp.38_1                            0x000023d0   Number         4  inv_mpu.o(.text.get_st_biases)
    __arm_cp.38_2                            0x000023d4   Number         4  inv_mpu.o(.text.get_st_biases)
    __arm_cp.38_3                            0x000023d8   Number         4  inv_mpu.o(.text.get_st_biases)
    [Anonymous Symbol]                       0x000023dc   Section        0  empty.o(.text.main)
    __arm_cp.0_0                             0x00002438   Number         4  empty.o(.text.main)
    __arm_cp.0_1                             0x0000243c   Number         4  empty.o(.text.main)
    __arm_cp.0_2                             0x00002440   Number         4  empty.o(.text.main)
    __arm_cp.0_3                             0x00002444   Number         4  empty.o(.text.main)
    __arm_cp.0_4                             0x00002448   Number         4  empty.o(.text.main)
    [Anonymous Symbol]                       0x00002470   Section        0  bsp_iic.o(.text.mpu6050_i2c_sda_unlock)
    __arm_cp.1_0                             0x000024e0   Number         4  bsp_iic.o(.text.mpu6050_i2c_sda_unlock)
    __arm_cp.1_1                             0x000024e4   Number         4  bsp_iic.o(.text.mpu6050_i2c_sda_unlock)
    __arm_cp.1_2                             0x000024e8   Number         4  bsp_iic.o(.text.mpu6050_i2c_sda_unlock)
    __arm_cp.1_3                             0x000024ec   Number         4  bsp_iic.o(.text.mpu6050_i2c_sda_unlock)
    __arm_cp.1_4                             0x000024f0   Number         4  bsp_iic.o(.text.mpu6050_i2c_sda_unlock)
    __arm_cp.1_5                             0x000024f4   Number         4  bsp_iic.o(.text.mpu6050_i2c_sda_unlock)
    __arm_cp.1_6                             0x000024f8   Number         4  bsp_iic.o(.text.mpu6050_i2c_sda_unlock)
    [Anonymous Symbol]                       0x000024fc   Section        0  inv_mpu.o(.text.mpu_configure_fifo)
    __arm_cp.11_1                            0x000025ac   Number         4  inv_mpu.o(.text.mpu_configure_fifo)
    [Anonymous Symbol]                       0x000025b0   Section        0  inv_mpu.o(.text.mpu_get_accel_fsr)
    __arm_cp.23_1                            0x000025d8   Number         4  inv_mpu.o(.text.mpu_get_accel_fsr)
    __arm_cp.23_2                            0x000025dc   Number         4  inv_mpu.o(.text.mpu_get_accel_fsr)
    [Anonymous Symbol]                       0x000025e0   Section        0  inv_mpu.o(.text.mpu_get_accel_sens)
    __arm_cp.29_0                            0x0000260c   Number         4  inv_mpu.o(.text.mpu_get_accel_sens)
    [Anonymous Symbol]                       0x00002620   Section        0  inv_mpu.o(.text.mpu_get_gyro_sens)
    __arm_cp.28_1                            0x00002654   Number         4  inv_mpu.o(.text.mpu_get_gyro_sens)
    __arm_cp.28_2                            0x00002658   Number         4  inv_mpu.o(.text.mpu_get_gyro_sens)
    __arm_cp.28_3                            0x0000265c   Number         4  inv_mpu.o(.text.mpu_get_gyro_sens)
    __arm_cp.28_4                            0x00002660   Number         4  inv_mpu.o(.text.mpu_get_gyro_sens)
    [Anonymous Symbol]                       0x00002664   Section        0  inv_mpu.o(.text.mpu_init)
    __arm_cp.6_0                             0x00002804   Number         4  inv_mpu.o(.text.mpu_init)
    __arm_cp.6_1                             0x00002808   Number         4  inv_mpu.o(.text.mpu_init)
    __arm_cp.6_3                             0x0000282c   Number         4  inv_mpu.o(.text.mpu_init)
    __arm_cp.6_4                             0x00002830   Number         4  inv_mpu.o(.text.mpu_init)
    [Anonymous Symbol]                       0x0000285c   Section        0  inv_mpu.o(.text.mpu_load_firmware)
    __arm_cp.41_0                            0x000029d0   Number         4  inv_mpu.o(.text.mpu_load_firmware)
    [Anonymous Symbol]                       0x000029d4   Section        0  inv_mpu.o(.text.mpu_lp_accel_mode)
    __arm_cp.14_0                            0x00002c38   Number         4  inv_mpu.o(.text.mpu_lp_accel_mode)
    __arm_cp.14_1                            0x00002c3c   Number         4  inv_mpu.o(.text.mpu_lp_accel_mode)
    [Anonymous Symbol]                       0x00002c40   Section        0  inv_mpu.o(.text.mpu_read_fifo_stream)
    __arm_cp.34_0                            0x00002d08   Number         4  inv_mpu.o(.text.mpu_read_fifo_stream)
    __arm_cp.34_1                            0x00002d0c   Number         4  inv_mpu.o(.text.mpu_read_fifo_stream)
    [Anonymous Symbol]                       0x00002d10   Section        0  inv_mpu.o(.text.mpu_reset_fifo)
    __arm_cp.21_0                            0x00002eac   Number         4  inv_mpu.o(.text.mpu_reset_fifo)
    __arm_cp.21_1                            0x00002eb0   Number         4  inv_mpu.o(.text.mpu_reset_fifo)
    [Anonymous Symbol]                       0x00002eb4   Section        0  inv_mpu.o(.text.mpu_run_self_test)
    __arm_cp.36_25                           0x000032a8   Number         4  inv_mpu.o(.text.mpu_run_self_test)
    __arm_cp.36_29                           0x000032d0   Number         4  inv_mpu.o(.text.mpu_run_self_test)
    __arm_cp.36_30                           0x000032d4   Number         4  inv_mpu.o(.text.mpu_run_self_test)
    __arm_cp.36_31                           0x000032d8   Number         4  inv_mpu.o(.text.mpu_run_self_test)
    __arm_cp.36_32                           0x000032dc   Number         4  inv_mpu.o(.text.mpu_run_self_test)
    __arm_cp.36_33                           0x000032e0   Number         4  inv_mpu.o(.text.mpu_run_self_test)
    __arm_cp.36_36                           0x000032ec   Number         4  inv_mpu.o(.text.mpu_run_self_test)
    __arm_cp.36_37                           0x000032f0   Number         4  inv_mpu.o(.text.mpu_run_self_test)
    __arm_cp.36_12                           0x000036ec   Number         4  inv_mpu.o(.text.mpu_run_self_test)
    __arm_cp.36_13                           0x000036f0   Number         4  inv_mpu.o(.text.mpu_run_self_test)
    __arm_cp.36_14                           0x000036f4   Number         4  inv_mpu.o(.text.mpu_run_self_test)
    __arm_cp.36_15                           0x000036f8   Number         4  inv_mpu.o(.text.mpu_run_self_test)
    __arm_cp.36_16                           0x000036fc   Number         4  inv_mpu.o(.text.mpu_run_self_test)
    __arm_cp.36_17                           0x00003700   Number         4  inv_mpu.o(.text.mpu_run_self_test)
    __arm_cp.36_18                           0x00003704   Number         4  inv_mpu.o(.text.mpu_run_self_test)
    __arm_cp.36_19                           0x00003708   Number         4  inv_mpu.o(.text.mpu_run_self_test)
    __arm_cp.36_20                           0x0000370c   Number         4  inv_mpu.o(.text.mpu_run_self_test)
    __arm_cp.36_21                           0x00003710   Number         4  inv_mpu.o(.text.mpu_run_self_test)
    __arm_cp.36_22                           0x00003714   Number         4  inv_mpu.o(.text.mpu_run_self_test)
    [Anonymous Symbol]                       0x00003718   Section        0  inv_mpu.o(.text.mpu_set_accel_fsr)
    [Anonymous Symbol]                       0x0000379c   Section        0  inv_mpu.o(.text.mpu_set_bypass)
    __arm_cp.12_1                            0x000038c8   Number         4  inv_mpu.o(.text.mpu_set_bypass)
    [Anonymous Symbol]                       0x000038cc   Section        0  inv_mpu.o(.text.mpu_set_dmp_state)
    __arm_cp.37_1                            0x000039c8   Number         4  inv_mpu.o(.text.mpu_set_dmp_state)
    [Anonymous Symbol]                       0x000039cc   Section        0  inv_mpu.o(.text.mpu_set_lpf)
    __arm_cp.9_0                             0x00003a44   Number         4  inv_mpu.o(.text.mpu_set_lpf)
    __arm_cp.9_1                             0x00003a48   Number         4  inv_mpu.o(.text.mpu_set_lpf)
    [Anonymous Symbol]                       0x00003a4c   Section        0  inv_mpu.o(.text.mpu_set_sample_rate)
    __arm_cp.10_0                            0x00003b3c   Number         4  inv_mpu.o(.text.mpu_set_sample_rate)
    __arm_cp.10_1                            0x00003b40   Number         4  inv_mpu.o(.text.mpu_set_sample_rate)
    [Anonymous Symbol]                       0x00003b44   Section        0  inv_mpu.o(.text.mpu_set_sensors)
    __arm_cp.13_0                            0x00003c38   Number         4  inv_mpu.o(.text.mpu_set_sensors)
    __arm_cp.13_1                            0x00003c3c   Number         4  inv_mpu.o(.text.mpu_set_sensors)
    [Anonymous Symbol]                       0x00003c40   Section        0  inv_mpu.o(.text.mpu_write_mem)
    __arm_cp.39_0                            0x00003cb8   Number         4  inv_mpu.o(.text.mpu_write_mem)
    __arm_cp.39_1                            0x00003cbc   Number         4  inv_mpu.o(.text.mpu_write_mem)
    [Anonymous Symbol]                       0x00003cc0   Section        0  bsp_iic.o(.text.mspm0_i2c_read)
    __arm_cp.3_0                             0x00003da4   Number         4  bsp_iic.o(.text.mspm0_i2c_read)
    __arm_cp.3_1                             0x00003da8   Number         4  bsp_iic.o(.text.mspm0_i2c_read)
    __arm_cp.3_2                             0x00003dac   Number         4  bsp_iic.o(.text.mspm0_i2c_read)
    __arm_cp.3_3                             0x00003db0   Number         4  bsp_iic.o(.text.mspm0_i2c_read)
    __arm_cp.3_4                             0x00003db4   Number         4  bsp_iic.o(.text.mspm0_i2c_read)
    [Anonymous Symbol]                       0x00003db8   Section        0  inv_mpu.o(.text.myget_ms)
    i.__0printf                              0x00003dbc   Section        0  printfa.o(i.__0printf)
    i.__ARM_clz                              0x00003ddc   Section        0  depilogue.o(i.__ARM_clz)
    i.__ARM_fpclassify                       0x00003e0c   Section        0  fpclassify.o(i.__ARM_fpclassify)
    i.__kernel_poly                          0x00003e38   Section        0  poly.o(i.__kernel_poly)
    i.__mathlib_dbl_infnan                   0x00003ee4   Section        0  dunder.o(i.__mathlib_dbl_infnan)
    i.__mathlib_dbl_infnan2                  0x00003eee   Section        0  dunder.o(i.__mathlib_dbl_infnan2)
    i.__mathlib_dbl_invalid                  0x00003ef6   Section        0  dunder.o(i.__mathlib_dbl_invalid)
    i.__mathlib_dbl_underflow                0x00003f08   Section        0  dunder.o(i.__mathlib_dbl_underflow)
    i.__scatterload_copy                     0x00003f20   Section       14  handlers.o(i.__scatterload_copy)
    i.__scatterload_null                     0x00003f30   Section        2  handlers.o(i.__scatterload_null)
    i.__scatterload_zeroinit                 0x00003f38   Section       14  handlers.o(i.__scatterload_zeroinit)
    i.__set_errno                            0x00003f48   Section        0  errno.o(i.__set_errno)
    _fp_digits                               0x00003f55   Thumb Code   344  printfa.o(i._fp_digits)
    i._fp_digits                             0x00003f54   Section        0  printfa.o(i._fp_digits)
    _printf_core                             0x000040c9   Thumb Code  1754  printfa.o(i._printf_core)
    i._printf_core                           0x000040c8   Section        0  printfa.o(i._printf_core)
    _printf_post_padding                     0x000047b5   Thumb Code    32  printfa.o(i._printf_post_padding)
    i._printf_post_padding                   0x000047b4   Section        0  printfa.o(i._printf_post_padding)
    _printf_pre_padding                      0x000047d5   Thumb Code    44  printfa.o(i._printf_pre_padding)
    i._printf_pre_padding                    0x000047d4   Section        0  printfa.o(i._printf_pre_padding)
    i.asin                                   0x00004800   Section        0  asin.o(i.asin)
    i.atan                                   0x00004a74   Section        0  atan.o(i.atan)
    i.atan2                                  0x00004c90   Section        0  atan2.o(i.atan2)
    i.puts                                   0x00004e2c   Section        0  puts.o(i.puts)
    i.sqrt                                   0x00004e4c   Section        0  sqrt.o(i.sqrt)
    pS                                       0x00004e98   Data          48  asin.o(.constdata)
    .constdata                               0x00004e98   Section       80  asin.o(.constdata)
    qS                                       0x00004ec8   Data          32  asin.o(.constdata)
    atanhi                                   0x00004ee8   Data          32  atan.o(.constdata)
    .constdata                               0x00004ee8   Section      152  atan.o(.constdata)
    atanlo                                   0x00004f08   Data          32  atan.o(.constdata)
    aTodd                                    0x00004f28   Data          40  atan.o(.constdata)
    aTeven                                   0x00004f50   Data          48  atan.o(.constdata)
    .constdata                               0x00004f80   Section        8  qnan.o(.constdata)
    [Anonymous Symbol]                       0x00004f88   Section        0  inv_mpu_dmp_motion_driver.o(.rodata..L__const.dmp_set_orientation.accel_axes)
    [Anonymous Symbol]                       0x00004f8b   Section        0  inv_mpu_dmp_motion_driver.o(.rodata..L__const.dmp_set_orientation.gyro_axes)
    [Anonymous Symbol]                       0x00004f8e   Section        0  inv_mpu.o(.rodata.cst8)
    dmp_memory                               0x00004f96   Data        3062  inv_mpu_dmp_motion_driver.o(.rodata.dmp_memory)
    [Anonymous Symbol]                       0x00004f96   Section        0  inv_mpu_dmp_motion_driver.o(.rodata.dmp_memory)
    gI2C_0ClockConfig                        0x00005b8c   Data           2  ti_msp_dl_config.o(.rodata.gI2C_0ClockConfig)
    [Anonymous Symbol]                       0x00005b8c   Section        0  ti_msp_dl_config.o(.rodata.gI2C_0ClockConfig)
    gSYSPLLConfig                            0x00005b90   Data          40  ti_msp_dl_config.o(.rodata.gSYSPLLConfig)
    [Anonymous Symbol]                       0x00005b90   Section        0  ti_msp_dl_config.o(.rodata.gSYSPLLConfig)
    gUART_0ClockConfig                       0x00005bb8   Data           2  ti_msp_dl_config.o(.rodata.gUART_0ClockConfig)
    [Anonymous Symbol]                       0x00005bb8   Section        0  ti_msp_dl_config.o(.rodata.gUART_0ClockConfig)
    gUART_0Config                            0x00005bba   Data          10  ti_msp_dl_config.o(.rodata.gUART_0Config)
    [Anonymous Symbol]                       0x00005bba   Section        0  ti_msp_dl_config.o(.rodata.gUART_0Config)
    [Anonymous Symbol]                       0x00005beb   Section        0  inv_mpu.o(.rodata.str1.1)
    [Anonymous Symbol]                       0x00005c38   Section        0  mpu6050.o(.rodata.str1.1)
    .data                                    0x20200000   Section        4  stdout.o(.data)
    _errno                                   0x20200004   Data           4  errno.o(.data)
    .data                                    0x20200004   Section        4  errno.o(.data)
    st                                       0x20200024   Data          44  inv_mpu.o(.data.st)
    [Anonymous Symbol]                       0x20200024   Section        0  inv_mpu.o(.data.st)
    LED_Flash.temp                           0x20200050   Data           2  led.o(.bss.LED_Flash.temp)
    [Anonymous Symbol]                       0x20200050   Section        0  led.o(.bss.LED_Flash.temp)
    dmp.0                                    0x20200074   Data           4  inv_mpu_dmp_motion_driver.o(.bss.dmp.0)
    [Anonymous Symbol]                       0x20200074   Section        0  inv_mpu_dmp_motion_driver.o(.bss.dmp.0)
    dmp.1                                    0x20200078   Data           4  inv_mpu_dmp_motion_driver.o(.bss.dmp.1)
    [Anonymous Symbol]                       0x20200078   Section        0  inv_mpu_dmp_motion_driver.o(.bss.dmp.1)
    dmp.2                                    0x2020007c   Data           2  inv_mpu_dmp_motion_driver.o(.bss.dmp.2)
    [Anonymous Symbol]                       0x2020007c   Section        0  inv_mpu_dmp_motion_driver.o(.bss.dmp.2)
    dmp.3                                    0x20200080   Data           2  inv_mpu_dmp_motion_driver.o(.bss.dmp.3)
    [Anonymous Symbol]                       0x20200080   Section        0  inv_mpu_dmp_motion_driver.o(.bss.dmp.3)
    dmp.4                                    0x20200084   Data           2  inv_mpu_dmp_motion_driver.o(.bss.dmp.4)
    [Anonymous Symbol]                       0x20200084   Section        0  inv_mpu_dmp_motion_driver.o(.bss.dmp.4)
    dmp.5                                    0x20200086   Data           1  inv_mpu_dmp_motion_driver.o(.bss.dmp.5)
    [Anonymous Symbol]                       0x20200086   Section        0  inv_mpu_dmp_motion_driver.o(.bss.dmp.5)
    STACK                                    0x20200128   Section      256  startup_mspm0g350x_uvision.o(STACK)

    Global Symbols

    Symbol Name                              Value     Ov Type        Size  Object(Section)

    BuildAttributes$$THM_ISAv3M$S$PE$A:L22$X:L11$S22$IEEE1$IW$~IW$USESV6$~STKCKD$USESV7$~SHL$OTIME$ROPI$IEEEX$EBA8$MICROLIB$REQ8$PRES8$EABIv2 0x00000000   Number         0  anon$$obj.o ABSOLUTE
    __Vectors                                0x00000000   Data           4  startup_mspm0g350x_uvision.o(RESET)
    _printf_a                                0x00000000   Number         0  printfstubs.o ABSOLUTE
    _printf_c                                0x00000000   Number         0  printfstubs.o ABSOLUTE
    _printf_charcount                        0x00000000   Number         0  printfstubs.o ABSOLUTE
    _printf_d                                0x00000000   Number         0  printfstubs.o ABSOLUTE
    _printf_e                                0x00000000   Number         0  printfstubs.o ABSOLUTE
    _printf_f                                0x00000000   Number         0  printfstubs.o ABSOLUTE
    _printf_flags                            0x00000000   Number         0  printfstubs.o ABSOLUTE
    _printf_fp_dec                           0x00000000   Number         0  printfstubs.o ABSOLUTE
    _printf_fp_hex                           0x00000000   Number         0  printfstubs.o ABSOLUTE
    _printf_g                                0x00000000   Number         0  printfstubs.o ABSOLUTE
    _printf_i                                0x00000000   Number         0  printfstubs.o ABSOLUTE
    _printf_int_dec                          0x00000000   Number         0  printfstubs.o ABSOLUTE
    _printf_l                                0x00000000   Number         0  printfstubs.o ABSOLUTE
    _printf_lc                               0x00000000   Number         0  printfstubs.o ABSOLUTE
    _printf_ll                               0x00000000   Number         0  printfstubs.o ABSOLUTE
    _printf_lld                              0x00000000   Number         0  printfstubs.o ABSOLUTE
    _printf_lli                              0x00000000   Number         0  printfstubs.o ABSOLUTE
    _printf_llo                              0x00000000   Number         0  printfstubs.o ABSOLUTE
    _printf_llu                              0x00000000   Number         0  printfstubs.o ABSOLUTE
    _printf_llx                              0x00000000   Number         0  printfstubs.o ABSOLUTE
    _printf_longlong_dec                     0x00000000   Number         0  printfstubs.o ABSOLUTE
    _printf_longlong_hex                     0x00000000   Number         0  printfstubs.o ABSOLUTE
    _printf_longlong_oct                     0x00000000   Number         0  printfstubs.o ABSOLUTE
    _printf_ls                               0x00000000   Number         0  printfstubs.o ABSOLUTE
    _printf_mbtowc                           0x00000000   Number         0  printfstubs.o ABSOLUTE
    _printf_n                                0x00000000   Number         0  printfstubs.o ABSOLUTE
    _printf_o                                0x00000000   Number         0  printfstubs.o ABSOLUTE
    _printf_p                                0x00000000   Number         0  printfstubs.o ABSOLUTE
    _printf_percent                          0x00000000   Number         0  printfstubs.o ABSOLUTE
    _printf_pre_padding                      0x00000000   Number         0  printfstubs.o ABSOLUTE
    _printf_return_value                     0x00000000   Number         0  printfstubs.o ABSOLUTE
    _printf_s                                0x00000000   Number         0  printfstubs.o ABSOLUTE
    _printf_sizespec                         0x00000000   Number         0  printfstubs.o ABSOLUTE
    _printf_str                              0x00000000   Number         0  printfstubs.o ABSOLUTE
    _printf_truncate_signed                  0x00000000   Number         0  printfstubs.o ABSOLUTE
    _printf_truncate_unsigned                0x00000000   Number         0  printfstubs.o ABSOLUTE
    _printf_u                                0x00000000   Number         0  printfstubs.o ABSOLUTE
    _printf_wc                               0x00000000   Number         0  printfstubs.o ABSOLUTE
    _printf_wctomb                           0x00000000   Number         0  printfstubs.o ABSOLUTE
    _printf_widthprec                        0x00000000   Number         0  printfstubs.o ABSOLUTE
    _printf_x                                0x00000000   Number         0  printfstubs.o ABSOLUTE
    __cpp_initialize__aeabi_                  - Undefined Weak Reference
    __cxa_finalize                            - Undefined Weak Reference
    __decompress                              - Undefined Weak Reference
    _clock_init                               - Undefined Weak Reference
    _microlib_exit                            - Undefined Weak Reference
    __Vectors_End                            0x000000c0   Data           0  startup_mspm0g350x_uvision.o(RESET)
    __Vectors_Size                           0x000000c0   Number         0  startup_mspm0g350x_uvision.o ABSOLUTE
    __main                                   0x000000c1   Thumb Code     0  entry.o(.ARM.Collect$$$$00000000)
    _main_stk                                0x000000c1   Thumb Code     0  entry2.o(.ARM.Collect$$$$00000001)
    _main_scatterload                        0x000000c5   Thumb Code     0  entry5.o(.ARM.Collect$$$$00000004)
    __main_after_scatterload                 0x000000c9   Thumb Code     0  entry5.o(.ARM.Collect$$$$00000004)
    _main_clock                              0x000000c9   Thumb Code     0  entry7b.o(.ARM.Collect$$$$00000008)
    _main_cpp_init                           0x000000c9   Thumb Code     0  entry8b.o(.ARM.Collect$$$$0000000A)
    _main_init                               0x000000c9   Thumb Code     0  entry9a.o(.ARM.Collect$$$$0000000B)
    __rt_final_cpp                           0x000000d1   Thumb Code     0  entry10a.o(.ARM.Collect$$$$0000000D)
    __rt_final_exit                          0x000000d1   Thumb Code     0  entry11a.o(.ARM.Collect$$$$0000000F)
    Reset_Handler                            0x000000d5   Thumb Code     4  startup_mspm0g350x_uvision.o(.text)
    NMI_Handler                              0x000000d9   Thumb Code     2  startup_mspm0g350x_uvision.o(.text)
    HardFault_Handler                        0x000000db   Thumb Code     2  startup_mspm0g350x_uvision.o(.text)
    SVC_Handler                              0x000000dd   Thumb Code     2  startup_mspm0g350x_uvision.o(.text)
    PendSV_Handler                           0x000000df   Thumb Code     2  startup_mspm0g350x_uvision.o(.text)
    SysTick_Handler                          0x000000e1   Thumb Code     2  startup_mspm0g350x_uvision.o(.text)
    ADC0_IRQHandler                          0x000000e3   Thumb Code     0  startup_mspm0g350x_uvision.o(.text)
    ADC1_IRQHandler                          0x000000e3   Thumb Code     0  startup_mspm0g350x_uvision.o(.text)
    AES_IRQHandler                           0x000000e3   Thumb Code     0  startup_mspm0g350x_uvision.o(.text)
    CANFD0_IRQHandler                        0x000000e3   Thumb Code     0  startup_mspm0g350x_uvision.o(.text)
    DAC0_IRQHandler                          0x000000e3   Thumb Code     0  startup_mspm0g350x_uvision.o(.text)
    DMA_IRQHandler                           0x000000e3   Thumb Code     0  startup_mspm0g350x_uvision.o(.text)
    Default_Handler                          0x000000e3   Thumb Code     2  startup_mspm0g350x_uvision.o(.text)
    GROUP0_IRQHandler                        0x000000e3   Thumb Code     0  startup_mspm0g350x_uvision.o(.text)
    GROUP1_IRQHandler                        0x000000e3   Thumb Code     0  startup_mspm0g350x_uvision.o(.text)
    I2C0_IRQHandler                          0x000000e3   Thumb Code     0  startup_mspm0g350x_uvision.o(.text)
    I2C1_IRQHandler                          0x000000e3   Thumb Code     0  startup_mspm0g350x_uvision.o(.text)
    RTC_IRQHandler                           0x000000e3   Thumb Code     0  startup_mspm0g350x_uvision.o(.text)
    SPI0_IRQHandler                          0x000000e3   Thumb Code     0  startup_mspm0g350x_uvision.o(.text)
    SPI1_IRQHandler                          0x000000e3   Thumb Code     0  startup_mspm0g350x_uvision.o(.text)
    TIMA0_IRQHandler                         0x000000e3   Thumb Code     0  startup_mspm0g350x_uvision.o(.text)
    TIMA1_IRQHandler                         0x000000e3   Thumb Code     0  startup_mspm0g350x_uvision.o(.text)
    TIMG0_IRQHandler                         0x000000e3   Thumb Code     0  startup_mspm0g350x_uvision.o(.text)
    TIMG12_IRQHandler                        0x000000e3   Thumb Code     0  startup_mspm0g350x_uvision.o(.text)
    TIMG6_IRQHandler                         0x000000e3   Thumb Code     0  startup_mspm0g350x_uvision.o(.text)
    TIMG7_IRQHandler                         0x000000e3   Thumb Code     0  startup_mspm0g350x_uvision.o(.text)
    TIMG8_IRQHandler                         0x000000e3   Thumb Code     0  startup_mspm0g350x_uvision.o(.text)
    UART1_IRQHandler                         0x000000e3   Thumb Code     0  startup_mspm0g350x_uvision.o(.text)
    UART2_IRQHandler                         0x000000e3   Thumb Code     0  startup_mspm0g350x_uvision.o(.text)
    UART3_IRQHandler                         0x000000e3   Thumb Code     0  startup_mspm0g350x_uvision.o(.text)
    __aeabi_ldivmod                          0x000000e9   Thumb Code    76  ldiv.o(.text)
    __aeabi_lmul                             0x00000135   Thumb Code    48  llmul.o(.text)
    _ll_mul                                  0x00000135   Thumb Code     0  llmul.o(.text)
    memcmp                                   0x00000165   Thumb Code    26  memcmp.o(.text)
    __aeabi_fadd                             0x0000017f   Thumb Code   162  fadd.o(.text)
    __aeabi_fsub                             0x00000221   Thumb Code     8  fadd.o(.text)
    __aeabi_frsub                            0x00000229   Thumb Code     8  fadd.o(.text)
    __aeabi_fmul                             0x00000231   Thumb Code   122  fmul.o(.text)
    __aeabi_fdiv                             0x000002ab   Thumb Code   124  fdiv.o(.text)
    __aeabi_dadd                             0x00000329   Thumb Code   328  dadd.o(.text)
    __aeabi_dsub                             0x00000471   Thumb Code    12  dadd.o(.text)
    __aeabi_drsub                            0x0000047d   Thumb Code    12  dadd.o(.text)
    __aeabi_dmul                             0x0000048d   Thumb Code   202  dmul.o(.text)
    __aeabi_fcmple                           0x0000055d   Thumb Code    28  fcmple.o(.text)
    __aeabi_fcmplt                           0x00000579   Thumb Code    28  fcmplt.o(.text)
    __aeabi_fcmpgt                           0x00000595   Thumb Code    28  fcmpgt.o(.text)
    __aeabi_fcmpeq                           0x000005b1   Thumb Code    28  fcmpeq.o(.text)
    __aeabi_i2f                              0x000005cd   Thumb Code    22  fflti.o(.text)
    __aeabi_ui2f                             0x000005e3   Thumb Code    14  ffltui.o(.text)
    __aeabi_f2iz                             0x000005f1   Thumb Code    50  ffixi.o(.text)
    __aeabi_f2d                              0x00000623   Thumb Code    40  f2d.o(.text)
    __aeabi_d2f                              0x0000064b   Thumb Code    56  d2f.o(.text)
    __aeabi_uidiv                            0x00000683   Thumb Code     0  uidiv_div0.o(.text)
    __aeabi_uidivmod                         0x00000683   Thumb Code    62  uidiv_div0.o(.text)
    __aeabi_uldivmod                         0x000006c1   Thumb Code    96  uldiv.o(.text)
    __aeabi_llsl                             0x00000721   Thumb Code    32  llshl.o(.text)
    _ll_shift_l                              0x00000721   Thumb Code     0  llshl.o(.text)
    __aeabi_lasr                             0x00000741   Thumb Code    38  llsshr.o(.text)
    _ll_sshift_r                             0x00000741   Thumb Code     0  llsshr.o(.text)
    __I$use$fp                               0x00000767   Thumb Code     0  iusefp.o(.text)
    _float_round                             0x00000767   Thumb Code    16  fepilogue.o(.text)
    _float_epilogue                          0x00000777   Thumb Code   114  fepilogue.o(.text)
    _double_round                            0x000007e9   Thumb Code    26  depilogue.o(.text)
    _double_epilogue                         0x00000803   Thumb Code   164  depilogue.o(.text)
    __aeabi_ddiv                             0x000008a9   Thumb Code   234  ddiv.o(.text)
    __ARM_scalbn                             0x00000999   Thumb Code    44  dscalb.o(.text)
    scalbn                                   0x00000999   Thumb Code     0  dscalb.o(.text)
    __aeabi_d2ulz                            0x000009c5   Thumb Code    54  dfixul.o(.text)
    __aeabi_cdcmpeq                          0x00000a05   Thumb Code     0  cdcmple.o(.text)
    __aeabi_cdcmple                          0x00000a05   Thumb Code    38  cdcmple.o(.text)
    __aeabi_cdrcmple                         0x00000a2d   Thumb Code    38  cdrcmple.o(.text)
    __scatterload                            0x00000a59   Thumb Code    38  init.o(.text)
    __scatterload_rt2                        0x00000a59   Thumb Code     0  init.o(.text)
    __aeabi_llsr                             0x00000a89   Thumb Code    34  llushr.o(.text)
    _ll_ushift_r                             0x00000a89   Thumb Code     0  llushr.o(.text)
    _dsqrt                                   0x00000aab   Thumb Code   162  dsqrt.o(.text)
    DL_Common_delayCycles                    0x00000b4d   Thumb Code    10  dl_common.o(.text.DL_Common_delayCycles)
    DL_I2C_fillControllerTXFIFO              0x00000b57   Thumb Code   128  dl_i2c.o(.text.DL_I2C_fillControllerTXFIFO)
    DL_I2C_flushControllerTXFIFO             0x00000bd9   Thumb Code    64  dl_i2c.o(.text.DL_I2C_flushControllerTXFIFO)
    DL_I2C_setClockConfig                    0x00000c1d   Thumb Code    38  dl_i2c.o(.text.DL_I2C_setClockConfig)
    DL_SYSCTL_configSYSPLL                   0x00000c45   Thumb Code   196  dl_sysctl_mspm0g1x0x_g3x0x.o(.text.DL_SYSCTL_configSYSPLL)
    DL_SYSCTL_switchMCLKfromSYSOSCtoHSCLK    0x00000d09   Thumb Code    40  dl_sysctl_mspm0g1x0x_g3x0x.o(.text.DL_SYSCTL_switchMCLKfromSYSOSCtoHSCLK)
    DL_UART_init                             0x00000d31   Thumb Code    64  dl_uart.o(.text.DL_UART_init)
    DL_UART_setClockConfig                   0x00000d79   Thumb Code    18  dl_uart.o(.text.DL_UART_setClockConfig)
    DMP_Init                                 0x00000d8d   Thumb Code   360  mpu6050.o(.text.DMP_Init)
    LED_Flash                                0x000010dd   Thumb Code    44  led.o(.text.LED_Flash)
    MPU6050_initialize                       0x0000110d   Thumb Code   328  mpu6050.o(.text.MPU6050_initialize)
    Read_DMP                                 0x00001265   Thumb Code   460  mpu6050.o(.text.Read_DMP)
    SYSCFG_DL_GPIO_init                      0x00001461   Thumb Code    48  ti_msp_dl_config.o(.text.SYSCFG_DL_GPIO_init)
    SYSCFG_DL_I2C_0_init                     0x000014a1   Thumb Code    72  ti_msp_dl_config.o(.text.SYSCFG_DL_I2C_0_init)
    SYSCFG_DL_SYSCTL_init                    0x000014f5   Thumb Code    88  ti_msp_dl_config.o(.text.SYSCFG_DL_SYSCTL_init)
    SYSCFG_DL_SYSTICK_init                   0x00001559   Thumb Code    24  ti_msp_dl_config.o(.text.SYSCFG_DL_SYSTICK_init)
    SYSCFG_DL_UART_0_init                    0x00001575   Thumb Code    84  ti_msp_dl_config.o(.text.SYSCFG_DL_UART_0_init)
    SYSCFG_DL_init                           0x000015e1   Thumb Code    28  ti_msp_dl_config.o(.text.SYSCFG_DL_init)
    SYSCFG_DL_initPower                      0x000015fd   Thumb Code    40  ti_msp_dl_config.o(.text.SYSCFG_DL_initPower)
    UART0_IRQHandler                         0x0000163d   Thumb Code    76  board.o(.text.UART0_IRQHandler)
    delay_ms                                 0x0000169d   Thumb Code   240  board.o(.text.delay_ms)
    dmp_enable_feature                       0x00001799   Thumb Code   604  inv_mpu_dmp_motion_driver.o(.text.dmp_enable_feature)
    dmp_load_motion_driver_firmware          0x00001a1d   Thumb Code    20  inv_mpu_dmp_motion_driver.o(.text.dmp_load_motion_driver_firmware)
    dmp_read_fifo                            0x00001a39   Thumb Code   416  inv_mpu_dmp_motion_driver.o(.text.dmp_read_fifo)
    dmp_set_accel_bias                       0x00001be9   Thumb Code   196  inv_mpu_dmp_motion_driver.o(.text.dmp_set_accel_bias)
    dmp_set_fifo_rate                        0x00001cad   Thumb Code    84  inv_mpu_dmp_motion_driver.o(.text.dmp_set_fifo_rate)
    dmp_set_gyro_bias                        0x00001d19   Thumb Code   228  inv_mpu_dmp_motion_driver.o(.text.dmp_set_gyro_bias)
    dmp_set_orientation                      0x00001e01   Thumb Code   192  inv_mpu_dmp_motion_driver.o(.text.dmp_set_orientation)
    dmp_set_tap_thresh                       0x00001ed9   Thumb Code   288  inv_mpu_dmp_motion_driver.o(.text.dmp_set_tap_thresh)
    fputc                                    0x0000200d   Thumb Code    32  board.o(.text.fputc)
    main                                     0x000023dd   Thumb Code    92  empty.o(.text.main)
    mpu6050_i2c_sda_unlock                   0x00002471   Thumb Code   112  bsp_iic.o(.text.mpu6050_i2c_sda_unlock)
    mpu_configure_fifo                       0x000024fd   Thumb Code   176  inv_mpu.o(.text.mpu_configure_fifo)
    mpu_get_accel_fsr                        0x000025b1   Thumb Code    40  inv_mpu.o(.text.mpu_get_accel_fsr)
    mpu_get_accel_sens                       0x000025e1   Thumb Code    44  inv_mpu.o(.text.mpu_get_accel_sens)
    mpu_get_gyro_sens                        0x00002621   Thumb Code    52  inv_mpu.o(.text.mpu_get_gyro_sens)
    mpu_init                                 0x00002665   Thumb Code   416  inv_mpu.o(.text.mpu_init)
    mpu_load_firmware                        0x0000285d   Thumb Code   372  inv_mpu.o(.text.mpu_load_firmware)
    mpu_lp_accel_mode                        0x000029d5   Thumb Code   612  inv_mpu.o(.text.mpu_lp_accel_mode)
    mpu_read_fifo_stream                     0x00002c41   Thumb Code   200  inv_mpu.o(.text.mpu_read_fifo_stream)
    mpu_reset_fifo                           0x00002d11   Thumb Code   412  inv_mpu.o(.text.mpu_reset_fifo)
    mpu_run_self_test                        0x00002eb5   Thumb Code  2100  inv_mpu.o(.text.mpu_run_self_test)
    mpu_set_accel_fsr                        0x00003719   Thumb Code   132  inv_mpu.o(.text.mpu_set_accel_fsr)
    mpu_set_bypass                           0x0000379d   Thumb Code   300  inv_mpu.o(.text.mpu_set_bypass)
    mpu_set_dmp_state                        0x000038cd   Thumb Code   252  inv_mpu.o(.text.mpu_set_dmp_state)
    mpu_set_lpf                              0x000039cd   Thumb Code   120  inv_mpu.o(.text.mpu_set_lpf)
    mpu_set_sample_rate                      0x00003a4d   Thumb Code   240  inv_mpu.o(.text.mpu_set_sample_rate)
    mpu_set_sensors                          0x00003b45   Thumb Code   244  inv_mpu.o(.text.mpu_set_sensors)
    mpu_write_mem                            0x00003c41   Thumb Code   120  inv_mpu.o(.text.mpu_write_mem)
    mspm0_i2c_read                           0x00003cc1   Thumb Code   228  bsp_iic.o(.text.mspm0_i2c_read)
    myget_ms                                 0x00003db9   Thumb Code     2  inv_mpu.o(.text.myget_ms)
    __0printf                                0x00003dbd   Thumb Code    24  printfa.o(i.__0printf)
    __1printf                                0x00003dbd   Thumb Code     0  printfa.o(i.__0printf)
    __2printf                                0x00003dbd   Thumb Code     0  printfa.o(i.__0printf)
    __c89printf                              0x00003dbd   Thumb Code     0  printfa.o(i.__0printf)
    printf                                   0x00003dbd   Thumb Code     0  printfa.o(i.__0printf)
    __ARM_clz                                0x00003ddd   Thumb Code    46  depilogue.o(i.__ARM_clz)
    __ARM_fpclassify                         0x00003e0d   Thumb Code    40  fpclassify.o(i.__ARM_fpclassify)
    __kernel_poly                            0x00003e39   Thumb Code   172  poly.o(i.__kernel_poly)
    __mathlib_dbl_infnan                     0x00003ee5   Thumb Code    10  dunder.o(i.__mathlib_dbl_infnan)
    __mathlib_dbl_infnan2                    0x00003eef   Thumb Code     8  dunder.o(i.__mathlib_dbl_infnan2)
    __mathlib_dbl_invalid                    0x00003ef7   Thumb Code    16  dunder.o(i.__mathlib_dbl_invalid)
    __mathlib_dbl_underflow                  0x00003f09   Thumb Code    14  dunder.o(i.__mathlib_dbl_underflow)
    __scatterload_copy                       0x00003f21   Thumb Code    14  handlers.o(i.__scatterload_copy)
    __scatterload_null                       0x00003f31   Thumb Code     2  handlers.o(i.__scatterload_null)
    __scatterload_zeroinit                   0x00003f39   Thumb Code    14  handlers.o(i.__scatterload_zeroinit)
    __set_errno                              0x00003f49   Thumb Code     6  errno.o(i.__set_errno)
    asin                                     0x00004801   Thumb Code   574  asin.o(i.asin)
    atan                                     0x00004a75   Thumb Code   472  atan.o(i.atan)
    atan2                                    0x00004c91   Thumb Code   372  atan2.o(i.atan2)
    puts                                     0x00004e2d   Thumb Code    28  puts.o(i.puts)
    sqrt                                     0x00004e4d   Thumb Code    66  sqrt.o(i.sqrt)
    __mathlib_zero                           0x00004f80   Data           8  qnan.o(.constdata)
    hw                                       0x00005bc4   Data          12  inv_mpu.o(.rodata.hw)
    reg                                      0x00005bd0   Data          27  inv_mpu.o(.rodata.reg)
    test                                     0x00005ce8   Data          40  inv_mpu.o(.rodata.test)
    Region$$Table$$Base                      0x00005d10   Number         0  anon$$obj.o(Region$$Table)
    Region$$Table$$Limit                     0x00005d30   Number         0  anon$$obj.o(Region$$Table)
    __stdout                                 0x20200000   Data           4  stdout.o(.data)
    User_sIICDev                             0x20200008   Data          24  bsp_iic.o(.data.User_sIICDev)
    q0                                       0x20200020   Data           4  mpu6050.o(.data.q0)
    Pitch                                    0x20200054   Data           4  mpu6050.o(.bss.Pitch)
    Roll                                     0x20200058   Data           4  mpu6050.o(.bss.Roll)
    Yaw                                      0x2020005c   Data           4  mpu6050.o(.bss.Yaw)
    accel                                    0x20200060   Data           6  mpu6050.o(.bss.accel)
    buffer                                   0x20200066   Data          14  mpu6050.o(.bss.buffer)
    gyro                                     0x20200088   Data           6  mpu6050.o(.bss.gyro)
    q1                                       0x20200090   Data           4  mpu6050.o(.bss.q1)
    q2                                       0x20200094   Data           4  mpu6050.o(.bss.q2)
    q3                                       0x20200098   Data           4  mpu6050.o(.bss.q3)
    recv0_buff                               0x2020009c   Data         128  board.o(.bss.recv0_buff)
    recv0_flag                               0x2020011c   Data           1  board.o(.bss.recv0_flag)
    recv0_length                             0x2020011e   Data           2  board.o(.bss.recv0_length)
    sensors                                  0x20200120   Data           2  mpu6050.o(.bss.sensors)
    __initial_sp                             0x20200228   Data           0  startup_mspm0g350x_uvision.o(STACK)



==============================================================================

Memory Map of the image

  Image Entry point : 0x000000c1

  Load Region LR_IROM1 (Base: 0x00000000, Size: 0x00005d80, Max: 0x00020000, ABSOLUTE)

    Execution Region ER_IROM1 (Exec base: 0x00000000, Load base: 0x00000000, Size: 0x00005d30, Max: 0x00020000, ABSOLUTE)

    Exec Addr    Load Addr    Size         Type   Attr      Idx    E Section Name        Object

    0x00000000   0x00000000   0x000000c0   Data   RO           12    RESET               startup_mspm0g350x_uvision.o
    0x000000c0   0x000000c0   0x00000000   Code   RO         1130  * .ARM.Collect$$$$00000000  mc_p.l(entry.o)
    0x000000c0   0x000000c0   0x00000004   Code   RO         1472    .ARM.Collect$$$$00000001  mc_p.l(entry2.o)
    0x000000c4   0x000000c4   0x00000004   Code   RO         1475    .ARM.Collect$$$$00000004  mc_p.l(entry5.o)
    0x000000c8   0x000000c8   0x00000000   Code   RO         1477    .ARM.Collect$$$$00000008  mc_p.l(entry7b.o)
    0x000000c8   0x000000c8   0x00000000   Code   RO         1479    .ARM.Collect$$$$0000000A  mc_p.l(entry8b.o)
    0x000000c8   0x000000c8   0x00000008   Code   RO         1480    .ARM.Collect$$$$0000000B  mc_p.l(entry9a.o)
    0x000000d0   0x000000d0   0x00000000   Code   RO         1482    .ARM.Collect$$$$0000000D  mc_p.l(entry10a.o)
    0x000000d0   0x000000d0   0x00000000   Code   RO         1484    .ARM.Collect$$$$0000000F  mc_p.l(entry11a.o)
    0x000000d0   0x000000d0   0x00000004   Code   RO         1473    .ARM.Collect$$$$00002712  mc_p.l(entry2.o)
    0x000000d4   0x000000d4   0x00000014   Code   RO           13    .text               startup_mspm0g350x_uvision.o
    0x000000e8   0x000000e8   0x0000004c   Code   RO         1145    .text               mc_p.l(ldiv.o)
    0x00000134   0x00000134   0x00000030   Code   RO         1147    .text               mc_p.l(llmul.o)
    0x00000164   0x00000164   0x0000001a   Code   RO         1151    .text               mc_p.l(memcmp.o)
    0x0000017e   0x0000017e   0x000000b2   Code   RO         1416    .text               mf_p.l(fadd.o)
    0x00000230   0x00000230   0x0000007a   Code   RO         1418    .text               mf_p.l(fmul.o)
    0x000002aa   0x000002aa   0x0000007c   Code   RO         1420    .text               mf_p.l(fdiv.o)
    0x00000326   0x00000326   0x00000002   PAD
    0x00000328   0x00000328   0x00000164   Code   RO         1422    .text               mf_p.l(dadd.o)
    0x0000048c   0x0000048c   0x000000d0   Code   RO         1424    .text               mf_p.l(dmul.o)
    0x0000055c   0x0000055c   0x0000001c   Code   RO         1426    .text               mf_p.l(fcmple.o)
    0x00000578   0x00000578   0x0000001c   Code   RO         1428    .text               mf_p.l(fcmplt.o)
    0x00000594   0x00000594   0x0000001c   Code   RO         1430    .text               mf_p.l(fcmpgt.o)
    0x000005b0   0x000005b0   0x0000001c   Code   RO         1432    .text               mf_p.l(fcmpeq.o)
    0x000005cc   0x000005cc   0x00000016   Code   RO         1434    .text               mf_p.l(fflti.o)
    0x000005e2   0x000005e2   0x0000000e   Code   RO         1436    .text               mf_p.l(ffltui.o)
    0x000005f0   0x000005f0   0x00000032   Code   RO         1438    .text               mf_p.l(ffixi.o)
    0x00000622   0x00000622   0x00000028   Code   RO         1440    .text               mf_p.l(f2d.o)
    0x0000064a   0x0000064a   0x00000038   Code   RO         1442    .text               mf_p.l(d2f.o)
    0x00000682   0x00000682   0x0000003e   Code   RO         1491    .text               mc_p.l(uidiv_div0.o)
    0x000006c0   0x000006c0   0x00000060   Code   RO         1497    .text               mc_p.l(uldiv.o)
    0x00000720   0x00000720   0x00000020   Code   RO         1499    .text               mc_p.l(llshl.o)
    0x00000740   0x00000740   0x00000026   Code   RO         1501    .text               mc_p.l(llsshr.o)
    0x00000766   0x00000766   0x00000000   Code   RO         1510    .text               mc_p.l(iusefp.o)
    0x00000766   0x00000766   0x00000082   Code   RO         1511    .text               mf_p.l(fepilogue.o)
    0x000007e8   0x000007e8   0x000000be   Code   RO         1513    .text               mf_p.l(depilogue.o)
    0x000008a6   0x000008a6   0x00000002   PAD
    0x000008a8   0x000008a8   0x000000f0   Code   RO         1517    .text               mf_p.l(ddiv.o)
    0x00000998   0x00000998   0x0000002c   Code   RO         1519    .text               mf_p.l(dscalb.o)
    0x000009c4   0x000009c4   0x00000040   Code   RO         1521    .text               mf_p.l(dfixul.o)
    0x00000a04   0x00000a04   0x00000028   Code   RO         1523    .text               mf_p.l(cdcmple.o)
    0x00000a2c   0x00000a2c   0x00000028   Code   RO         1525    .text               mf_p.l(cdrcmple.o)
    0x00000a54   0x00000a54   0x00000004   PAD
    0x00000a58   0x00000a58   0x00000030   Code   RO         1527    .text               mc_p.l(init.o)
    0x00000a88   0x00000a88   0x00000022   Code   RO         1529    .text               mc_p.l(llushr.o)
    0x00000aaa   0x00000aaa   0x000000a2   Code   RO         1531    .text               mf_p.l(dsqrt.o)
    0x00000b4c   0x00000b4c   0x0000000a   Code   RO          729    .text.DL_Common_delayCycles  dl_common.o
    0x00000b56   0x00000b56   0x00000080   Code   RO          494    .text.DL_I2C_fillControllerTXFIFO  dl_i2c.o
    0x00000bd6   0x00000bd6   0x00000002   PAD
    0x00000bd8   0x00000bd8   0x00000044   Code   RO          496    .text.DL_I2C_flushControllerTXFIFO  dl_i2c.o
    0x00000c1c   0x00000c1c   0x00000026   Code   RO          490    .text.DL_I2C_setClockConfig  dl_i2c.o
    0x00000c42   0x00000c42   0x00000002   PAD
    0x00000c44   0x00000c44   0x000000c4   Code   RO         1090    .text.DL_SYSCTL_configSYSPLL  driverlib.a(dl_sysctl_mspm0g1x0x_g3x0x.o)
    0x00000d08   0x00000d08   0x00000028   Code   RO         1098    .text.DL_SYSCTL_switchMCLKfromSYSOSCtoHSCLK  driverlib.a(dl_sysctl_mspm0g1x0x_g3x0x.o)
    0x00000d30   0x00000d30   0x00000048   Code   RO           89    .text.DL_UART_init  dl_uart.o
    0x00000d78   0x00000d78   0x00000012   Code   RO           91    .text.DL_UART_setClockConfig  dl_uart.o
    0x00000d8a   0x00000d8a   0x00000002   PAD
    0x00000d8c   0x00000d8c   0x00000208   Code   RO         1058    .text.DMP_Init      mpu6050.o
    0x00000f94   0x00000f94   0x00000004   Code   RO          829    .text.HW_IIC_Master_Receive  bsp_iic.o
    0x00000f98   0x00000f98   0x00000004   Code   RO          827    .text.HW_IIC_Master_Transmit  bsp_iic.o
    0x00000f9c   0x00000f9c   0x00000018   Code   RO          833    .text.HW_IIC_Mem_Read  bsp_iic.o
    0x00000fb4   0x00000fb4   0x00000088   Code   RO          831    .text.HW_IIC_Mem_Write  bsp_iic.o
    0x0000103c   0x0000103c   0x00000008   Code   RO          835    .text.HW_iic_delayms  bsp_iic.o
    0x00001044   0x00001044   0x00000098   Code   RO          825    .text.HW_iic_init   bsp_iic.o
    0x000010dc   0x000010dc   0x00000030   Code   RO          806    .text.LED_Flash     led.o
    0x0000110c   0x0000110c   0x00000158   Code   RO         1056    .text.MPU6050_initialize  mpu6050.o
    0x00001264   0x00001264   0x000001fc   Code   RO         1060    .text.Read_DMP      mpu6050.o
    0x00001460   0x00001460   0x00000040   Code   RO           24    .text.SYSCFG_DL_GPIO_init  ti_msp_dl_config.o
    0x000014a0   0x000014a0   0x00000054   Code   RO           28    .text.SYSCFG_DL_I2C_0_init  ti_msp_dl_config.o
    0x000014f4   0x000014f4   0x00000064   Code   RO           26    .text.SYSCFG_DL_SYSCTL_init  ti_msp_dl_config.o
    0x00001558   0x00001558   0x0000001c   Code   RO           32    .text.SYSCFG_DL_SYSTICK_init  ti_msp_dl_config.o
    0x00001574   0x00001574   0x0000006c   Code   RO           30    .text.SYSCFG_DL_UART_0_init  ti_msp_dl_config.o
    0x000015e0   0x000015e0   0x0000001c   Code   RO           20    .text.SYSCFG_DL_init  ti_msp_dl_config.o
    0x000015fc   0x000015fc   0x00000040   Code   RO           22    .text.SYSCFG_DL_initPower  ti_msp_dl_config.o
    0x0000163c   0x0000163c   0x00000060   Code   RO           62    .text.UART0_IRQHandler  board.o
    0x0000169c   0x0000169c   0x000000fc   Code   RO           48    .text.delay_ms      board.o
    0x00001798   0x00001798   0x00000284   Code   RO          989    .text.dmp_enable_feature  inv_mpu_dmp_motion_driver.o
    0x00001a1c   0x00001a1c   0x0000001c   Code   RO          953    .text.dmp_load_motion_driver_firmware  inv_mpu_dmp_motion_driver.o
    0x00001a38   0x00001a38   0x000001b0   Code   RO         1001    .text.dmp_read_fifo  inv_mpu_dmp_motion_driver.o
    0x00001be8   0x00001be8   0x000000c4   Code   RO          959    .text.dmp_set_accel_bias  inv_mpu_dmp_motion_driver.o
    0x00001cac   0x00001cac   0x0000006c   Code   RO          961    .text.dmp_set_fifo_rate  inv_mpu_dmp_motion_driver.o
    0x00001d18   0x00001d18   0x000000e8   Code   RO          957    .text.dmp_set_gyro_bias  inv_mpu_dmp_motion_driver.o
    0x00001e00   0x00001e00   0x000000d8   Code   RO          955    .text.dmp_set_orientation  inv_mpu_dmp_motion_driver.o
    0x00001ed8   0x00001ed8   0x00000134   Code   RO          965    .text.dmp_set_tap_thresh  inv_mpu_dmp_motion_driver.o
    0x0000200c   0x0000200c   0x00000024   Code   RO           60    .text.fputc         board.o
    0x00002030   0x00002030   0x000003ac   Code   RO          922    .text.get_st_biases  inv_mpu.o
    0x000023dc   0x000023dc   0x00000094   Code   RO            2    .text.main          empty.o
    0x00002470   0x00002470   0x0000008c   Code   RO          819    .text.mpu6050_i2c_sda_unlock  bsp_iic.o
    0x000024fc   0x000024fc   0x000000b4   Code   RO          868    .text.mpu_configure_fifo  inv_mpu.o
    0x000025b0   0x000025b0   0x00000030   Code   RO          892    .text.mpu_get_accel_fsr  inv_mpu.o
    0x000025e0   0x000025e0   0x00000040   Code   RO          904    .text.mpu_get_accel_sens  inv_mpu.o
    0x00002620   0x00002620   0x00000044   Code   RO          902    .text.mpu_get_gyro_sens  inv_mpu.o
    0x00002664   0x00002664   0x000001f8   Code   RO          858    .text.mpu_init      inv_mpu.o
    0x0000285c   0x0000285c   0x00000178   Code   RO          928    .text.mpu_load_firmware  inv_mpu.o
    0x000029d4   0x000029d4   0x0000026c   Code   RO          874    .text.mpu_lp_accel_mode  inv_mpu.o
    0x00002c40   0x00002c40   0x000000d0   Code   RO          914    .text.mpu_read_fifo_stream  inv_mpu.o
    0x00002d10   0x00002d10   0x000001a4   Code   RO          888    .text.mpu_reset_fifo  inv_mpu.o
    0x00002eb4   0x00002eb4   0x00000864   Code   RO          918    .text.mpu_run_self_test  inv_mpu.o
    0x00003718   0x00003718   0x00000084   Code   RO          862    .text.mpu_set_accel_fsr  inv_mpu.o
    0x0000379c   0x0000379c   0x00000130   Code   RO          870    .text.mpu_set_bypass  inv_mpu.o
    0x000038cc   0x000038cc   0x00000100   Code   RO          920    .text.mpu_set_dmp_state  inv_mpu.o
    0x000039cc   0x000039cc   0x00000080   Code   RO          864    .text.mpu_set_lpf   inv_mpu.o
    0x00003a4c   0x00003a4c   0x000000f8   Code   RO          866    .text.mpu_set_sample_rate  inv_mpu.o
    0x00003b44   0x00003b44   0x000000fc   Code   RO          872    .text.mpu_set_sensors  inv_mpu.o
    0x00003c40   0x00003c40   0x00000080   Code   RO          924    .text.mpu_write_mem  inv_mpu.o
    0x00003cc0   0x00003cc0   0x000000f8   Code   RO          823    .text.mspm0_i2c_read  bsp_iic.o
    0x00003db8   0x00003db8   0x00000002   Code   RO          880    .text.myget_ms      inv_mpu.o
    0x00003dba   0x00003dba   0x00000002   PAD
    0x00003dbc   0x00003dbc   0x00000020   Code   RO         1388    i.__0printf         mc_p.l(printfa.o)
    0x00003ddc   0x00003ddc   0x0000002e   Code   RO         1515    i.__ARM_clz         mf_p.l(depilogue.o)
    0x00003e0a   0x00003e0a   0x00000002   PAD
    0x00003e0c   0x00003e0c   0x0000002c   Code   RO         1463    i.__ARM_fpclassify  m_ps.l(fpclassify.o)
    0x00003e38   0x00003e38   0x000000ac   Code   RO         1465    i.__kernel_poly     m_ps.l(poly.o)
    0x00003ee4   0x00003ee4   0x0000000a   Code   RO         1450    i.__mathlib_dbl_infnan  m_ps.l(dunder.o)
    0x00003eee   0x00003eee   0x00000008   Code   RO         1451    i.__mathlib_dbl_infnan2  m_ps.l(dunder.o)
    0x00003ef6   0x00003ef6   0x00000010   Code   RO         1452    i.__mathlib_dbl_invalid  m_ps.l(dunder.o)
    0x00003f06   0x00003f06   0x00000002   PAD
    0x00003f08   0x00003f08   0x00000014   Code   RO         1455    i.__mathlib_dbl_underflow  m_ps.l(dunder.o)
    0x00003f1c   0x00003f1c   0x00000004   PAD
    0x00003f20   0x00003f20   0x0000000e   Code   RO         1535    i.__scatterload_copy  mc_p.l(handlers.o)
    0x00003f2e   0x00003f2e   0x00000002   PAD
    0x00003f30   0x00003f30   0x00000002   Code   RO         1536    i.__scatterload_null  mc_p.l(handlers.o)
    0x00003f32   0x00003f32   0x00000006   PAD
    0x00003f38   0x00003f38   0x0000000e   Code   RO         1537    i.__scatterload_zeroinit  mc_p.l(handlers.o)
    0x00003f46   0x00003f46   0x00000002   PAD
    0x00003f48   0x00003f48   0x0000000c   Code   RO         1505    i.__set_errno       mc_p.l(errno.o)
    0x00003f54   0x00003f54   0x00000174   Code   RO         1395    i._fp_digits        mc_p.l(printfa.o)
    0x000040c8   0x000040c8   0x000006ec   Code   RO         1396    i._printf_core      mc_p.l(printfa.o)
    0x000047b4   0x000047b4   0x00000020   Code   RO         1397    i._printf_post_padding  mc_p.l(printfa.o)
    0x000047d4   0x000047d4   0x0000002c   Code   RO         1398    i._printf_pre_padding  mc_p.l(printfa.o)
    0x00004800   0x00004800   0x00000274   Code   RO         1122    i.asin              m_ps.l(asin.o)
    0x00004a74   0x00004a74   0x0000021c   Code   RO         1445    i.atan              m_ps.l(atan.o)
    0x00004c90   0x00004c90   0x0000019c   Code   RO         1127    i.atan2             m_ps.l(atan2.o)
    0x00004e2c   0x00004e2c   0x00000020   Code   RO         1133    i.puts              mc_p.l(puts.o)
    0x00004e4c   0x00004e4c   0x00000048   Code   RO         1469    i.sqrt              m_ps.l(sqrt.o)
    0x00004e94   0x00004e94   0x00000004   PAD
    0x00004e98   0x00004e98   0x00000050   Data   RO         1123    .constdata          m_ps.l(asin.o)
    0x00004ee8   0x00004ee8   0x00000098   Data   RO         1446    .constdata          m_ps.l(atan.o)
    0x00004f80   0x00004f80   0x00000008   Data   RO         1467    .constdata          m_ps.l(qnan.o)
    0x00004f88   0x00004f88   0x00000003   Data   RO         1009    .rodata..L__const.dmp_set_orientation.accel_axes  inv_mpu_dmp_motion_driver.o
    0x00004f8b   0x00004f8b   0x00000003   Data   RO         1008    .rodata..L__const.dmp_set_orientation.gyro_axes  inv_mpu_dmp_motion_driver.o
    0x00004f8e   0x00004f8e   0x00000008   Data   RO          943    .rodata.cst8        inv_mpu.o
    0x00004f96   0x00004f96   0x00000bf6   Data   RO         1007    .rodata.dmp_memory  inv_mpu_dmp_motion_driver.o
    0x00005b8c   0x00005b8c   0x00000002   Data   RO           35    .rodata.gI2C_0ClockConfig  ti_msp_dl_config.o
    0x00005b8e   0x00005b8e   0x00000002   PAD
    0x00005b90   0x00005b90   0x00000028   Data   RO           34    .rodata.gSYSPLLConfig  ti_msp_dl_config.o
    0x00005bb8   0x00005bb8   0x00000002   Data   RO           36    .rodata.gUART_0ClockConfig  ti_msp_dl_config.o
    0x00005bba   0x00005bba   0x0000000a   Data   RO           37    .rodata.gUART_0Config  ti_msp_dl_config.o
    0x00005bc4   0x00005bc4   0x0000000c   Data   RO          938    .rodata.hw          inv_mpu.o
    0x00005bd0   0x00005bd0   0x0000001b   Data   RO          939    .rodata.reg         inv_mpu.o
    0x00005beb   0x00005beb   0x0000004d   Data   RO          942    .rodata.str1.1      inv_mpu.o
    0x00005c38   0x00005c38   0x000000af   Data   RO         1081    .rodata.str1.1      mpu6050.o
    0x00005ce7   0x00005ce7   0x00000001   PAD
    0x00005ce8   0x00005ce8   0x00000028   Data   RO          940    .rodata.test        inv_mpu.o
    0x00005d10   0x00005d10   0x00000020   Data   RO         1534    Region$$Table       anon$$obj.o


    Execution Region RW_IRAM2 (Exec base: 0x20200000, Load base: 0x00005d30, Size: 0x00000228, Max: 0x00008000, ABSOLUTE)

    Exec Addr    Load Addr    Size         Type   Attr      Idx    E Section Name        Object

    0x20200000   0x00005d30   0x00000004   Data   RW         1486    .data               mc_p.l(stdout.o)
    0x20200004   0x00005d34   0x00000004   Data   RW         1506    .data               mc_p.l(errno.o)
    0x20200008   0x00005d38   0x00000018   Data   RW          837    .data.User_sIICDev  bsp_iic.o
    0x20200020   0x00005d50   0x00000004   Data   RW         1064    .data.q0            mpu6050.o
    0x20200024   0x00005d54   0x0000002c   Data   RW          941    .data.st            inv_mpu.o
    0x20200050        -       0x00000002   Zero   RW          808    .bss.LED_Flash.temp  led.o
    0x20200052   0x00005d80   0x00000002   PAD
    0x20200054        -       0x00000004   Zero   RW         1079    .bss.Pitch          mpu6050.o
    0x20200058        -       0x00000004   Zero   RW         1078    .bss.Roll           mpu6050.o
    0x2020005c        -       0x00000004   Zero   RW         1080    .bss.Yaw            mpu6050.o
    0x20200060        -       0x00000006   Zero   RW         1076    .bss.accel          mpu6050.o
    0x20200066        -       0x0000000e   Zero   RW         1074    .bss.buffer         mpu6050.o
    0x20200074        -       0x00000004   Zero   RW         1010    .bss.dmp.0          inv_mpu_dmp_motion_driver.o
    0x20200078        -       0x00000004   Zero   RW         1011    .bss.dmp.1          inv_mpu_dmp_motion_driver.o
    0x2020007c        -       0x00000002   Zero   RW         1012    .bss.dmp.2          inv_mpu_dmp_motion_driver.o
    0x2020007e   0x00005d80   0x00000002   PAD
    0x20200080        -       0x00000002   Zero   RW         1013    .bss.dmp.3          inv_mpu_dmp_motion_driver.o
    0x20200082   0x00005d80   0x00000002   PAD
    0x20200084        -       0x00000002   Zero   RW         1014    .bss.dmp.4          inv_mpu_dmp_motion_driver.o
    0x20200086        -       0x00000001   Zero   RW         1015    .bss.dmp.5          inv_mpu_dmp_motion_driver.o
    0x20200087   0x00005d80   0x00000001   PAD
    0x20200088        -       0x00000006   Zero   RW         1075    .bss.gyro           mpu6050.o
    0x2020008e   0x00005d80   0x00000002   PAD
    0x20200090        -       0x00000004   Zero   RW         1065    .bss.q1             mpu6050.o
    0x20200094        -       0x00000004   Zero   RW         1066    .bss.q2             mpu6050.o
    0x20200098        -       0x00000004   Zero   RW         1067    .bss.q3             mpu6050.o
    0x2020009c        -       0x00000080   Zero   RW           64    .bss.recv0_buff     board.o
    0x2020011c        -       0x00000001   Zero   RW           66    .bss.recv0_flag     board.o
    0x2020011d   0x00005d80   0x00000001   PAD
    0x2020011e        -       0x00000002   Zero   RW           65    .bss.recv0_length   board.o
    0x20200120        -       0x00000002   Zero   RW         1077    .bss.sensors        mpu6050.o
    0x20200122   0x00005d80   0x00000006   PAD
    0x20200128        -       0x00000100   Zero   RW           10    STACK               startup_mspm0g350x_uvision.o



  Load Region LR_BCR (Base: 0x41c00000, Size: 0x00000000, Max: 0x00000100, ABSOLUTE)

    Execution Region BCR_CONFIG (Exec base: 0x41c00000, Load base: 0x41c00000, Size: 0x00000000, Max: 0x00000080, ABSOLUTE)

    **** No section assigned to this execution region ****



  Load Region LR_BSL (Base: 0x41c00100, Size: 0x00000000, Max: 0x00000100, ABSOLUTE)

    Execution Region BSL_CONFIG (Exec base: 0x41c00100, Load base: 0x41c00100, Size: 0x00000000, Max: 0x00000080, ABSOLUTE)

    **** No section assigned to this execution region ****


==============================================================================

Image component sizes


      Code (inc. data)   RO Data    RW Data    ZI Data      Debug   Object Name

       384         36          0          0        131       9250   board.o
       716        104          0         24          0      17029   bsp_iic.o
        10          0          0          0          0        572   dl_common.o
       234          4          0          0          0       9456   dl_i2c.o
        90          8          0          0          0      14491   dl_uart.o
       148         56          0          0          0       2182   empty.o
      7026        368        164         44          0      39373   inv_mpu.o
      2164        144       3068          0         15      11811   inv_mpu_dmp_motion_driver.o
        48          4          0          0          2       4167   led.o
      1372        224        175          4         52      21355   mpu6050.o
        20          4        192          0        256        620   startup_mspm0g350x_uvision.o
       476         92         54          0          0      26212   ti_msp_dl_config.o

    ----------------------------------------------------------------------
     12696       1044       3688         72        472     156518   Object Totals
         0          0         32          0          0          0   (incl. Generated)
         8          0          3          0         16          0   (incl. Padding)

    ----------------------------------------------------------------------

      Code (inc. data)   RO Data    RW Data    ZI Data      Debug   Library Member Name

       236         24          0          0          0      18490   dl_sysctl_mspm0g1x0x_g3x0x.o
       628         54         80          0          0        104   asin.o
       540         68        152          0          0        112   atan.o
       412         40          0          0          0        144   atan2.o
        54          6          0          0          0        272   dunder.o
        44          4          0          0          0         60   fpclassify.o
       172          0          0          0          0         76   poly.o
         0          0          8          0          0          0   qnan.o
        72          6          0          0          0         76   sqrt.o
         0          0          0          0          0          0   entry.o
         0          0          0          0          0          0   entry10a.o
         0          0          0          0          0          0   entry11a.o
         8          4          0          0          0          0   entry2.o
         4          0          0          0          0          0   entry5.o
         0          0          0          0          0          0   entry7b.o
         0          0          0          0          0          0   entry8b.o
         8          4          0          0          0          0   entry9a.o
        12          6          0          4          0         60   errno.o
        30          0          0          0          0          0   handlers.o
        48         10          0          0          0         68   init.o
         0          0          0          0          0          0   iusefp.o
        76          0          0          0          0         76   ldiv.o
        48          0          0          0          0         72   llmul.o
        32          0          0          0          0         68   llshl.o
        38          0          0          0          0         68   llsshr.o
        34          0          0          0          0         68   llushr.o
        26          0          0          0          0         72   memcmp.o
      2252         98          0          0          0        412   printfa.o
        32          4          0          0          0         68   puts.o
         0          0          0          4          0          0   stdout.o
        62          0          0          0          0         72   uidiv_div0.o
        96          0          0          0          0         84   uldiv.o
        40          2          0          0          0         68   cdcmple.o
        40          2          0          0          0         68   cdrcmple.o
        56          0          0          0          0         68   d2f.o
       356          4          0          0          0        140   dadd.o
       240          6          0          0          0         84   ddiv.o
       236          0          0          0          0        216   depilogue.o
        64         10          0          0          0         68   dfixul.o
       208          6          0          0          0         88   dmul.o
        44          0          0          0          0         72   dscalb.o
       162          0          0          0          0         80   dsqrt.o
        40          0          0          0          0         60   f2d.o
       178          0          0          0          0        108   fadd.o
        28          0          0          0          0         60   fcmpeq.o
        28          0          0          0          0         60   fcmpgt.o
        28          0          0          0          0         60   fcmple.o
        28          0          0          0          0         60   fcmplt.o
       124          0          0          0          0         72   fdiv.o
       130          0          0          0          0        144   fepilogue.o
        50          0          0          0          0         60   ffixi.o
        22          0          0          0          0         68   fflti.o
        14          0          0          0          0         68   ffltui.o
       122          0          0          0          0         72   fmul.o

    ----------------------------------------------------------------------
      7232        370        240          8          0      22366   Library Totals
        30         12          0          0          0          0   (incl. Padding)

    ----------------------------------------------------------------------

      Code (inc. data)   RO Data    RW Data    ZI Data      Debug   Library Name

       236         24          0          0          0      18490   driverlib.a
      1922        178        240          0          0        844   m_ps.l
      2806        126          0          8          0       1188   mc_p.l
      2238         30          0          0          0       1844   mf_p.l

    ----------------------------------------------------------------------
      7232        370        240          8          0      22366   Library Totals

    ----------------------------------------------------------------------

==============================================================================


      Code (inc. data)   RO Data    RW Data    ZI Data      Debug   

     19928       1414       3928         80        472     176776   Grand Totals
     19928       1414       3928         80        472     176776   ELF Image Totals
     19928       1414       3928         80          0          0   ROM Totals

==============================================================================

    Total RO  Size (Code + RO Data)                23856 (  23.30kB)
    Total RW  Size (RW Data + ZI Data)               552 (   0.54kB)
    Total ROM Size (Code + RO Data + RW Data)      23936 (  23.38kB)

==============================================================================

