<html>
<body>
<pre>
<h1>µVision Build Log</h1>
<h2>Tool Versions:</h2>
IDE-Version: ¦ÌVision V5.39.0.0
Copyright (C) 2023 ARM Ltd and ARM Germany GmbH. All rights reserved.
License Information: manba man, fffffff, LIC=IK1BF-6Y3R7-CXQU6-DU1PR-6YJSL-ZDVC8
 
Tool Versions:
Toolchain:       MDK-ARM Plus  Version: 5.39.0.0
Toolchain Path:  D:\keil5\ARM\ARMCLANG\Bin
C Compiler:      ArmClang.exe V6.21
Assembler:       Armasm.exe V6.21
Linker/Locator:  ArmLink.exe V6.21
Library Manager: ArmAr.exe V6.21
Hex Converter:   FromElf.exe V6.21
CPU DLL:         SARMCM3.DLL V5.39.0.0
Dialog DLL:      DARMCM1.DLL V1.19.6.0
Target DLL:      CMSIS_AGDI.dll V1.33.16.0
Dialog DLL:      TARMCM1.DLL V1.14.6.0
 
<h2>Project:</h2>
D:\PerpareCode\M0MSP\K230_MSPM0\keil\empty_LP_MSPM0G3507_nortos_keil.uvprojx
Project File Date:  07/26/2025

<h2>Output:</h2>
*** Using Compiler 'V6.21', folder: 'D:\keil5\ARM\ARMCLANG\Bin'
Build target 'MSPM0G3507_Project'
Before Build - User command #1: cmd.exe /C "D:\PerpareCode\M0MSP\K230_MSPM0\keil\../tools/keil/syscfg.bat 'D:\PerpareCode\M0MSP\K230_MSPM0\keil\' empty.syscfg"
Using Sysconfig Tool from "C:\ti\sysconfig_1.20.0\sysconfig_cli.bat"
"Update the file located at <sdk path>/tools/keil/syscfg.bat to use a different version"
"Couldn't find .metadata\product.json"
Invalid argument '-s': File "D:\.metadata\product.json" does not exist
compiling dl_mathacl.c...
compiling dl_opa.c...
compiling dl_mcan.c...
compiling ti_msp_dl_config.c...
compiling dl_lfss.c...
compiling dl_uart.c...
compiling dl_trng.c...
compiling dl_lcd.c...
compiling empty.c...
compiling dl_vref.c...
compiling dl_spi.c...
compiling dl_rtc_common.c...
compiling board.c...
compiling dl_timer.c...
compiling dl_keystorectl.c...
compiling dl_i2c.c...
compiling dl_flashctl.c...
compiling dl_dma.c...
compiling dl_dac12.c...
compiling dl_crcp.c...
compiling dl_crc.c...
compiling dl_aesadv.c...
compiling dl_common.c...
compiling dl_adc12.c...
compiling dl_interrupt.c...
compiling key.c...
compiling dl_aes.c...
compiling led.c...
compiling motor.c...
compiling encoder.c...
compiling oled.c...
../Hardware/bsp_iic.c(81): warning: passing 'const unsigned char *' to parameter of type 'uint8_t *' (aka 'unsigned char *') discards qualifiers [-Wincompatible-pointer-types-discards-qualifiers]
   81 |         fillcnt = DL_I2C_fillControllerTXFIFO(I2C_0_INST, ptr, cnt);
      |                                                           ^~~
../source\ti/driverlib/dl_i2c.h(787): note: passing argument to parameter 'buffer' here
  787 |     I2C_Regs *i2c, uint8_t *buffer, uint16_t count);
      |                             ^
1 warning generated.
compiling bsp_iic.c...
compiling inv_mpu_dmp_motion_driver.c...
compiling mpu6050.c...
../Hardware/inv_mpu.c(38): warning: 'MPU6050' macro redefined [-Wmacro-redefined]
   38 | #define MPU6050
      |         ^
<command line>(5): note: previous definition is here
    5 | #define MPU6050 1
      |         ^
1 warning generated.
compiling inv_mpu.c...
compiling Went.c...
compiling IR_Module.c...
compiling Turn.c...
compiling K230.c...
../Hardware/jy61p.c(53): warning: passing 'volatile Gyro_Struct *' to parameter of type 'void *' discards qualifiers [-Wincompatible-pointer-types-discards-qualifiers]
   53 |         memset(&Gyro_Structure,0,sizeof(Gyro_Structure));
      |                ^~~~~~~~~~~~~~~
D:\keil5\ARM\ARMCLANG\Bin\..\include\string.h(321): note: passing argument to parameter here
  321 | extern _ARMABI void *memset(void * /*s*/, int /*c*/, size_t /*n*/) __attribute__((__nonnull__(1)));
      |                                         ^
../Hardware/jy61p.c(323): warning: passing 'volatile uint8_t[6]' (aka 'volatile unsigned char[6]') to parameter of type 'void *' discards qualifiers [-Wincompatible-pointer-types-discards-qualifiers]
  323 |         memset(sda_angle,0,sizeof(sda_angle));
      |                ^~~~~~~~~
D:\keil5\ARM\ARMCLANG\Bin\..\include\string.h(321): note: passing argument to parameter here
  321 | extern _ARMABI void *memset(void * /*s*/, int /*c*/, size_t /*n*/) __attribute__((__nonnull__(1)));
      |                                         ^
../Hardware/jy61p.c(326): warning: passing 'volatile uint8_t[6]' (aka 'volatile unsigned char[6]') to parameter of type 'uint8_t *' (aka 'unsigned char *') discards qualifiers [-Wincompatible-pointer-types-discards-qualifiers]
  326 |         ret     = readDataJy61p(IIC_ADDR,0x3D,sda_angle,6);
      |                                               ^~~~~~~~~
../Hardware/jy61p.c(268): note: passing argument to parameter 'data' here
  268 | uint8_t readDataJy61p(uint8_t dev, uint8_t reg, uint8_t *data, uint32_t length)
      |                                                          ^
3 warnings generated.
compiling jy61p.c...
linking...
Program Size: Code=17046 RO-data=3158 RW-data=44 ZI-data=5460  
FromELF: creating hex file...
".\Objects\empty_LP_MSPM0G3507_nortos_keil.axf" - 0 Error(s), 5 Warning(s).

<h2>Software Packages used:</h2>

Package Vendor: TexasInstruments
                https://software-dl.ti.com/msp430/esd/MSPM0-CMSIS/MSPM0G1X0X_G3X0X/latest/exports/TexasInstruments.MSPM0G1X0X_G3X0X_DFP.1.3.1.pack
                TexasInstruments::MSPM0G1X0X_G3X0X_DFP@1.3.1
                Device Family Pack for Texas Instruments MSPM0G1X0X_G3X0X Series

<h2>Collection of Component include folders:</h2>

<h2>Collection of Component Files used:</h2>
Build Time Elapsed:  00:00:17
</pre>
</body>
</html>
