Component: Arm Compiler for Embedded 6.21 Tool: armlink [5ec1fa00]

==============================================================================

Section Cross References

    startup_mspm0g350x_uvision.o(RESET) refers to startup_mspm0g350x_uvision.o(STACK) for __initial_sp
    startup_mspm0g350x_uvision.o(RESET) refers to startup_mspm0g350x_uvision.o(.text) for Reset_Handler
    startup_mspm0g350x_uvision.o(RESET) refers to encoder.o(.text.GROUP1_IRQHandler) for GROUP1_IRQHandler
    startup_mspm0g350x_uvision.o(RESET) refers to empty.o(.text.TIMG0_IRQHandler) for TIMG0_IRQHandler
    startup_mspm0g350x_uvision.o(.text) refers to entry.o(.ARM.Collect$$$$00000000) for __main
    ti_msp_dl_config.o(.text.SYSCFG_DL_init) refers to ti_msp_dl_config.o(.text.SYSCFG_DL_initPower) for SYSCFG_DL_initPower
    ti_msp_dl_config.o(.text.SYSCFG_DL_init) refers to ti_msp_dl_config.o(.text.SYSCFG_DL_GPIO_init) for SYSCFG_DL_GPIO_init
    ti_msp_dl_config.o(.text.SYSCFG_DL_init) refers to ti_msp_dl_config.o(.text.SYSCFG_DL_SYSCTL_init) for SYSCFG_DL_SYSCTL_init
    ti_msp_dl_config.o(.text.SYSCFG_DL_init) refers to ti_msp_dl_config.o(.text.SYSCFG_DL_PWM_0_init) for SYSCFG_DL_PWM_0_init
    ti_msp_dl_config.o(.text.SYSCFG_DL_init) refers to ti_msp_dl_config.o(.text.SYSCFG_DL_TIMER_0_init) for SYSCFG_DL_TIMER_0_init
    ti_msp_dl_config.o(.text.SYSCFG_DL_init) refers to ti_msp_dl_config.o(.text.SYSCFG_DL_I2C_0_init) for SYSCFG_DL_I2C_0_init
    ti_msp_dl_config.o(.text.SYSCFG_DL_init) refers to ti_msp_dl_config.o(.text.SYSCFG_DL_UART_0_init) for SYSCFG_DL_UART_0_init
    ti_msp_dl_config.o(.text.SYSCFG_DL_init) refers to ti_msp_dl_config.o(.text.SYSCFG_DL_SYSTICK_init) for SYSCFG_DL_SYSTICK_init
    ti_msp_dl_config.o(.text.SYSCFG_DL_init) refers to ti_msp_dl_config.o(.bss.gPWM_0Backup) for gPWM_0Backup
    ti_msp_dl_config.o(.ARM.exidx.text.SYSCFG_DL_init) refers to ti_msp_dl_config.o(.text.SYSCFG_DL_init) for [Anonymous Symbol]
    ti_msp_dl_config.o(.text.SYSCFG_DL_initPower) refers to ti_msp_dl_config.o(.text.DL_GPIO_reset) for DL_GPIO_reset
    ti_msp_dl_config.o(.text.SYSCFG_DL_initPower) refers to ti_msp_dl_config.o(.text.DL_Timer_reset) for DL_Timer_reset
    ti_msp_dl_config.o(.text.SYSCFG_DL_initPower) refers to ti_msp_dl_config.o(.text.DL_I2C_reset) for DL_I2C_reset
    ti_msp_dl_config.o(.text.SYSCFG_DL_initPower) refers to ti_msp_dl_config.o(.text.DL_UART_reset) for DL_UART_reset
    ti_msp_dl_config.o(.text.SYSCFG_DL_initPower) refers to ti_msp_dl_config.o(.text.DL_GPIO_enablePower) for DL_GPIO_enablePower
    ti_msp_dl_config.o(.text.SYSCFG_DL_initPower) refers to ti_msp_dl_config.o(.text.DL_Timer_enablePower) for DL_Timer_enablePower
    ti_msp_dl_config.o(.text.SYSCFG_DL_initPower) refers to ti_msp_dl_config.o(.text.DL_I2C_enablePower) for DL_I2C_enablePower
    ti_msp_dl_config.o(.text.SYSCFG_DL_initPower) refers to ti_msp_dl_config.o(.text.DL_UART_enablePower) for DL_UART_enablePower
    ti_msp_dl_config.o(.text.SYSCFG_DL_initPower) refers to dl_common.o(.text.DL_Common_delayCycles) for DL_Common_delayCycles
    ti_msp_dl_config.o(.ARM.exidx.text.SYSCFG_DL_initPower) refers to ti_msp_dl_config.o(.text.SYSCFG_DL_initPower) for [Anonymous Symbol]
    ti_msp_dl_config.o(.text.SYSCFG_DL_GPIO_init) refers to ti_msp_dl_config.o(.text.DL_GPIO_initPeripheralOutputFunction) for DL_GPIO_initPeripheralOutputFunction
    ti_msp_dl_config.o(.text.SYSCFG_DL_GPIO_init) refers to ti_msp_dl_config.o(.text.DL_GPIO_enableOutput) for DL_GPIO_enableOutput
    ti_msp_dl_config.o(.text.SYSCFG_DL_GPIO_init) refers to ti_msp_dl_config.o(.text.DL_GPIO_initPeripheralInputFunctionFeatures) for DL_GPIO_initPeripheralInputFunctionFeatures
    ti_msp_dl_config.o(.text.SYSCFG_DL_GPIO_init) refers to ti_msp_dl_config.o(.text.DL_GPIO_enableHiZ) for DL_GPIO_enableHiZ
    ti_msp_dl_config.o(.text.SYSCFG_DL_GPIO_init) refers to ti_msp_dl_config.o(.text.DL_GPIO_initPeripheralInputFunction) for DL_GPIO_initPeripheralInputFunction
    ti_msp_dl_config.o(.text.SYSCFG_DL_GPIO_init) refers to ti_msp_dl_config.o(.text.DL_GPIO_initDigitalInput) for DL_GPIO_initDigitalInput
    ti_msp_dl_config.o(.text.SYSCFG_DL_GPIO_init) refers to ti_msp_dl_config.o(.text.DL_GPIO_initDigitalOutput) for DL_GPIO_initDigitalOutput
    ti_msp_dl_config.o(.text.SYSCFG_DL_GPIO_init) refers to ti_msp_dl_config.o(.text.DL_GPIO_clearPins) for DL_GPIO_clearPins
    ti_msp_dl_config.o(.text.SYSCFG_DL_GPIO_init) refers to ti_msp_dl_config.o(.text.DL_GPIO_setUpperPinsPolarity) for DL_GPIO_setUpperPinsPolarity
    ti_msp_dl_config.o(.text.SYSCFG_DL_GPIO_init) refers to ti_msp_dl_config.o(.text.DL_GPIO_clearInterruptStatus) for DL_GPIO_clearInterruptStatus
    ti_msp_dl_config.o(.text.SYSCFG_DL_GPIO_init) refers to ti_msp_dl_config.o(.text.DL_GPIO_enableInterrupt) for DL_GPIO_enableInterrupt
    ti_msp_dl_config.o(.ARM.exidx.text.SYSCFG_DL_GPIO_init) refers to ti_msp_dl_config.o(.text.SYSCFG_DL_GPIO_init) for [Anonymous Symbol]
[...]
    __arm_cp.28_1                            0x00004d0c   Number         4  inv_mpu.o(.text.mpu_get_gyro_sens)
    __arm_cp.28_2                            0x00004d10   Number         4  inv_mpu.o(.text.mpu_get_gyro_sens)
    __arm_cp.28_3                            0x00004d14   Number         4  inv_mpu.o(.text.mpu_get_gyro_sens)
    __arm_cp.28_4                            0x00004d18   Number         4  inv_mpu.o(.text.mpu_get_gyro_sens)
    [Anonymous Symbol]                       0x00004d1c   Section        0  inv_mpu.o(.text.mpu_get_lpf)
    [Anonymous Symbol]                       0x00004d94   Section        0  inv_mpu.o(.text.mpu_get_sample_rate)
    __arm_cp.25_0                            0x00004dc4   Number         4  inv_mpu.o(.text.mpu_get_sample_rate)
    [Anonymous Symbol]                       0x00004dc8   Section        0  inv_mpu.o(.text.mpu_init)
    __arm_cp.6_0                             0x00004fc8   Number         4  inv_mpu.o(.text.mpu_init)
    __arm_cp.6_1                             0x00004fcc   Number         4  inv_mpu.o(.text.mpu_init)
    __arm_cp.6_2                             0x00004fd0   Number         4  inv_mpu.o(.text.mpu_init)
    __arm_cp.6_3                             0x00004fd4   Number         4  inv_mpu.o(.text.mpu_init)
    __arm_cp.6_4                             0x00004fd8   Number         4  inv_mpu.o(.text.mpu_init)
    [Anonymous Symbol]                       0x00004fdc   Section        0  inv_mpu.o(.text.mpu_load_firmware)
    __arm_cp.43_0                            0x000050fc   Number         4  inv_mpu.o(.text.mpu_load_firmware)
    [Anonymous Symbol]                       0x00005100   Section        0  inv_mpu.o(.text.mpu_lp_accel_mode)
    __arm_cp.14_0                            0x0000520c   Number         4  inv_mpu.o(.text.mpu_lp_accel_mode)
    [Anonymous Symbol]                       0x00005210   Section        0  inv_mpu.o(.text.mpu_read_fifo_stream)
    [Anonymous Symbol]                       0x00005314   Section        0  inv_mpu.o(.text.mpu_read_mem)
    __arm_cp.42_0                            0x000053bc   Number         4  inv_mpu.o(.text.mpu_read_mem)
    [Anonymous Symbol]                       0x000053c0   Section        0  inv_mpu.o(.text.mpu_reset_fifo)
    __arm_cp.21_0                            0x000055dc   Number         4  inv_mpu.o(.text.mpu_reset_fifo)
    [Anonymous Symbol]                       0x000055e0   Section        0  inv_mpu.o(.text.mpu_run_self_test)
    __arm_cp.36_0                            0x0000574c   Number         4  inv_mpu.o(.text.mpu_run_self_test)
    __arm_cp.36_1                            0x00005750   Number         4  inv_mpu.o(.text.mpu_run_self_test)
    [Anonymous Symbol]                       0x00005754   Section        0  inv_mpu.o(.text.mpu_set_accel_fsr)
    __arm_cp.8_0                             0x00005834   Number         4  inv_mpu.o(.text.mpu_set_accel_fsr)
    [Anonymous Symbol]                       0x00005838   Section        0  inv_mpu.o(.text.mpu_set_bypass)
    __arm_cp.12_0                            0x000059d4   Number         4  inv_mpu.o(.text.mpu_set_bypass)
    [Anonymous Symbol]                       0x000059d8   Section        0  inv_mpu.o(.text.mpu_set_dmp_state)
    __arm_cp.37_0                            0x00005a8c   Number         4  inv_mpu.o(.text.mpu_set_dmp_state)
    [Anonymous Symbol]                       0x00005a90   Section        0  inv_mpu.o(.text.mpu_set_gyro_fsr)
    __arm_cp.7_0                             0x00005b50   Number         4  inv_mpu.o(.text.mpu_set_gyro_fsr)
    [Anonymous Symbol]                       0x00005b54   Section        0  inv_mpu.o(.text.mpu_set_int_latched)
    __arm_cp.15_0                            0x00005bec   Number         4  inv_mpu.o(.text.mpu_set_int_latched)
    [Anonymous Symbol]                       0x00005bf0   Section        0  inv_mpu.o(.text.mpu_set_lpf)
    __arm_cp.9_0                             0x00005cbc   Number         4  inv_mpu.o(.text.mpu_set_lpf)
    [Anonymous Symbol]                       0x00005cc0   Section        0  inv_mpu.o(.text.mpu_set_sample_rate)
    __arm_cp.10_0                            0x00005da4   Number         4  inv_mpu.o(.text.mpu_set_sample_rate)
    __arm_cp.10_1                            0x00005da8   Number         4  inv_mpu.o(.text.mpu_set_sample_rate)
    [Anonymous Symbol]                       0x00005dac   Section        0  inv_mpu.o(.text.mpu_set_sensors)
    __arm_cp.13_0                            0x00005ed8   Number         4  inv_mpu.o(.text.mpu_set_sensors)
    [Anonymous Symbol]                       0x00005edc   Section        0  inv_mpu.o(.text.mpu_write_mem)
    __arm_cp.41_0                            0x00005f84   Number         4  inv_mpu.o(.text.mpu_write_mem)
    [Anonymous Symbol]                       0x00005f88   Section        0  bsp_iic.o(.text.mspm0_get_clock_ms)
    mspm0_i2c_disable                        0x00005f99   Thumb Code    60  bsp_iic.o(.text.mspm0_i2c_disable)
    [Anonymous Symbol]                       0x00005f98   Section        0  bsp_iic.o(.text.mspm0_i2c_disable)
    __arm_cp.2_1                             0x00005fd4   Number         4  bsp_iic.o(.text.mspm0_i2c_disable)
    mspm0_i2c_enable                         0x00005fd9   Thumb Code    80  bsp_iic.o(.text.mspm0_i2c_enable)
    [Anonymous Symbol]                       0x00005fd8   Section        0  bsp_iic.o(.text.mspm0_i2c_enable)
    [Anonymous Symbol]                       0x00006028   Section        0  bsp_iic.o(.text.mspm0_i2c_read)
    __arm_cp.13_1                            0x00006138   Number         4  bsp_iic.o(.text.mspm0_i2c_read)
    [Anonymous Symbol]                       0x0000613c   Section        0  bsp_iic.o(.text.mspm0_i2c_write)
    __arm_cp.7_0                             0x000061fc   Number         4  bsp_iic.o(.text.mspm0_i2c_write)
    [Anonymous Symbol]                       0x00006200   Section        0  inv_mpu.o(.text.mydelay_ms)
    [Anonymous Symbol]                       0x00006218   Section        0  inv_mpu.o(.text.myget_ms)
    [Anonymous Symbol]                       0x00006220   Section        0  inv_mpu.o(.text.myi2cRead)
    [Anonymous Symbol]                       0x00006258   Section        0  inv_mpu.o(.text.myi2cWrite)
    __arm_cp.1_0                             0x00006290   Number         4  inv_mpu.o(.text.myi2cWrite)
    run_self_test                            0x00006295   Thumb Code   134  mpu6050.o(.text.run_self_test)
    [Anonymous Symbol]                       0x00006294   Section        0  mpu6050.o(.text.run_self_test)
    [Anonymous Symbol]                       0x0000631c   Section        0  inv_mpu.o(.text.set_int_enable)
    __arm_cp.3_0                             0x000063ec   Number         4  inv_mpu.o(.text.set_int_enable)
    i.__0printf                              0x000063f0   Section        0  printfa.o(i.__0printf)
    i.__ARM_clz                              0x00006410   Section        0  depilogue.o(i.__ARM_clz)
    i.__ARM_fpclassify                       0x00006440   Section        0  fpclassify.o(i.__ARM_fpclassify)
    i.__kernel_poly                          0x0000646c   Section        0  poly.o(i.__kernel_poly)
    i.__mathlib_dbl_infnan                   0x00006518   Section        0  dunder.o(i.__mathlib_dbl_infnan)
    i.__mathlib_dbl_infnan2                  0x00006522   Section        0  dunder.o(i.__mathlib_dbl_infnan2)
    i.__mathlib_dbl_invalid                  0x0000652a   Section        0  dunder.o(i.__mathlib_dbl_invalid)
    i.__mathlib_dbl_underflow                0x0000653c   Section        0  dunder.o(i.__mathlib_dbl_underflow)
    i.__scatterload_copy                     0x00006550   Section       14  handlers.o(i.__scatterload_copy)
    i.__scatterload_null                     0x00006560   Section        2  handlers.o(i.__scatterload_null)
    i.__scatterload_zeroinit                 0x00006568   Section       14  handlers.o(i.__scatterload_zeroinit)
    i.__set_errno                            0x00006578   Section        0  errno.o(i.__set_errno)
    _fp_digits                               0x00006585   Thumb Code   344  printfa.o(i._fp_digits)
    i._fp_digits                             0x00006584   Section        0  printfa.o(i._fp_digits)
    _printf_core                             0x000066f9   Thumb Code  1754  printfa.o(i._printf_core)
    i._printf_core                           0x000066f8   Section        0  printfa.o(i._printf_core)
    _printf_post_padding                     0x00006de5   Thumb Code    32  printfa.o(i._printf_post_padding)
    i._printf_post_padding                   0x00006de4   Section        0  printfa.o(i._printf_post_padding)
    _printf_pre_padding                      0x00006e05   Thumb Code    44  printfa.o(i._printf_pre_padding)
    i._printf_pre_padding                    0x00006e04   Section        0  printfa.o(i._printf_pre_padding)
    i.asin                                   0x00006e30   Section        0  asin.o(i.asin)
    i.atan                                   0x000070a4   Section        0  atan.o(i.atan)
    i.atan2                                  0x000072c0   Section        0  atan2.o(i.atan2)
    i.sqrt                                   0x0000745c   Section        0  sqrt.o(i.sqrt)
    pS                                       0x000074a8   Data          48  asin.o(.constdata)
    .constdata                               0x000074a8   Section       80  asin.o(.constdata)
    qS                                       0x000074d8   Data          32  asin.o(.constdata)
    atanhi                                   0x000074f8   Data          32  atan.o(.constdata)
    .constdata                               0x000074f8   Section      152  atan.o(.constdata)
    atanlo                                   0x00007518   Data          32  atan.o(.constdata)
    aTodd                                    0x00007538   Data          40  atan.o(.constdata)
    aTeven                                   0x00007560   Data          48  atan.o(.constdata)
    .constdata                               0x00007590   Section        8  qnan.o(.constdata)
    dmp_memory                               0x00007598   Data        3062  inv_mpu_dmp_motion_driver.o(.rodata.dmp_memory)
    [Anonymous Symbol]                       0x00007598   Section        0  inv_mpu_dmp_motion_driver.o(.rodata.dmp_memory)
    gI2C_0ClockConfig                        0x0000818e   Data           2  ti_msp_dl_config.o(.rodata.gI2C_0ClockConfig)
    [Anonymous Symbol]                       0x0000818e   Section        0  ti_msp_dl_config.o(.rodata.gI2C_0ClockConfig)
    gPWM_0ClockConfig                        0x00008190   Data           3  ti_msp_dl_config.o(.rodata.gPWM_0ClockConfig)
    [Anonymous Symbol]                       0x00008190   Section        0  ti_msp_dl_config.o(.rodata.gPWM_0ClockConfig)
    gPWM_0Config                             0x00008194   Data           8  ti_msp_dl_config.o(.rodata.gPWM_0Config)
    [Anonymous Symbol]                       0x00008194   Section        0  ti_msp_dl_config.o(.rodata.gPWM_0Config)
    gSYSPLLConfig                            0x0000819c   Data          40  ti_msp_dl_config.o(.rodata.gSYSPLLConfig)
    [Anonymous Symbol]                       0x0000819c   Section        0  ti_msp_dl_config.o(.rodata.gSYSPLLConfig)
    gTIMER_0ClockConfig                      0x000081c4   Data           3  ti_msp_dl_config.o(.rodata.gTIMER_0ClockConfig)
    [Anonymous Symbol]                       0x000081c4   Section        0  ti_msp_dl_config.o(.rodata.gTIMER_0ClockConfig)
    gTIMER_0TimerConfig                      0x000081c8   Data          20  ti_msp_dl_config.o(.rodata.gTIMER_0TimerConfig)
    [Anonymous Symbol]                       0x000081c8   Section        0  ti_msp_dl_config.o(.rodata.gTIMER_0TimerConfig)
    gUART_0ClockConfig                       0x000081dc   Data           2  ti_msp_dl_config.o(.rodata.gUART_0ClockConfig)
    [Anonymous Symbol]                       0x000081dc   Section        0  ti_msp_dl_config.o(.rodata.gUART_0ClockConfig)
    gUART_0Config                            0x000081de   Data          10  ti_msp_dl_config.o(.rodata.gUART_0Config)
    [Anonymous Symbol]                       0x000081de   Section        0  ti_msp_dl_config.o(.rodata.gUART_0Config)
    [Anonymous Symbol]                       0x00008c73   Section        0  empty.o(.rodata.str1.1)
    [Anonymous Symbol]                       0x00008c85   Section        0  inv_mpu.o(.rodata.str1.1)
    [Anonymous Symbol]                       0x00008d18   Section        0  mpu6050.o(.rodata.str1.1)
    .data                                    0x20200000   Section        4  stdout.o(.data)
    _errno                                   0x20200004   Data           4  errno.o(.data)
    .data                                    0x20200004   Section        4  errno.o(.data)
    gyro_orientation                         0x2020002c   Data           9  mpu6050.o(.data.gyro_orientation)
    [Anonymous Symbol]                       0x2020002c   Section        0  mpu6050.o(.data.gyro_orientation)
    siic                                     0x2020003c   Data           4  inv_mpu.o(.data.siic)
    [Anonymous Symbol]                       0x2020003c   Section        0  inv_mpu.o(.data.siic)
    siic                                     0x20200040   Data           4  mpu6050.o(.data.siic)
    [Anonymous Symbol]                       0x20200040   Section        0  mpu6050.o(.data.siic)
    st                                       0x20200044   Data          44  inv_mpu.o(.data.st)
    [Anonymous Symbol]                       0x20200044   Section        0  inv_mpu.o(.data.st)
    LED_Flash.temp                           0x20200078   Data           2  led.o(.bss.LED_Flash.temp)
    [Anonymous Symbol]                       0x20200078   Section        0  led.o(.bss.LED_Flash.temp)
    Velocity_A.ControlVelocityA              0x2020048c   Data           4  motor.o(.bss.Velocity_A.ControlVelocityA)
    [Anonymous Symbol]                       0x2020048c   Section        0  motor.o(.bss.Velocity_A.ControlVelocityA)
    Velocity_A.Last_biasA                    0x20200490   Data           4  motor.o(.bss.Velocity_A.Last_biasA)
    [Anonymous Symbol]                       0x20200490   Section        0  motor.o(.bss.Velocity_A.Last_biasA)
    Velocity_B.ControlVelocityB              0x20200494   Data           4  motor.o(.bss.Velocity_B.ControlVelocityB)
    [Anonymous Symbol]                       0x20200494   Section        0  motor.o(.bss.Velocity_B.ControlVelocityB)
    Velocity_B.Last_biasB                    0x20200498   Data           4  motor.o(.bss.Velocity_B.Last_biasB)
    [Anonymous Symbol]                       0x20200498   Section        0  motor.o(.bss.Velocity_B.Last_biasB)
    click_N_Double.Forever_count             0x202004b4   Data           2  key.o(.bss.click_N_Double.Forever_count)
    [Anonymous Symbol]                       0x202004b4   Section        0  key.o(.bss.click_N_Double.Forever_count)
    click_N_Double.count_key                 0x202004b6   Data           1  key.o(.bss.click_N_Double.count_key)
    [Anonymous Symbol]                       0x202004b6   Section        0  key.o(.bss.click_N_Double.count_key)
    click_N_Double.count_single              0x202004b8   Data           2  key.o(.bss.click_N_Double.count_single)
    [Anonymous Symbol]                       0x202004b8   Section        0  key.o(.bss.click_N_Double.count_single)
    click_N_Double.double_key                0x202004ba   Data           1  key.o(.bss.click_N_Double.double_key)
    [Anonymous Symbol]                       0x202004ba   Section        0  key.o(.bss.click_N_Double.double_key)
    click_N_Double.flag_key                  0x202004bb   Data           1  key.o(.bss.click_N_Double.flag_key)
    [Anonymous Symbol]                       0x202004bb   Section        0  key.o(.bss.click_N_Double.flag_key)
    dmp                                      0x202004bc   Data          16  inv_mpu_dmp_motion_driver.o(.bss.dmp)
    [Anonymous Symbol]                       0x202004bc   Section        0  inv_mpu_dmp_motion_driver.o(.bss.dmp)
    STACK                                    0x202005b0   Section     4096  startup_mspm0g350x_uvision.o(STACK)

    Global Symbols

    Symbol Name                              Value     Ov Type        Size  Object(Section)

    BuildAttributes$$THM_ISAv3M$S$PE$A:L22$X:L11$S22$IEEE1$IW$~IW$USESV6$~STKCKD$USESV7$~SHL$OTIME$ROPI$IEEEX$EBA8$MICROLIB$REQ8$PRES8$EABIv2 0x00000000   Number         0  anon$$obj.o ABSOLUTE
    __Vectors                                0x00000000   Data           4  startup_mspm0g350x_uvision.o(RESET)
    __cpp_initialize__aeabi_                  - Undefined Weak Reference
    __cxa_finalize                            - Undefined Weak Reference
    __decompress                              - Undefined Weak Reference
    _clock_init                               - Undefined Weak Reference
    _microlib_exit                            - Undefined Weak Reference
    __Vectors_End                            0x000000c0   Data           0  startup_mspm0g350x_uvision.o(RESET)
    __Vectors_Size                           0x000000c0   Number         0  startup_mspm0g350x_uvision.o ABSOLUTE
    __main                                   0x000000c1   Thumb Code     0  entry.o(.ARM.Collect$$$$00000000)
    _main_stk                                0x000000c1   Thumb Code     0  entry2.o(.ARM.Collect$$$$00000001)
    _main_scatterload                        0x000000c5   Thumb Code     0  entry5.o(.ARM.Collect$$$$00000004)
    __main_after_scatterload                 0x000000c9   Thumb Code     0  entry5.o(.ARM.Collect$$$$00000004)
    _main_clock                              0x000000c9   Thumb Code     0  entry7b.o(.ARM.Collect$$$$00000008)
    _main_cpp_init                           0x000000c9   Thumb Code     0  entry8b.o(.ARM.Collect$$$$0000000A)
    _main_init                               0x000000c9   Thumb Code     0  entry9a.o(.ARM.Collect$$$$0000000B)
    __rt_final_cpp                           0x000000d1   Thumb Code     0  entry10a.o(.ARM.Collect$$$$0000000D)
    __rt_final_exit                          0x000000d1   Thumb Code     0  entry11a.o(.ARM.Collect$$$$0000000F)
    Reset_Handler                            0x000000d5   Thumb Code     4  startup_mspm0g350x_uvision.o(.text)
    NMI_Handler                              0x000000d9   Thumb Code     2  startup_mspm0g350x_uvision.o(.text)
    HardFault_Handler                        0x000000db   Thumb Code     2  startup_mspm0g350x_uvision.o(.text)
    SVC_Handler                              0x000000dd   Thumb Code     2  startup_mspm0g350x_uvision.o(.text)
    PendSV_Handler                           0x000000df   Thumb Code     2  startup_mspm0g350x_uvision.o(.text)
    SysTick_Handler                          0x000000e1   Thumb Code     2  startup_mspm0g350x_uvision.o(.text)
    ADC0_IRQHandler                          0x000000e3   Thumb Code     0  startup_mspm0g350x_uvision.o(.text)
    ADC1_IRQHandler                          0x000000e3   Thumb Code     0  startup_mspm0g350x_uvision.o(.text)
    AES_IRQHandler                           0x000000e3   Thumb Code     0  startup_mspm0g350x_uvision.o(.text)
    CANFD0_IRQHandler                        0x000000e3   Thumb Code     0  startup_mspm0g350x_uvision.o(.text)
    DAC0_IRQHandler                          0x000000e3   Thumb Code     0  startup_mspm0g350x_uvision.o(.text)
    DMA_IRQHandler                           0x000000e3   Thumb Code     0  startup_mspm0g350x_uvision.o(.text)
    Default_Handler                          0x000000e3   Thumb Code     2  startup_mspm0g350x_uvision.o(.text)
    GROUP0_IRQHandler                        0x000000e3   Thumb Code     0  startup_mspm0g350x_uvision.o(.text)
    I2C0_IRQHandler                          0x000000e3   Thumb Code     0  startup_mspm0g350x_uvision.o(.text)
    I2C1_IRQHandler                          0x000000e3   Thumb Code     0  startup_mspm0g350x_uvision.o(.text)
    RTC_IRQHandler                           0x000000e3   Thumb Code     0  startup_mspm0g350x_uvision.o(.text)
    SPI0_IRQHandler                          0x000000e3   Thumb Code     0  startup_mspm0g350x_uvision.o(.text)
    SPI1_IRQHandler                          0x000000e3   Thumb Code     0  startup_mspm0g350x_uvision.o(.text)
    TIMA0_IRQHandler                         0x000000e3   Thumb Code     0  startup_mspm0g350x_uvision.o(.text)
    TIMA1_IRQHandler                         0x000000e3   Thumb Code     0  startup_mspm0g350x_uvision.o(.text)
    TIMG12_IRQHandler                        0x000000e3   Thumb Code     0  startup_mspm0g350x_uvision.o(.text)
    TIMG6_IRQHandler                         0x000000e3   Thumb Code     0  startup_mspm0g350x_uvision.o(.text)
    TIMG7_IRQHandler                         0x000000e3   Thumb Code     0  startup_mspm0g350x_uvision.o(.text)
    TIMG8_IRQHandler                         0x000000e3   Thumb Code     0  startup_mspm0g350x_uvision.o(.text)
    UART0_IRQHandler                         0x000000e3   Thumb Code     0  startup_mspm0g350x_uvision.o(.text)
    UART1_IRQHandler                         0x000000e3   Thumb Code     0  startup_mspm0g350x_uvision.o(.text)
    UART2_IRQHandler                         0x000000e3   Thumb Code     0  startup_mspm0g350x_uvision.o(.text)
    UART3_IRQHandler                         0x000000e3   Thumb Code     0  startup_mspm0g350x_uvision.o(.text)
    __aeabi_ldivmod                          0x000000e9   Thumb Code    76  ldiv.o(.text)
    __aeabi_lmul                             0x00000135   Thumb Code    48  llmul.o(.text)
    _ll_mul                                  0x00000135   Thumb Code     0  llmul.o(.text)
    memcmp                                   0x00000165   Thumb Code    26  memcmp.o(.text)
    __aeabi_fadd                             0x0000017f   Thumb Code   162  fadd.o(.text)
    __aeabi_fsub                             0x00000221   Thumb Code     8  fadd.o(.text)
    __aeabi_frsub                            0x00000229   Thumb Code     8  fadd.o(.text)
    __aeabi_fmul                             0x00000231   Thumb Code   122  fmul.o(.text)
    __aeabi_fdiv                             0x000002ab   Thumb Code   124  fdiv.o(.text)
    __aeabi_dadd                             0x00000329   Thumb Code   328  dadd.o(.text)
    __aeabi_dsub                             0x00000471   Thumb Code    12  dadd.o(.text)
    __aeabi_drsub                            0x0000047d   Thumb Code    12  dadd.o(.text)
    __aeabi_dmul                             0x0000048d   Thumb Code   202  dmul.o(.text)
    __aeabi_fcmple                           0x0000055d   Thumb Code    28  fcmple.o(.text)
    __aeabi_fcmplt                           0x00000579   Thumb Code    28  fcmplt.o(.text)
    __aeabi_fcmpeq                           0x00000595   Thumb Code    28  fcmpeq.o(.text)
    __aeabi_i2f                              0x000005b1   Thumb Code    22  fflti.o(.text)
    __aeabi_ui2f                             0x000005c7   Thumb Code    14  ffltui.o(.text)
    __aeabi_f2iz                             0x000005d5   Thumb Code    50  ffixi.o(.text)
    __aeabi_f2d                              0x00000607   Thumb Code    40  f2d.o(.text)
    __aeabi_d2f                              0x0000062f   Thumb Code    56  d2f.o(.text)
    __aeabi_uidiv                            0x00000667   Thumb Code     0  uidiv_div0.o(.text)
    __aeabi_uidivmod                         0x00000667   Thumb Code    62  uidiv_div0.o(.text)
    __aeabi_idiv                             0x000006a5   Thumb Code     0  idiv_div0.o(.text)
    __aeabi_idivmod$div0                     0x000006a5   Thumb Code    74  idiv_div0.o(.text)
    __aeabi_uldivmod                         0x000006f5   Thumb Code    96  uldiv.o(.text)
    __aeabi_llsl                             0x00000755   Thumb Code    32  llshl.o(.text)
    _ll_shift_l                              0x00000755   Thumb Code     0  llshl.o(.text)
    __aeabi_lasr                             0x00000775   Thumb Code    38  llsshr.o(.text)
    _ll_sshift_r                             0x00000775   Thumb Code     0  llsshr.o(.text)
    __I$use$fp                               0x0000079b   Thumb Code     0  iusefp.o(.text)
    _float_round                             0x0000079b   Thumb Code    16  fepilogue.o(.text)
    _float_epilogue                          0x000007ab   Thumb Code   114  fepilogue.o(.text)
    _double_round                            0x0000081d   Thumb Code    26  depilogue.o(.text)
    _double_epilogue                         0x00000837   Thumb Code   164  depilogue.o(.text)
    __aeabi_ddiv                             0x000008dd   Thumb Code   234  ddiv.o(.text)
    __ARM_scalbn                             0x000009cd   Thumb Code    44  dscalb.o(.text)
    scalbn                                   0x000009cd   Thumb Code     0  dscalb.o(.text)
    __aeabi_d2ulz                            0x000009f9   Thumb Code    54  dfixul.o(.text)
    __aeabi_cdcmpeq                          0x00000a39   Thumb Code     0  cdcmple.o(.text)
    __aeabi_cdcmple                          0x00000a39   Thumb Code    38  cdcmple.o(.text)
    __aeabi_cdrcmple                         0x00000a61   Thumb Code    38  cdrcmple.o(.text)
    __scatterload                            0x00000a89   Thumb Code    38  init.o(.text)
    __scatterload_rt2                        0x00000a89   Thumb Code     0  init.o(.text)
    __aeabi_llsr                             0x00000ab9   Thumb Code    34  llushr.o(.text)
    _ll_ushift_r                             0x00000ab9   Thumb Code     0  llushr.o(.text)
    _dsqrt                                   0x00000adb   Thumb Code   162  dsqrt.o(.text)
    DL_Common_delayCycles                    0x00000b7d   Thumb Code    20  dl_common.o(.text.DL_Common_delayCycles)
    DL_I2C_fillControllerTXFIFO              0x00000fe9   Thumb Code    84  dl_i2c.o(.text.DL_I2C_fillControllerTXFIFO)
    DL_I2C_flushControllerTXFIFO             0x0000103d   Thumb Code    38  dl_i2c.o(.text.DL_I2C_flushControllerTXFIFO)
    DL_I2C_setClockConfig                    0x00001175   Thumb Code    48  dl_i2c.o(.text.DL_I2C_setClockConfig)
    DL_SYSCTL_configSYSPLL                   0x000012b1   Thumb Code   192  dl_sysctl_mspm0g1x0x_g3x0x.o(.text.DL_SYSCTL_configSYSPLL)
    DL_SYSCTL_switchMCLKfromSYSOSCtoHSCLK    0x00001429   Thumb Code    40  dl_sysctl_mspm0g1x0x_g3x0x.o(.text.DL_SYSCTL_switchMCLKfromSYSOSCtoHSCLK)
    DL_TimerA_initPWMMode                    0x00001485   Thumb Code   234  dl_timer.o(.text.DL_TimerA_initPWMMode)
    DL_Timer_initPWMMode                     0x000015cd   Thumb Code   260  dl_timer.o(.text.DL_Timer_initPWMMode)
    DL_Timer_initTimerMode                   0x000016d9   Thumb Code   252  dl_timer.o(.text.DL_Timer_initTimerMode)
    DL_Timer_setCaptCompUpdateMethod         0x000017f9   Thumb Code    48  dl_timer.o(.text.DL_Timer_setCaptCompUpdateMethod)
    DL_Timer_setCaptureCompareAction         0x00001829   Thumb Code    44  dl_timer.o(.text.DL_Timer_setCaptureCompareAction)
    DL_Timer_setCaptureCompareCtl            0x0000185d   Thumb Code    52  dl_timer.o(.text.DL_Timer_setCaptureCompareCtl)
    DL_Timer_setCaptureCompareInput          0x00001899   Thumb Code    52  dl_timer.o(.text.DL_Timer_setCaptureCompareInput)
    DL_Timer_setCaptureCompareOutCtl         0x000018cd   Thumb Code    60  dl_timer.o(.text.DL_Timer_setCaptureCompareOutCtl)
    DL_Timer_setCaptureCompareValue          0x0000190d   Thumb Code    40  dl_timer.o(.text.DL_Timer_setCaptureCompareValue)
    DL_Timer_setClockConfig                  0x00001939   Thumb Code    44  dl_timer.o(.text.DL_Timer_setClockConfig)
    DL_UART_init                             0x00001a25   Thumb Code    68  dl_uart.o(.text.DL_UART_init)
    DL_UART_setClockConfig                   0x00001ae9   Thumb Code    32  dl_uart.o(.text.DL_UART_setClockConfig)
    DMP_Init                                 0x00001b91   Thumb Code   320  mpu6050.o(.text.DMP_Init)
    GROUP1_IRQHandler                        0x00001cf5   Thumb Code   264  encoder.o(.text.GROUP1_IRQHandler)
    IICreadBytes                             0x00001f19   Thumb Code    56  mpu6050.o(.text.IICreadBytes)
    IICwriteBit                              0x00001f51   Thumb Code   128  mpu6050.o(.text.IICwriteBit)
    IICwriteBits                             0x00001fd1   Thumb Code   180  mpu6050.o(.text.IICwriteBits)
    Key                                      0x00002089   Thumb Code    40  key.o(.text.Key)
    LED_Flash                                0x000020b5   Thumb Code    64  led.o(.text.LED_Flash)
    LED_ON                                   0x000020f9   Thumb Code    16  led.o(.text.LED_ON)
    LED_Toggle                               0x00002109   Thumb Code    16  led.o(.text.LED_Toggle)
    MPU6050_getDeviceID                      0x0000211d   Thumb Code    28  mpu6050.o(.text.MPU6050_getDeviceID)
    MPU6050_initialize                       0x0000213d   Thumb Code    64  mpu6050.o(.text.MPU6050_initialize)
    MPU6050_setClockSource                   0x0000217d   Thumb Code    30  mpu6050.o(.text.MPU6050_setClockSource)
    MPU6050_setFullScaleAccelRange           0x0000219b   Thumb Code    30  mpu6050.o(.text.MPU6050_setFullScaleAccelRange)
    MPU6050_setFullScaleGyroRange            0x000021b9   Thumb Code    30  mpu6050.o(.text.MPU6050_setFullScaleGyroRange)
    MPU6050_setI2CBypassEnabled              0x000021d7   Thumb Code    26  mpu6050.o(.text.MPU6050_setI2CBypassEnabled)
    MPU6050_setI2CMasterModeEnabled          0x000021f1   Thumb Code    26  mpu6050.o(.text.MPU6050_setI2CMasterModeEnabled)
    MPU6050_setSleepEnabled                  0x0000220b   Thumb Code    26  mpu6050.o(.text.MPU6050_setSleepEnabled)
    OLED_Clear                               0x00002225   Thumb Code    92  oled.o(.text.OLED_Clear)
    OLED_DrawPoint                           0x00002281   Thumb Code   140  oled.o(.text.OLED_DrawPoint)
    OLED_Init                                0x0000230d   Thumb Code   228  oled.o(.text.OLED_Init)
    OLED_RST_Clr                             0x000023f1   Thumb Code    16  oled.o(.text.OLED_RST_Clr)
    OLED_RST_Set                             0x00002401   Thumb Code    16  oled.o(.text.OLED_RST_Set)
    OLED_RS_Clr                              0x00002411   Thumb Code    16  oled.o(.text.OLED_RS_Clr)
    OLED_RS_Set                              0x00002421   Thumb Code    16  oled.o(.text.OLED_RS_Set)
    OLED_Refresh_Gram                        0x00002435   Thumb Code   120  oled.o(.text.OLED_Refresh_Gram)
    OLED_SCLK_Clr                            0x000024b1   Thumb Code    16  oled.o(.text.OLED_SCLK_Clr)
    OLED_SCLK_Set                            0x000024c1   Thumb Code    16  oled.o(.text.OLED_SCLK_Set)
    OLED_SDIN_Clr                            0x000024d1   Thumb Code    16  oled.o(.text.OLED_SDIN_Clr)
    OLED_SDIN_Set                            0x000024e1   Thumb Code    16  oled.o(.text.OLED_SDIN_Set)
    OLED_ShowChar                            0x000024f5   Thumb Code   268  oled.o(.text.OLED_ShowChar)
    OLED_ShowString                          0x00002609   Thumb Code   122  oled.o(.text.OLED_ShowString)
    OLED_WR_Byte                             0x00002683   Thumb Code   110  oled.o(.text.OLED_WR_Byte)
    Read_DMP                                 0x000026f1   Thumb Code   528  mpu6050.o(.text.Read_DMP)
    SYSCFG_DL_GPIO_init                      0x00002935   Thumb Code   296  ti_msp_dl_config.o(.text.SYSCFG_DL_GPIO_init)
    SYSCFG_DL_I2C_0_init                     0x00002a65   Thumb Code    80  ti_msp_dl_config.o(.text.SYSCFG_DL_I2C_0_init)
    SYSCFG_DL_PWM_0_init                     0x00002ab9   Thumb Code   116  ti_msp_dl_config.o(.text.SYSCFG_DL_PWM_0_init)
    SYSCFG_DL_SYSCTL_init                    0x00002b35   Thumb Code    72  ti_msp_dl_config.o(.text.SYSCFG_DL_SYSCTL_init)
    SYSCFG_DL_SYSTICK_init                   0x00002b81   Thumb Code    16  ti_msp_dl_config.o(.text.SYSCFG_DL_SYSTICK_init)
    SYSCFG_DL_TIMER_0_init                   0x00002b91   Thumb Code    40  ti_msp_dl_config.o(.text.SYSCFG_DL_TIMER_0_init)
    SYSCFG_DL_UART_0_init                    0x00002bc1   Thumb Code    80  ti_msp_dl_config.o(.text.SYSCFG_DL_UART_0_init)
    SYSCFG_DL_init                           0x00002c19   Thumb Code    44  ti_msp_dl_config.o(.text.SYSCFG_DL_init)
    SYSCFG_DL_initPower                      0x00002c49   Thumb Code   100  ti_msp_dl_config.o(.text.SYSCFG_DL_initPower)
    Set_PWM                                  0x00002cb9   Thumb Code   260  motor.o(.text.Set_PWM)
    Systick_getTick                          0x00002dc5   Thumb Code     8  board.o(.text.Systick_getTick)
    TIMG0_IRQHandler                         0x00002dd1   Thumb Code   124  empty.o(.text.TIMG0_IRQHandler)
    Velocity_A                               0x00002e6d   Thumb Code   164  motor.o(.text.Velocity_A)
    Velocity_B                               0x00002f19   Thumb Code   164  motor.o(.text.Velocity_B)
    click_N_Double                           0x00003195   Thumb Code   276  key.o(.text.click_N_Double)
    delay_ms                                 0x00003349   Thumb Code    44  board.o(.text.delay_ms)
    delay_us                                 0x00003379   Thumb Code   132  board.o(.text.delay_us)
    dmp_enable_6x_lp_quat                    0x00003409   Thumb Code    64  inv_mpu_dmp_motion_driver.o(.text.dmp_enable_6x_lp_quat)
    dmp_enable_feature                       0x00003451   Thumb Code   608  inv_mpu_dmp_motion_driver.o(.text.dmp_enable_feature)
    dmp_enable_gyro_cal                      0x000036c9   Thumb Code    80  inv_mpu_dmp_motion_driver.o(.text.dmp_enable_gyro_cal)
    dmp_enable_lp_quat                       0x00003729   Thumb Code    64  inv_mpu_dmp_motion_driver.o(.text.dmp_enable_lp_quat)
    dmp_load_motion_driver_firmware          0x00003771   Thumb Code    20  inv_mpu_dmp_motion_driver.o(.text.dmp_load_motion_driver_firmware)
    dmp_read_fifo                            0x0000378d   Thumb Code   492  inv_mpu_dmp_motion_driver.o(.text.dmp_read_fifo)
    dmp_set_accel_bias                       0x00003981   Thumb Code   260  inv_mpu_dmp_motion_driver.o(.text.dmp_set_accel_bias)
    dmp_set_fifo_rate                        0x00003a89   Thumb Code   128  inv_mpu_dmp_motion_driver.o(.text.dmp_set_fifo_rate)
    dmp_set_gyro_bias                        0x00003b21   Thumb Code   304  inv_mpu_dmp_motion_driver.o(.text.dmp_set_gyro_bias)
    dmp_set_orientation                      0x00003c59   Thumb Code   344  inv_mpu_dmp_motion_driver.o(.text.dmp_set_orientation)
    dmp_set_shake_reject_thresh              0x00003dd1   Thumb Code    68  inv_mpu_dmp_motion_driver.o(.text.dmp_set_shake_reject_thresh)
    dmp_set_shake_reject_time                0x00003e15   Thumb Code    50  inv_mpu_dmp_motion_driver.o(.text.dmp_set_shake_reject_time)
    dmp_set_shake_reject_timeout             0x00003e47   Thumb Code    50  inv_mpu_dmp_motion_driver.o(.text.dmp_set_shake_reject_timeout)
    dmp_set_tap_axes                         0x00003e79   Thumb Code   102  inv_mpu_dmp_motion_driver.o(.text.dmp_set_tap_axes)
    dmp_set_tap_count                        0x00003edf   Thumb Code    68  inv_mpu_dmp_motion_driver.o(.text.dmp_set_tap_count)
    dmp_set_tap_thresh                       0x00003f25   Thumb Code   544  inv_mpu_dmp_motion_driver.o(.text.dmp_set_tap_thresh)
    dmp_set_tap_time                         0x0000415d   Thumb Code    48  inv_mpu_dmp_motion_driver.o(.text.dmp_set_tap_time)
    dmp_set_tap_time_multi                   0x0000418d   Thumb Code    48  inv_mpu_dmp_motion_driver.o(.text.dmp_set_tap_time_multi)
    fputc                                    0x000041bd   Thumb Code    40  board.o(.text.fputc)
    i2cRead                                  0x000048a9   Thumb Code    56  mpu6050.o(.text.i2cRead)
    main                                     0x000049b9   Thumb Code   108  empty.o(.text.main)
    mpu6050_i2c_sda_unlock                   0x00004a39   Thumb Code    92  bsp_iic.o(.text.mpu6050_i2c_sda_unlock)
    mpu_configure_fifo                       0x00004a99   Thumb Code   184  inv_mpu.o(.text.mpu_configure_fifo)
    mpu_get_accel_fsr                        0x00004b55   Thumb Code   112  inv_mpu.o(.text.mpu_get_accel_fsr)
    mpu_get_accel_sens                       0x00004bc5   Thumb Code   120  inv_mpu.o(.text.mpu_get_accel_sens)
    mpu_get_fifo_config                      0x00004c41   Thumb Code    20  inv_mpu.o(.text.mpu_get_fifo_config)
    mpu_get_gyro_fsr                         0x00004c55   Thumb Code    92  inv_mpu.o(.text.mpu_get_gyro_fsr)
    mpu_get_gyro_sens                        0x00004cb1   Thumb Code    92  inv_mpu.o(.text.mpu_get_gyro_sens)
    mpu_get_lpf                              0x00004d1d   Thumb Code   120  inv_mpu.o(.text.mpu_get_lpf)
    mpu_get_sample_rate                      0x00004d95   Thumb Code    48  inv_mpu.o(.text.mpu_get_sample_rate)
    mpu_init                                 0x00004dc9   Thumb Code   512  inv_mpu.o(.text.mpu_init)
    mpu_load_firmware                        0x00004fdd   Thumb Code   288  inv_mpu.o(.text.mpu_load_firmware)
    mpu_lp_accel_mode                        0x00005101   Thumb Code   268  inv_mpu.o(.text.mpu_lp_accel_mode)
    mpu_read_fifo_stream                     0x00005211   Thumb Code   260  inv_mpu.o(.text.mpu_read_fifo_stream)
    mpu_read_mem                             0x00005315   Thumb Code   168  inv_mpu.o(.text.mpu_read_mem)
    mpu_reset_fifo                           0x000053c1   Thumb Code   540  inv_mpu.o(.text.mpu_reset_fifo)
    mpu_run_self_test                        0x000055e1   Thumb Code   364  inv_mpu.o(.text.mpu_run_self_test)
    mpu_set_accel_fsr                        0x00005755   Thumb Code   224  inv_mpu.o(.text.mpu_set_accel_fsr)
    mpu_set_bypass                           0x00005839   Thumb Code   412  inv_mpu.o(.text.mpu_set_bypass)
    mpu_set_dmp_state                        0x000059d9   Thumb Code   180  inv_mpu.o(.text.mpu_set_dmp_state)
    mpu_set_gyro_fsr                         0x00005a91   Thumb Code   192  inv_mpu.o(.text.mpu_set_gyro_fsr)
    mpu_set_int_latched                      0x00005b55   Thumb Code   152  inv_mpu.o(.text.mpu_set_int_latched)
    mpu_set_lpf                              0x00005bf1   Thumb Code   204  inv_mpu.o(.text.mpu_set_lpf)
    mpu_set_sample_rate                      0x00005cc1   Thumb Code   228  inv_mpu.o(.text.mpu_set_sample_rate)
    mpu_set_sensors                          0x00005dad   Thumb Code   300  inv_mpu.o(.text.mpu_set_sensors)
    mpu_write_mem                            0x00005edd   Thumb Code   168  inv_mpu.o(.text.mpu_write_mem)
    mspm0_get_clock_ms                       0x00005f89   Thumb Code    14  bsp_iic.o(.text.mspm0_get_clock_ms)
    mspm0_i2c_read                           0x00006029   Thumb Code   272  bsp_iic.o(.text.mspm0_i2c_read)
    mspm0_i2c_write                          0x0000613d   Thumb Code   192  bsp_iic.o(.text.mspm0_i2c_write)
    mydelay_ms                               0x00006201   Thumb Code    24  inv_mpu.o(.text.mydelay_ms)
    myget_ms                                 0x00006219   Thumb Code     8  inv_mpu.o(.text.myget_ms)
    myi2cRead                                0x00006221   Thumb Code    56  inv_mpu.o(.text.myi2cRead)
    myi2cWrite                               0x00006259   Thumb Code    56  inv_mpu.o(.text.myi2cWrite)
    set_int_enable                           0x0000631d   Thumb Code   208  inv_mpu.o(.text.set_int_enable)
    __0printf                                0x000063f1   Thumb Code    24  printfa.o(i.__0printf)
    __1printf                                0x000063f1   Thumb Code     0  printfa.o(i.__0printf)
    __2printf                                0x000063f1   Thumb Code     0  printfa.o(i.__0printf)
    __c89printf                              0x000063f1   Thumb Code     0  printfa.o(i.__0printf)
    printf                                   0x000063f1   Thumb Code     0  printfa.o(i.__0printf)
    __ARM_clz                                0x00006411   Thumb Code    46  depilogue.o(i.__ARM_clz)
    __ARM_fpclassify                         0x00006441   Thumb Code    40  fpclassify.o(i.__ARM_fpclassify)
    __kernel_poly                            0x0000646d   Thumb Code   172  poly.o(i.__kernel_poly)
    __mathlib_dbl_infnan                     0x00006519   Thumb Code    10  dunder.o(i.__mathlib_dbl_infnan)
    __mathlib_dbl_infnan2                    0x00006523   Thumb Code     8  dunder.o(i.__mathlib_dbl_infnan2)
    __mathlib_dbl_invalid                    0x0000652b   Thumb Code    16  dunder.o(i.__mathlib_dbl_invalid)
    __mathlib_dbl_underflow                  0x0000653d   Thumb Code    14  dunder.o(i.__mathlib_dbl_underflow)
    __scatterload_copy                       0x00006551   Thumb Code    14  handlers.o(i.__scatterload_copy)
    __scatterload_null                       0x00006561   Thumb Code     2  handlers.o(i.__scatterload_null)
    __scatterload_zeroinit                   0x00006569   Thumb Code    14  handlers.o(i.__scatterload_zeroinit)
    __set_errno                              0x00006579   Thumb Code     6  errno.o(i.__set_errno)
    asin                                     0x00006e31   Thumb Code   574  asin.o(i.asin)
    atan                                     0x000070a5   Thumb Code   472  atan.o(i.atan)
    atan2                                    0x000072c1   Thumb Code   372  atan2.o(i.atan2)
    sqrt                                     0x0000745d   Thumb Code    66  sqrt.o(i.sqrt)
    __mathlib_zero                           0x00007590   Data           8  qnan.o(.constdata)
    hw                                       0x000081e8   Data          12  inv_mpu.o(.rodata.hw)
    oled_asc2_1206                           0x000081f4   Data        1140  oled.o(.rodata.oled_asc2_1206)
    oled_asc2_1608                           0x00008668   Data        1520  oled.o(.rodata.oled_asc2_1608)
    reg                                      0x00008c58   Data          27  inv_mpu.o(.rodata.reg)
    test                                     0x00008e4c   Data          40  inv_mpu.o(.rodata.test)
    Region$$Table$$Base                      0x00008e74   Number         0  anon$$obj.o(Region$$Table)
    Region$$Table$$Limit                     0x00008e94   Number         0  anon$$obj.o(Region$$Table)
    __stdout                                 0x20200000   Data           4  stdout.o(.data)
    Flag_Stop                                0x20200008   Data           4  empty.o(.data.Flag_Stop)
    User_sIICDev                             0x2020000c   Data          24  bsp_iic.o(.data.User_sIICDev)
    Velcity_Ki                               0x20200024   Data           4  motor.o(.data.Velcity_Ki)
    Velcity_Kp                               0x20200028   Data           4  motor.o(.data.Velcity_Kp)
    q0                                       0x20200038   Data           4  mpu6050.o(.data.q0)
    Get_Encoder_countA                       0x20200070   Data           4  encoder.o(.bss.Get_Encoder_countA)
    Get_Encoder_countB                       0x20200074   Data           4  encoder.o(.bss.Get_Encoder_countB)
    OLED_GRAM                                0x2020007a   Data        1024  oled.o(.bss.OLED_GRAM)
    PWMA                                     0x2020047c   Data           4  empty.o(.bss.PWMA)
    PWMB                                     0x20200480   Data           4  empty.o(.bss.PWMB)
    Pitch                                    0x20200484   Data           4  mpu6050.o(.bss.Pitch)
    Roll                                     0x20200488   Data           4  mpu6050.o(.bss.Roll)
    Yaw                                      0x2020049c   Data           4  mpu6050.o(.bss.Yaw)
    accel                                    0x202004a0   Data           6  mpu6050.o(.bss.accel)
    buffer                                   0x202004a6   Data          14  mpu6050.o(.bss.buffer)
    encoderA_cnt                             0x202004cc   Data           4  empty.o(.bss.encoderA_cnt)
    encoderB_cnt                             0x202004d0   Data           4  empty.o(.bss.encoderB_cnt)
    gPWM_0Backup                             0x202004d4   Data         188  ti_msp_dl_config.o(.bss.gPWM_0Backup)
    gpio_interrup1                           0x20200590   Data           4  encoder.o(.bss.gpio_interrup1)
    gpio_interrup2                           0x20200594   Data           4  encoder.o(.bss.gpio_interrup2)
    gyro                                     0x20200598   Data           6  mpu6050.o(.bss.gyro)
    q1                                       0x202005a0   Data           4  mpu6050.o(.bss.q1)
    q2                                       0x202005a4   Data           4  mpu6050.o(.bss.q2)
    q3                                       0x202005a8   Data           4  mpu6050.o(.bss.q3)
    sensors                                  0x202005ac   Data           2  mpu6050.o(.bss.sensors)
    __initial_sp                             0x202015b0   Data           0  startup_mspm0g350x_uvision.o(STACK)



==============================================================================

Memory Map of the image

  Image Entry point : 0x000000c1

  Load Region LR_IROM1 (Base: 0x00000000, Size: 0x00008f08, Max: 0x00020000, ABSOLUTE)

    Execution Region ER_IROM1 (Exec base: 0x00000000, Load base: 0x00000000, Size: 0x00008e94, Max: 0x00020000, ABSOLUTE)

    Exec Addr    Load Addr    Size         Type   Attr      Idx    E Section Name        Object

    0x00000000   0x00000000   0x000000c0   Data   RO            3    RESET               startup_mspm0g350x_uvision.o
    0x000000c0   0x000000c0   0x00000000   Code   RO         1820  * .ARM.Collect$$$$00000000  mc_p.l(entry.o)
    0x000000c0   0x000000c0   0x00000004   Code   RO         1919    .ARM.Collect$$$$00000001  mc_p.l(entry2.o)
    0x000000c4   0x000000c4   0x00000004   Code   RO         1922    .ARM.Collect$$$$00000004  mc_p.l(entry5.o)
    0x000000c8   0x000000c8   0x00000000   Code   RO         1924    .ARM.Collect$$$$00000008  mc_p.l(entry7b.o)
    0x000000c8   0x000000c8   0x00000000   Code   RO         1926    .ARM.Collect$$$$0000000A  mc_p.l(entry8b.o)
    0x000000c8   0x000000c8   0x00000008   Code   RO         1927    .ARM.Collect$$$$0000000B  mc_p.l(entry9a.o)
    0x000000d0   0x000000d0   0x00000000   Code   RO         1929    .ARM.Collect$$$$0000000D  mc_p.l(entry10a.o)
    0x000000d0   0x000000d0   0x00000000   Code   RO         1931    .ARM.Collect$$$$0000000F  mc_p.l(entry11a.o)
    0x000000d0   0x000000d0   0x00000004   Code   RO         1920    .ARM.Collect$$$$00002712  mc_p.l(entry2.o)
    0x000000d4   0x000000d4   0x00000014   Code   RO            4    .text               startup_mspm0g350x_uvision.o
    0x000000e8   0x000000e8   0x0000004c   Code   RO         1831    .text               mc_p.l(ldiv.o)
    0x00000134   0x00000134   0x00000030   Code   RO         1833    .text               mc_p.l(llmul.o)
    0x00000164   0x00000164   0x0000001a   Code   RO         1835    .text               mc_p.l(memcmp.o)
    0x0000017e   0x0000017e   0x000000b2   Code   RO         1865    .text               mf_p.l(fadd.o)
    0x00000230   0x00000230   0x0000007a   Code   RO         1867    .text               mf_p.l(fmul.o)
    0x000002aa   0x000002aa   0x0000007c   Code   RO         1869    .text               mf_p.l(fdiv.o)
    0x00000326   0x00000326   0x00000002   PAD
    0x00000328   0x00000328   0x00000164   Code   RO         1871    .text               mf_p.l(dadd.o)
    0x0000048c   0x0000048c   0x000000d0   Code   RO         1873    .text               mf_p.l(dmul.o)
    0x0000055c   0x0000055c   0x0000001c   Code   RO         1875    .text               mf_p.l(fcmple.o)
    0x00000578   0x00000578   0x0000001c   Code   RO         1877    .text               mf_p.l(fcmplt.o)
    0x00000594   0x00000594   0x0000001c   Code   RO         1879    .text               mf_p.l(fcmpeq.o)
    0x000005b0   0x000005b0   0x00000016   Code   RO         1881    .text               mf_p.l(fflti.o)
    0x000005c6   0x000005c6   0x0000000e   Code   RO         1883    .text               mf_p.l(ffltui.o)
    0x000005d4   0x000005d4   0x00000032   Code   RO         1885    .text               mf_p.l(ffixi.o)
    0x00000606   0x00000606   0x00000028   Code   RO         1887    .text               mf_p.l(f2d.o)
    0x0000062e   0x0000062e   0x00000038   Code   RO         1889    .text               mf_p.l(d2f.o)
    0x00000666   0x00000666   0x0000003e   Code   RO         1938    .text               mc_p.l(uidiv_div0.o)
    0x000006a4   0x000006a4   0x00000050   Code   RO         1940    .text               mc_p.l(idiv_div0.o)
    0x000006f4   0x000006f4   0x00000060   Code   RO         1944    .text               mc_p.l(uldiv.o)
    0x00000754   0x00000754   0x00000020   Code   RO         1946    .text               mc_p.l(llshl.o)
    0x00000774   0x00000774   0x00000026   Code   RO         1948    .text               mc_p.l(llsshr.o)
    0x0000079a   0x0000079a   0x00000000   Code   RO         1957    .text               mc_p.l(iusefp.o)
    0x0000079a   0x0000079a   0x00000082   Code   RO         1958    .text               mf_p.l(fepilogue.o)
    0x0000081c   0x0000081c   0x000000be   Code   RO         1960    .text               mf_p.l(depilogue.o)
    0x000008da   0x000008da   0x00000002   PAD
    0x000008dc   0x000008dc   0x000000f0   Code   RO         1964    .text               mf_p.l(ddiv.o)
    0x000009cc   0x000009cc   0x0000002c   Code   RO         1966    .text               mf_p.l(dscalb.o)
    0x000009f8   0x000009f8   0x00000040   Code   RO         1968    .text               mf_p.l(dfixul.o)
    0x00000a38   0x00000a38   0x00000028   Code   RO         1970    .text               mf_p.l(cdcmple.o)
    0x00000a60   0x00000a60   0x00000028   Code   RO         1972    .text               mf_p.l(cdrcmple.o)
    0x00000a88   0x00000a88   0x00000030   Code   RO         1974    .text               mc_p.l(init.o)
    0x00000ab8   0x00000ab8   0x00000022   Code   RO         1976    .text               mc_p.l(llushr.o)
    0x00000ada   0x00000ada   0x000000a2   Code   RO         1978    .text               mf_p.l(dsqrt.o)
    0x00000b7c   0x00000b7c   0x00000014   Code   RO         1237    .text.DL_Common_delayCycles  dl_common.o
    0x00000b90   0x00000b90   0x00000028   Code   RO          127    .text.DL_Common_updateReg  ti_msp_dl_config.o
    0x00000bb8   0x00000bb8   0x00000028   Code   RO          219    .text.DL_Common_updateReg  dl_uart.o
    0x00000be0   0x00000be0   0x00000028   Code   RO          309    .text.DL_Common_updateReg  dl_timer.o
    0x00000c08   0x00000c08   0x00000028   Code   RO          881    .text.DL_Common_updateReg  dl_i2c.o
    0x00000c30   0x00000c30   0x00000028   Code   RO         1512    .text.DL_Common_updateReg  bsp_iic.o
    0x00000c58   0x00000c58   0x00000018   Code   RO           67    .text.DL_GPIO_clearInterruptStatus  ti_msp_dl_config.o
    0x00000c70   0x00000c70   0x00000018   Code   RO         1384    .text.DL_GPIO_clearInterruptStatus  encoder.o
    0x00000c88   0x00000c88   0x00000014   Code   RO           63    .text.DL_GPIO_clearPins  ti_msp_dl_config.o
    0x00000c9c   0x00000c9c   0x00000014   Code   RO         1334    .text.DL_GPIO_clearPins  led.o
    0x00000cb0   0x00000cb0   0x00000014   Code   RO         1358    .text.DL_GPIO_clearPins  motor.o
    0x00000cc4   0x00000cc4   0x00000014   Code   RO         1439    .text.DL_GPIO_clearPins  oled.o
    0x00000cd8   0x00000cd8   0x00000014   Code   RO         1460    .text.DL_GPIO_clearPins  bsp_iic.o
    0x00000cec   0x00000cec   0x00000018   Code   RO           55    .text.DL_GPIO_enableHiZ  ti_msp_dl_config.o
    0x00000d04   0x00000d04   0x00000018   Code   RO         1508    .text.DL_GPIO_enableHiZ  bsp_iic.o
    0x00000d1c   0x00000d1c   0x0000001c   Code   RO           69    .text.DL_GPIO_enableInterrupt  ti_msp_dl_config.o
    0x00000d38   0x00000d38   0x00000014   Code   RO           51    .text.DL_GPIO_enableOutput  ti_msp_dl_config.o
    0x00000d4c   0x00000d4c   0x00000018   Code   RO         1504    .text.DL_GPIO_enableOutput  bsp_iic.o
    0x00000d64   0x00000d64   0x00000014   Code   RO           41    .text.DL_GPIO_enablePower  ti_msp_dl_config.o
    0x00000d78   0x00000d78   0x00000018   Code   RO         1380    .text.DL_GPIO_getEnabledInterruptStatus  encoder.o
    0x00000d90   0x00000d90   0x00000014   Code   RO           59    .text.DL_GPIO_initDigitalInput  ti_msp_dl_config.o
    0x00000da4   0x00000da4   0x00000030   Code   RO         1502    .text.DL_GPIO_initDigitalInputFeatures  bsp_iic.o
    0x00000dd4   0x00000dd4   0x00000014   Code   RO           61    .text.DL_GPIO_initDigitalOutput  ti_msp_dl_config.o
    0x00000de8   0x00000de8   0x00000014   Code   RO         1500    .text.DL_GPIO_initDigitalOutput  bsp_iic.o
    0x00000dfc   0x00000dfc   0x00000018   Code   RO           57    .text.DL_GPIO_initPeripheralInputFunction  ti_msp_dl_config.o
    0x00000e14   0x00000e14   0x00000034   Code   RO           53    .text.DL_GPIO_initPeripheralInputFunctionFeatures  ti_msp_dl_config.o
    0x00000e48   0x00000e48   0x00000038   Code   RO         1506    .text.DL_GPIO_initPeripheralInputFunctionFeatures  bsp_iic.o
    0x00000e80   0x00000e80   0x0000001c   Code   RO           49    .text.DL_GPIO_initPeripheralOutputFunction  ti_msp_dl_config.o
    0x00000e9c   0x00000e9c   0x00000016   Code   RO         1312    .text.DL_GPIO_readPins  key.o
    0x00000eb2   0x00000eb2   0x00000016   Code   RO         1382    .text.DL_GPIO_readPins  encoder.o
    0x00000ec8   0x00000ec8   0x00000016   Code   RO         1464    .text.DL_GPIO_readPins  bsp_iic.o
    0x00000ede   0x00000ede   0x00000002   PAD
    0x00000ee0   0x00000ee0   0x00000010   Code   RO           33    .text.DL_GPIO_reset  ti_msp_dl_config.o
    0x00000ef0   0x00000ef0   0x00000014   Code   RO         1356    .text.DL_GPIO_setPins  motor.o
    0x00000f04   0x00000f04   0x00000014   Code   RO         1441    .text.DL_GPIO_setPins  oled.o
    0x00000f18   0x00000f18   0x00000018   Code   RO         1462    .text.DL_GPIO_setPins  bsp_iic.o
    0x00000f30   0x00000f30   0x00000018   Code   RO           65    .text.DL_GPIO_setUpperPinsPolarity  ti_msp_dl_config.o
    0x00000f48   0x00000f48   0x00000018   Code   RO         1342    .text.DL_GPIO_togglePins  led.o
    0x00000f60   0x00000f60   0x00000018   Code   RO         1472    .text.DL_I2C_clearInterruptStatus  bsp_iic.o
    0x00000f78   0x00000f78   0x00000018   Code   RO           95    .text.DL_I2C_enableAnalogGlitchFilter  ti_msp_dl_config.o
    0x00000f90   0x00000f90   0x00000014   Code   RO          107    .text.DL_I2C_enableController  ti_msp_dl_config.o
    0x00000fa4   0x00000fa4   0x00000018   Code   RO          105    .text.DL_I2C_enableControllerClockStretching  ti_msp_dl_config.o
    0x00000fbc   0x00000fbc   0x00000014   Code   RO           45    .text.DL_I2C_enablePower  ti_msp_dl_config.o
    0x00000fd0   0x00000fd0   0x00000018   Code   RO         1510    .text.DL_I2C_enablePower  bsp_iic.o
    0x00000fe8   0x00000fe8   0x00000054   Code   RO          885    .text.DL_I2C_fillControllerTXFIFO  dl_i2c.o
    0x0000103c   0x0000103c   0x00000026   Code   RO          891    .text.DL_I2C_flushControllerTXFIFO  dl_i2c.o
    0x00001062   0x00001062   0x00000002   PAD
    0x00001064   0x00001064   0x00000014   Code   RO         1474    .text.DL_I2C_getControllerStatus  bsp_iic.o
    0x00001078   0x00001078   0x00000018   Code   RO         1478    .text.DL_I2C_getRawInterruptStatus  bsp_iic.o
    0x00001090   0x00001090   0x0000001c   Code   RO         1514    .text.DL_I2C_getSDAStatus  bsp_iic.o
    0x000010ac   0x000010ac   0x00000018   Code   RO         1482    .text.DL_I2C_isControllerRXFIFOEmpty  bsp_iic.o
    0x000010c4   0x000010c4   0x00000020   Code   RO          895    .text.DL_I2C_isControllerTXFIFOEmpty  dl_i2c.o
    0x000010e4   0x000010e4   0x0000001c   Code   RO          887    .text.DL_I2C_isControllerTXFIFOFull  dl_i2c.o
    0x00001100   0x00001100   0x00000014   Code   RO         1484    .text.DL_I2C_receiveControllerData  bsp_iic.o
    0x00001114   0x00001114   0x00000010   Code   RO           37    .text.DL_I2C_reset  ti_msp_dl_config.o
    0x00001124   0x00001124   0x00000018   Code   RO         1498    .text.DL_I2C_reset  bsp_iic.o
    0x0000113c   0x0000113c   0x00000010   Code   RO           97    .text.DL_I2C_resetControllerTransfer  ti_msp_dl_config.o
    0x0000114c   0x0000114c   0x00000026   Code   RO           93    .text.DL_I2C_setAnalogGlitchFilterPulseWidth  ti_msp_dl_config.o
    0x00001172   0x00001172   0x00000002   PAD
    0x00001174   0x00001174   0x00000034   Code   RO          879    .text.DL_I2C_setClockConfig  dl_i2c.o
    0x000011a8   0x000011a8   0x00000024   Code   RO          103    .text.DL_I2C_setControllerRXFIFOThreshold  ti_msp_dl_config.o
    0x000011cc   0x000011cc   0x00000024   Code   RO          101    .text.DL_I2C_setControllerTXFIFOThreshold  ti_msp_dl_config.o
    0x000011f0   0x000011f0   0x00000018   Code   RO           99    .text.DL_I2C_setTimerPeriod  ti_msp_dl_config.o
    0x00001208   0x00001208   0x00000050   Code   RO         1476    .text.DL_I2C_startControllerTransfer  bsp_iic.o
    0x00001258   0x00001258   0x00000014   Code   RO          893    .text.DL_I2C_startFlushControllerTXFIFO  dl_i2c.o
    0x0000126c   0x0000126c   0x00000018   Code   RO          897    .text.DL_I2C_stopFlushControllerTXFIFO  dl_i2c.o
    0x00001284   0x00001284   0x00000016   Code   RO          889    .text.DL_I2C_transmitControllerData  dl_i2c.o
    0x0000129a   0x0000129a   0x00000016   Code   RO         1470    .text.DL_I2C_transmitControllerData  bsp_iic.o
    0x000012b0   0x000012b0   0x000000c0   Code   RO         1780    .text.DL_SYSCTL_configSYSPLL  driverlib.a(dl_sysctl_mspm0g1x0x_g3x0x.o)
    0x00001370   0x00001370   0x0000000c   Code   RO           77    .text.DL_SYSCTL_disableHFXT  ti_msp_dl_config.o
    0x0000137c   0x0000137c   0x00000014   Code   RO           79    .text.DL_SYSCTL_disableSYSPLL  ti_msp_dl_config.o
    0x00001390   0x00001390   0x00000010   Code   RO           83    .text.DL_SYSCTL_enableMFCLK  ti_msp_dl_config.o
    0x000013a0   0x000013a0   0x00000020   Code   RO         1739    .text.DL_SYSCTL_resetDevice  mpu6050.o
    0x000013c0   0x000013c0   0x00000018   Code   RO           71    .text.DL_SYSCTL_setBORThreshold  ti_msp_dl_config.o
    0x000013d8   0x000013d8   0x0000001c   Code   RO           73    .text.DL_SYSCTL_setFlashWaitState  ti_msp_dl_config.o
    0x000013f4   0x000013f4   0x0000001c   Code   RO           75    .text.DL_SYSCTL_setSYSOSCFreq  ti_msp_dl_config.o
    0x00001410   0x00001410   0x00000018   Code   RO           81    .text.DL_SYSCTL_setULPCLKDivider  ti_msp_dl_config.o
    0x00001428   0x00001428   0x00000028   Code   RO         1788    .text.DL_SYSCTL_switchMCLKfromSYSOSCtoHSCLK  driverlib.a(dl_sysctl_mspm0g1x0x_g3x0x.o)
    0x00001450   0x00001450   0x0000000c   Code   RO          125    .text.DL_SYSTICK_enable  ti_msp_dl_config.o
    0x0000145c   0x0000145c   0x00000028   Code   RO          123    .text.DL_SYSTICK_init  ti_msp_dl_config.o
    0x00001484   0x00001484   0x000000ea   Code   RO          361    .text.DL_TimerA_initPWMMode  dl_timer.o
    0x0000156e   0x0000156e   0x00000002   PAD
    0x00001570   0x00001570   0x00000014   Code   RO           87    .text.DL_Timer_enableClock  ti_msp_dl_config.o
    0x00001584   0x00001584   0x0000001c   Code   RO           91    .text.DL_Timer_enableInterrupt  ti_msp_dl_config.o
    0x000015a0   0x000015a0   0x00000018   Code   RO           43    .text.DL_Timer_enablePower  ti_msp_dl_config.o
    0x000015b8   0x000015b8   0x00000012   Code   RO          155    .text.DL_Timer_getPendingInterrupt  empty.o
    0x000015ca   0x000015ca   0x00000002   PAD
    0x000015cc   0x000015cc   0x0000010c   Code   RO          321    .text.DL_Timer_initPWMMode  dl_timer.o
    0x000016d8   0x000016d8   0x000000fc   Code   RO          291    .text.DL_Timer_initTimerMode  dl_timer.o
    0x000017d4   0x000017d4   0x00000010   Code   RO           35    .text.DL_Timer_reset  ti_msp_dl_config.o
    0x000017e4   0x000017e4   0x00000014   Code   RO           89    .text.DL_Timer_setCCPDirection  ti_msp_dl_config.o
    0x000017f8   0x000017f8   0x00000030   Code   RO          335    .text.DL_Timer_setCaptCompUpdateMethod  dl_timer.o
    0x00001828   0x00001828   0x00000034   Code   RO          323    .text.DL_Timer_setCaptureCompareAction  dl_timer.o
    0x0000185c   0x0000185c   0x0000003c   Code   RO          299    .text.DL_Timer_setCaptureCompareCtl  dl_timer.o
    0x00001898   0x00001898   0x00000034   Code   RO          305    .text.DL_Timer_setCaptureCompareInput  dl_timer.o
    0x000018cc   0x000018cc   0x00000040   Code   RO          325    .text.DL_Timer_setCaptureCompareOutCtl  dl_timer.o
    0x0000190c   0x0000190c   0x0000002c   Code   RO          297    .text.DL_Timer_setCaptureCompareValue  dl_timer.o
    0x00001938   0x00001938   0x0000002c   Code   RO          287    .text.DL_Timer_setClockConfig  dl_timer.o
    0x00001964   0x00001964   0x0000001c   Code   RO          295    .text.DL_Timer_setCounterValueAfterEnable  dl_timer.o
    0x00001980   0x00001980   0x00000018   Code   RO          293    .text.DL_Timer_setLoadValue  dl_timer.o
    0x00001998   0x00001998   0x00000018   Code   RO          147    .text.DL_Timer_startCounter  empty.o
    0x000019b0   0x000019b0   0x00000016   Code   RO          217    .text.DL_UART_disable  dl_uart.o
    0x000019c6   0x000019c6   0x00000016   Code   RO          121    .text.DL_UART_enable  ti_msp_dl_config.o
    0x000019dc   0x000019dc   0x00000018   Code   RO          113    .text.DL_UART_enableFIFOs  ti_msp_dl_config.o
    0x000019f4   0x000019f4   0x00000016   Code   RO          119    .text.DL_UART_enableLoopbackMode  ti_msp_dl_config.o
    0x00001a0a   0x00001a0a   0x00000002   PAD
    0x00001a0c   0x00001a0c   0x00000018   Code   RO           47    .text.DL_UART_enablePower  ti_msp_dl_config.o
    0x00001a24   0x00001a24   0x00000048   Code   RO          215    .text.DL_UART_init  dl_uart.o
    0x00001a6c   0x00001a6c   0x00000018   Code   RO          189    .text.DL_UART_isBusy  board.o
    0x00001a84   0x00001a84   0x00000018   Code   RO           39    .text.DL_UART_reset  ti_msp_dl_config.o
    0x00001a9c   0x00001a9c   0x0000004c   Code   RO          111    .text.DL_UART_setBaudRateDivisor  ti_msp_dl_config.o
    0x00001ae8   0x00001ae8   0x00000024   Code   RO          221    .text.DL_UART_setClockConfig  dl_uart.o
    0x00001b0c   0x00001b0c   0x0000001e   Code   RO          109    .text.DL_UART_setOversampling  ti_msp_dl_config.o
    0x00001b2a   0x00001b2a   0x00000002   PAD
    0x00001b2c   0x00001b2c   0x00000024   Code   RO          115    .text.DL_UART_setRXFIFOThreshold  ti_msp_dl_config.o
    0x00001b50   0x00001b50   0x00000028   Code   RO          117    .text.DL_UART_setTXFIFOThreshold  ti_msp_dl_config.o
    0x00001b78   0x00001b78   0x00000016   Code   RO          191    .text.DL_UART_transmitData  board.o
    0x00001b8e   0x00001b8e   0x00000002   PAD
    0x00001b90   0x00001b90   0x00000164   Code   RO         1741    .text.DMP_Init      mpu6050.o
    0x00001cf4   0x00001cf4   0x00000120   Code   RO         1378    .text.GROUP1_IRQHandler  encoder.o
    0x00001e14   0x00001e14   0x00000016   Code   RO         1490    .text.HW_IIC_Master_Receive  bsp_iic.o
    0x00001e2a   0x00001e2a   0x00000016   Code   RO         1488    .text.HW_IIC_Master_Transmit  bsp_iic.o
    0x00001e40   0x00001e40   0x00000050   Code   RO         1494    .text.HW_IIC_Mem_Read  bsp_iic.o
    0x00001e90   0x00001e90   0x00000058   Code   RO         1492    .text.HW_IIC_Mem_Write  bsp_iic.o
    0x00001ee8   0x00001ee8   0x00000014   Code   RO         1496    .text.HW_iic_delayms  bsp_iic.o
    0x00001efc   0x00001efc   0x0000001c   Code   RO         1486    .text.HW_iic_init   bsp_iic.o
    0x00001f18   0x00001f18   0x00000038   Code   RO         1713    .text.IICreadBytes  mpu6050.o
    0x00001f50   0x00001f50   0x00000080   Code   RO         1711    .text.IICwriteBit   mpu6050.o
    0x00001fd0   0x00001fd0   0x000000b8   Code   RO         1709    .text.IICwriteBits  mpu6050.o
    0x00002088   0x00002088   0x0000002c   Code   RO         1316    .text.Key           key.o
    0x000020b4   0x000020b4   0x00000044   Code   RO         1344    .text.LED_Flash     led.o
    0x000020f8   0x000020f8   0x00000010   Code   RO         1332    .text.LED_ON        led.o
    0x00002108   0x00002108   0x00000014   Code   RO         1340    .text.LED_Toggle    led.o
    0x0000211c   0x0000211c   0x00000020   Code   RO         1729    .text.MPU6050_getDeviceID  mpu6050.o
    0x0000213c   0x0000213c   0x00000040   Code   RO         1737    .text.MPU6050_initialize  mpu6050.o
    0x0000217c   0x0000217c   0x0000001e   Code   RO         1721    .text.MPU6050_setClockSource  mpu6050.o
    0x0000219a   0x0000219a   0x0000001e   Code   RO         1725    .text.MPU6050_setFullScaleAccelRange  mpu6050.o
    0x000021b8   0x000021b8   0x0000001e   Code   RO         1723    .text.MPU6050_setFullScaleGyroRange  mpu6050.o
    0x000021d6   0x000021d6   0x0000001a   Code   RO         1735    .text.MPU6050_setI2CBypassEnabled  mpu6050.o
    0x000021f0   0x000021f0   0x0000001a   Code   RO         1733    .text.MPU6050_setI2CMasterModeEnabled  mpu6050.o
    0x0000220a   0x0000220a   0x0000001a   Code   RO         1727    .text.MPU6050_setSleepEnabled  mpu6050.o
    0x00002224   0x00002224   0x0000005c   Code   RO         1417    .text.OLED_Clear    oled.o
    0x00002280   0x00002280   0x0000008c   Code   RO         1419    .text.OLED_DrawPoint  oled.o
    0x0000230c   0x0000230c   0x000000e4   Code   RO         1429    .text.OLED_Init     oled.o
    0x000023f0   0x000023f0   0x00000010   Code   RO         1431    .text.OLED_RST_Clr  oled.o
    0x00002400   0x00002400   0x00000010   Code   RO         1433    .text.OLED_RST_Set  oled.o
    0x00002410   0x00002410   0x00000010   Code   RO         1403    .text.OLED_RS_Clr   oled.o
    0x00002420   0x00002420   0x00000014   Code   RO         1401    .text.OLED_RS_Set   oled.o
    0x00002434   0x00002434   0x0000007c   Code   RO         1397    .text.OLED_Refresh_Gram  oled.o
    0x000024b0   0x000024b0   0x00000010   Code   RO         1405    .text.OLED_SCLK_Clr  oled.o
    0x000024c0   0x000024c0   0x00000010   Code   RO         1411    .text.OLED_SCLK_Set  oled.o
    0x000024d0   0x000024d0   0x00000010   Code   RO         1409    .text.OLED_SDIN_Clr  oled.o
    0x000024e0   0x000024e0   0x00000014   Code   RO         1407    .text.OLED_SDIN_Set  oled.o
    0x000024f4   0x000024f4   0x00000114   Code   RO         1421    .text.OLED_ShowChar  oled.o
    0x00002608   0x00002608   0x0000007a   Code   RO         1427    .text.OLED_ShowString  oled.o
    0x00002682   0x00002682   0x0000006e   Code   RO         1399    .text.OLED_WR_Byte  oled.o
    0x000026f0   0x000026f0   0x00000244   Code   RO         1747    .text.Read_DMP      mpu6050.o
    0x00002934   0x00002934   0x00000130   Code   RO           15    .text.SYSCFG_DL_GPIO_init  ti_msp_dl_config.o
    0x00002a64   0x00002a64   0x00000054   Code   RO           23    .text.SYSCFG_DL_I2C_0_init  ti_msp_dl_config.o
    0x00002ab8   0x00002ab8   0x0000007c   Code   RO           19    .text.SYSCFG_DL_PWM_0_init  ti_msp_dl_config.o
    0x00002b34   0x00002b34   0x0000004c   Code   RO           17    .text.SYSCFG_DL_SYSCTL_init  ti_msp_dl_config.o
    0x00002b80   0x00002b80   0x00000010   Code   RO           27    .text.SYSCFG_DL_SYSTICK_init  ti_msp_dl_config.o
    0x00002b90   0x00002b90   0x00000030   Code   RO           21    .text.SYSCFG_DL_TIMER_0_init  ti_msp_dl_config.o
    0x00002bc0   0x00002bc0   0x00000058   Code   RO           25    .text.SYSCFG_DL_UART_0_init  ti_msp_dl_config.o
    0x00002c18   0x00002c18   0x00000030   Code   RO           11    .text.SYSCFG_DL_init  ti_msp_dl_config.o
    0x00002c48   0x00002c48   0x00000070   Code   RO           13    .text.SYSCFG_DL_initPower  ti_msp_dl_config.o
    0x00002cb8   0x00002cb8   0x0000010c   Code   RO         1354    .text.Set_PWM       motor.o
    0x00002dc4   0x00002dc4   0x0000000c   Code   RO          177    .text.Systick_getTick  board.o
    0x00002dd0   0x00002dd0   0x0000009c   Code   RO          153    .text.TIMG0_IRQHandler  empty.o
    0x00002e6c   0x00002e6c   0x000000ac   Code   RO         1360    .text.Velocity_A    motor.o
    0x00002f18   0x00002f18   0x000000c4   Code   RO         1362    .text.Velocity_B    motor.o
    0x00002fdc   0x00002fdc   0x0000002c   Code   RO          149    .text.__NVIC_ClearPendingIRQ  empty.o
    0x00003008   0x00003008   0x0000002c   Code   RO          151    .text.__NVIC_EnableIRQ  empty.o
    0x00003034   0x00003034   0x00000084   Code   RO           85    .text.__NVIC_SetPriority  ti_msp_dl_config.o
    0x000030b8   0x000030b8   0x000000dc   Code   RO         1602    .text.accel_self_test  inv_mpu.o
    0x00003194   0x00003194   0x0000012c   Code   RO         1310    .text.click_N_Double  key.o
    0x000032c0   0x000032c0   0x00000088   Code   RO         1685    .text.decode_gesture  inv_mpu_dmp_motion_driver.o
    0x00003348   0x00003348   0x00000030   Code   RO          179    .text.delay_ms      board.o
    0x00003378   0x00003378   0x00000090   Code   RO          181    .text.delay_us      board.o
    0x00003408   0x00003408   0x00000048   Code   RO         1677    .text.dmp_enable_6x_lp_quat  inv_mpu_dmp_motion_driver.o
    0x00003450   0x00003450   0x00000278   Code   RO         1671    .text.dmp_enable_feature  inv_mpu_dmp_motion_driver.o
    0x000036c8   0x000036c8   0x00000060   Code   RO         1673    .text.dmp_enable_gyro_cal  inv_mpu_dmp_motion_driver.o
    0x00003728   0x00003728   0x00000048   Code   RO         1675    .text.dmp_enable_lp_quat  inv_mpu_dmp_motion_driver.o
    0x00003770   0x00003770   0x0000001c   Code   RO         1635    .text.dmp_load_motion_driver_firmware  inv_mpu_dmp_motion_driver.o
    0x0000378c   0x0000378c   0x000001f4   Code   RO         1683    .text.dmp_read_fifo  inv_mpu_dmp_motion_driver.o
    0x00003980   0x00003980   0x00000108   Code   RO         1641    .text.dmp_set_accel_bias  inv_mpu_dmp_motion_driver.o
    0x00003a88   0x00003a88   0x00000098   Code   RO         1643    .text.dmp_set_fifo_rate  inv_mpu_dmp_motion_driver.o
    0x00003b20   0x00003b20   0x00000138   Code   RO         1639    .text.dmp_set_gyro_bias  inv_mpu_dmp_motion_driver.o
    0x00003c58   0x00003c58   0x00000178   Code   RO         1637    .text.dmp_set_orientation  inv_mpu_dmp_motion_driver.o
    0x00003dd0   0x00003dd0   0x00000044   Code   RO         1657    .text.dmp_set_shake_reject_thresh  inv_mpu_dmp_motion_driver.o
    0x00003e14   0x00003e14   0x00000032   Code   RO         1659    .text.dmp_set_shake_reject_time  inv_mpu_dmp_motion_driver.o
    0x00003e46   0x00003e46   0x00000032   Code   RO         1661    .text.dmp_set_shake_reject_timeout  inv_mpu_dmp_motion_driver.o
    0x00003e78   0x00003e78   0x00000066   Code   RO         1649    .text.dmp_set_tap_axes  inv_mpu_dmp_motion_driver.o
    0x00003ede   0x00003ede   0x00000044   Code   RO         1651    .text.dmp_set_tap_count  inv_mpu_dmp_motion_driver.o
    0x00003f22   0x00003f22   0x00000002   PAD
    0x00003f24   0x00003f24   0x00000238   Code   RO         1647    .text.dmp_set_tap_thresh  inv_mpu_dmp_motion_driver.o
    0x0000415c   0x0000415c   0x00000030   Code   RO         1653    .text.dmp_set_tap_time  inv_mpu_dmp_motion_driver.o
    0x0000418c   0x0000418c   0x00000030   Code   RO         1655    .text.dmp_set_tap_time_multi  inv_mpu_dmp_motion_driver.o
    0x000041bc   0x000041bc   0x0000002c   Code   RO          187    .text.fputc         board.o
    0x000041e8   0x000041e8   0x000000ec   Code   RO         1620    .text.get_accel_prod_shift  inv_mpu.o
    0x000042d4   0x000042d4   0x000004a4   Code   RO         1600    .text.get_st_biases  inv_mpu.o
    0x00004778   0x00004778   0x00000130   Code   RO         1604    .text.gyro_self_test  inv_mpu.o
    0x000048a8   0x000048a8   0x0000003c   Code   RO         1715    .text.i2cRead       mpu6050.o
    0x000048e4   0x000048e4   0x0000003e   Code   RO         1743    .text.inv_orientation_matrix_to_scalar  mpu6050.o
    0x00004922   0x00004922   0x00000096   Code   RO         1751    .text.inv_row_2_scale  mpu6050.o
    0x000049b8   0x000049b8   0x00000080   Code   RO          145    .text.main          empty.o
    0x00004a38   0x00004a38   0x00000060   Code   RO         1456    .text.mpu6050_i2c_sda_unlock  bsp_iic.o
    0x00004a98   0x00004a98   0x000000bc   Code   RO         1546    .text.mpu_configure_fifo  inv_mpu.o
    0x00004b54   0x00004b54   0x00000070   Code   RO         1570    .text.mpu_get_accel_fsr  inv_mpu.o
    0x00004bc4   0x00004bc4   0x0000007c   Code   RO         1582    .text.mpu_get_accel_sens  inv_mpu.o
    0x00004c40   0x00004c40   0x00000014   Code   RO         1584    .text.mpu_get_fifo_config  inv_mpu.o
    0x00004c54   0x00004c54   0x0000005c   Code   RO         1568    .text.mpu_get_gyro_fsr  inv_mpu.o
    0x00004cb0   0x00004cb0   0x0000006c   Code   RO         1580    .text.mpu_get_gyro_sens  inv_mpu.o
    0x00004d1c   0x00004d1c   0x00000078   Code   RO         1572    .text.mpu_get_lpf   inv_mpu.o
    0x00004d94   0x00004d94   0x00000034   Code   RO         1574    .text.mpu_get_sample_rate  inv_mpu.o
    0x00004dc8   0x00004dc8   0x00000214   Code   RO         1536    .text.mpu_init      inv_mpu.o
    0x00004fdc   0x00004fdc   0x00000124   Code   RO         1610    .text.mpu_load_firmware  inv_mpu.o
    0x00005100   0x00005100   0x00000110   Code   RO         1552    .text.mpu_lp_accel_mode  inv_mpu.o
    0x00005210   0x00005210   0x00000104   Code   RO         1592    .text.mpu_read_fifo_stream  inv_mpu.o
    0x00005314   0x00005314   0x000000ac   Code   RO         1608    .text.mpu_read_mem  inv_mpu.o
    0x000053c0   0x000053c0   0x00000220   Code   RO         1566    .text.mpu_reset_fifo  inv_mpu.o
    0x000055e0   0x000055e0   0x00000174   Code   RO         1596    .text.mpu_run_self_test  inv_mpu.o
    0x00005754   0x00005754   0x000000e4   Code   RO         1540    .text.mpu_set_accel_fsr  inv_mpu.o
    0x00005838   0x00005838   0x000001a0   Code   RO         1548    .text.mpu_set_bypass  inv_mpu.o
    0x000059d8   0x000059d8   0x000000b8   Code   RO         1598    .text.mpu_set_dmp_state  inv_mpu.o
    0x00005a90   0x00005a90   0x000000c4   Code   RO         1538    .text.mpu_set_gyro_fsr  inv_mpu.o
    0x00005b54   0x00005b54   0x0000009c   Code   RO         1554    .text.mpu_set_int_latched  inv_mpu.o
    0x00005bf0   0x00005bf0   0x000000d0   Code   RO         1542    .text.mpu_set_lpf   inv_mpu.o
    0x00005cc0   0x00005cc0   0x000000ec   Code   RO         1544    .text.mpu_set_sample_rate  inv_mpu.o
    0x00005dac   0x00005dac   0x00000130   Code   RO         1550    .text.mpu_set_sensors  inv_mpu.o
    0x00005edc   0x00005edc   0x000000ac   Code   RO         1606    .text.mpu_write_mem  inv_mpu.o
    0x00005f88   0x00005f88   0x0000000e   Code   RO         1454    .text.mspm0_get_clock_ms  bsp_iic.o
    0x00005f96   0x00005f96   0x00000002   PAD
    0x00005f98   0x00005f98   0x00000040   Code   RO         1458    .text.mspm0_i2c_disable  bsp_iic.o
    0x00005fd8   0x00005fd8   0x00000050   Code   RO         1466    .text.mspm0_i2c_enable  bsp_iic.o
    0x00006028   0x00006028   0x00000114   Code   RO         1480    .text.mspm0_i2c_read  bsp_iic.o
    0x0000613c   0x0000613c   0x000000c4   Code   RO         1468    .text.mspm0_i2c_write  bsp_iic.o
    0x00006200   0x00006200   0x00000018   Code   RO         1528    .text.mydelay_ms    inv_mpu.o
    0x00006218   0x00006218   0x00000008   Code   RO         1558    .text.myget_ms      inv_mpu.o
    0x00006220   0x00006220   0x00000038   Code   RO         1524    .text.myi2cRead     inv_mpu.o
    0x00006258   0x00006258   0x0000003c   Code   RO         1526    .text.myi2cWrite    inv_mpu.o
    0x00006294   0x00006294   0x00000086   Code   RO         1745    .text.run_self_test  mpu6050.o
    0x0000631a   0x0000631a   0x00000002   PAD
    0x0000631c   0x0000631c   0x000000d4   Code   RO         1530    .text.set_int_enable  inv_mpu.o
    0x000063f0   0x000063f0   0x00000020   Code   RO         1838    i.__0printf         mc_p.l(printfa.o)
    0x00006410   0x00006410   0x0000002e   Code   RO         1962    i.__ARM_clz         mf_p.l(depilogue.o)
    0x0000643e   0x0000643e   0x00000002   PAD
    0x00006440   0x00006440   0x0000002c   Code   RO         1910    i.__ARM_fpclassify  m_ps.l(fpclassify.o)
    0x0000646c   0x0000646c   0x000000ac   Code   RO         1912    i.__kernel_poly     m_ps.l(poly.o)
    0x00006518   0x00006518   0x0000000a   Code   RO         1897    i.__mathlib_dbl_infnan  m_ps.l(dunder.o)
    0x00006522   0x00006522   0x00000008   Code   RO         1898    i.__mathlib_dbl_infnan2  m_ps.l(dunder.o)
    0x0000652a   0x0000652a   0x00000010   Code   RO         1899    i.__mathlib_dbl_invalid  m_ps.l(dunder.o)
    0x0000653a   0x0000653a   0x00000002   PAD
    0x0000653c   0x0000653c   0x00000014   Code   RO         1902    i.__mathlib_dbl_underflow  m_ps.l(dunder.o)
    0x00006550   0x00006550   0x0000000e   Code   RO         1982    i.__scatterload_copy  mc_p.l(handlers.o)
    0x0000655e   0x0000655e   0x00000002   PAD
    0x00006560   0x00006560   0x00000002   Code   RO         1983    i.__scatterload_null  mc_p.l(handlers.o)
    0x00006562   0x00006562   0x00000006   PAD
    0x00006568   0x00006568   0x0000000e   Code   RO         1984    i.__scatterload_zeroinit  mc_p.l(handlers.o)
    0x00006576   0x00006576   0x00000002   PAD
    0x00006578   0x00006578   0x0000000c   Code   RO         1952    i.__set_errno       mc_p.l(errno.o)
    0x00006584   0x00006584   0x00000174   Code   RO         1845    i._fp_digits        mc_p.l(printfa.o)
    0x000066f8   0x000066f8   0x000006ec   Code   RO         1846    i._printf_core      mc_p.l(printfa.o)
    0x00006de4   0x00006de4   0x00000020   Code   RO         1847    i._printf_post_padding  mc_p.l(printfa.o)
    0x00006e04   0x00006e04   0x0000002c   Code   RO         1848    i._printf_pre_padding  mc_p.l(printfa.o)
    0x00006e30   0x00006e30   0x00000274   Code   RO         1812    i.asin              m_ps.l(asin.o)
    0x000070a4   0x000070a4   0x0000021c   Code   RO         1892    i.atan              m_ps.l(atan.o)
    0x000072c0   0x000072c0   0x0000019c   Code   RO         1817    i.atan2             m_ps.l(atan2.o)
    0x0000745c   0x0000745c   0x00000048   Code   RO         1916    i.sqrt              m_ps.l(sqrt.o)
    0x000074a4   0x000074a4   0x00000004   PAD
    0x000074a8   0x000074a8   0x00000050   Data   RO         1813    .constdata          m_ps.l(asin.o)
    0x000074f8   0x000074f8   0x00000098   Data   RO         1893    .constdata          m_ps.l(atan.o)
    0x00007590   0x00007590   0x00000008   Data   RO         1914    .constdata          m_ps.l(qnan.o)
    0x00007598   0x00007598   0x00000bf6   Data   RO         1691    .rodata.dmp_memory  inv_mpu_dmp_motion_driver.o
    0x0000818e   0x0000818e   0x00000002   Data   RO          135    .rodata.gI2C_0ClockConfig  ti_msp_dl_config.o
    0x00008190   0x00008190   0x00000003   Data   RO          131    .rodata.gPWM_0ClockConfig  ti_msp_dl_config.o
    0x00008193   0x00008193   0x00000001   PAD
    0x00008194   0x00008194   0x00000008   Data   RO          132    .rodata.gPWM_0Config  ti_msp_dl_config.o
    0x0000819c   0x0000819c   0x00000028   Data   RO          130    .rodata.gSYSPLLConfig  ti_msp_dl_config.o
    0x000081c4   0x000081c4   0x00000003   Data   RO          133    .rodata.gTIMER_0ClockConfig  ti_msp_dl_config.o
    0x000081c7   0x000081c7   0x00000001   PAD
    0x000081c8   0x000081c8   0x00000014   Data   RO          134    .rodata.gTIMER_0TimerConfig  ti_msp_dl_config.o
    0x000081dc   0x000081dc   0x00000002   Data   RO          136    .rodata.gUART_0ClockConfig  ti_msp_dl_config.o
    0x000081de   0x000081de   0x0000000a   Data   RO          137    .rodata.gUART_0Config  ti_msp_dl_config.o
    0x000081e8   0x000081e8   0x0000000c   Data   RO         1623    .rodata.hw          inv_mpu.o
    0x000081f4   0x000081f4   0x00000474   Data   RO         1443    .rodata.oled_asc2_1206  oled.o
    0x00008668   0x00008668   0x000005f0   Data   RO         1444    .rodata.oled_asc2_1608  oled.o
    0x00008c58   0x00008c58   0x0000001b   Data   RO         1624    .rodata.reg         inv_mpu.o
    0x00008c73   0x00008c73   0x00000012   Data   RO          158    .rodata.str1.1      empty.o
    0x00008c85   0x00008c85   0x00000093   Data   RO         1627    .rodata.str1.1      inv_mpu.o
    0x00008d18   0x00008d18   0x00000131   Data   RO         1765    .rodata.str1.1      mpu6050.o
    0x00008e49   0x00008e49   0x00000003   PAD
    0x00008e4c   0x00008e4c   0x00000028   Data   RO         1625    .rodata.test        inv_mpu.o
    0x00008e74   0x00008e74   0x00000020   Data   RO         1981    Region$$Table       anon$$obj.o


    Execution Region RW_IRAM2 (Exec base: 0x20200000, Load base: 0x00008e98, Size: 0x000015b0, Max: 0x00008000, ABSOLUTE)

    Exec Addr    Load Addr    Size         Type   Attr      Idx    E Section Name        Object

    0x20200000   0x00008e98   0x00000004   Data   RW         1933    .data               mc_p.l(stdout.o)
    0x20200004   0x00008e9c   0x00000004   Data   RW         1953    .data               mc_p.l(errno.o)
    0x20200008   0x00008ea0   0x00000004   Data   RW          157    .data.Flag_Stop     empty.o
    0x2020000c   0x00008ea4   0x00000018   Data   RW         1516    .data.User_sIICDev  bsp_iic.o
    0x20200024   0x00008ebc   0x00000004   Data   RW         1365    .data.Velcity_Ki    motor.o
    0x20200028   0x00008ec0   0x00000004   Data   RW         1364    .data.Velcity_Kp    motor.o
    0x2020002c   0x00008ec4   0x00000009   Data   RW         1766    .data.gyro_orientation  mpu6050.o
    0x20200035   0x00008ecd   0x00000003   PAD
    0x20200038   0x00008ed0   0x00000004   Data   RW         1753    .data.q0            mpu6050.o
    0x2020003c   0x00008ed4   0x00000004   Data   RW         1622    .data.siic          inv_mpu.o
    0x20200040   0x00008ed8   0x00000004   Data   RW         1759    .data.siic          mpu6050.o
    0x20200044   0x00008edc   0x0000002c   Data   RW         1626    .data.st            inv_mpu.o
    0x20200070        -       0x00000004   Zero   RW         1389    .bss.Get_Encoder_countA  encoder.o
    0x20200074        -       0x00000004   Zero   RW         1388    .bss.Get_Encoder_countB  encoder.o
    0x20200078        -       0x00000002   Zero   RW         1346    .bss.LED_Flash.temp  led.o
    0x2020007a        -       0x00000400   Zero   RW         1446    .bss.OLED_GRAM      oled.o
    0x2020047a   0x00008f08   0x00000002   PAD
    0x2020047c        -       0x00000004   Zero   RW          161    .bss.PWMA           empty.o
    0x20200480        -       0x00000004   Zero   RW          162    .bss.PWMB           empty.o
    0x20200484        -       0x00000004   Zero   RW         1771    .bss.Pitch          mpu6050.o
    0x20200488        -       0x00000004   Zero   RW         1770    .bss.Roll           mpu6050.o
    0x2020048c        -       0x00000004   Zero   RW         1366    .bss.Velocity_A.ControlVelocityA  motor.o
    0x20200490        -       0x00000004   Zero   RW         1367    .bss.Velocity_A.Last_biasA  motor.o
    0x20200494        -       0x00000004   Zero   RW         1368    .bss.Velocity_B.ControlVelocityB  motor.o
    0x20200498        -       0x00000004   Zero   RW         1369    .bss.Velocity_B.Last_biasB  motor.o
    0x2020049c        -       0x00000004   Zero   RW         1772    .bss.Yaw            mpu6050.o
    0x202004a0        -       0x00000006   Zero   RW         1768    .bss.accel          mpu6050.o
    0x202004a6        -       0x0000000e   Zero   RW         1764    .bss.buffer         mpu6050.o
    0x202004b4        -       0x00000002   Zero   RW         1322    .bss.click_N_Double.Forever_count  key.o
    0x202004b6        -       0x00000001   Zero   RW         1319    .bss.click_N_Double.count_key  key.o
    0x202004b7   0x00008f08   0x00000001   PAD
    0x202004b8        -       0x00000002   Zero   RW         1321    .bss.click_N_Double.count_single  key.o
    0x202004ba        -       0x00000001   Zero   RW         1320    .bss.click_N_Double.double_key  key.o
    0x202004bb        -       0x00000001   Zero   RW         1318    .bss.click_N_Double.flag_key  key.o
    0x202004bc        -       0x00000010   Zero   RW         1696    .bss.dmp            inv_mpu_dmp_motion_driver.o
    0x202004cc        -       0x00000004   Zero   RW          159    .bss.encoderA_cnt   empty.o
    0x202004d0        -       0x00000004   Zero   RW          160    .bss.encoderB_cnt   empty.o
    0x202004d4        -       0x000000bc   Zero   RW          129    .bss.gPWM_0Backup   ti_msp_dl_config.o
    0x20200590        -       0x00000004   Zero   RW         1386    .bss.gpio_interrup1  encoder.o
    0x20200594        -       0x00000004   Zero   RW         1387    .bss.gpio_interrup2  encoder.o
    0x20200598        -       0x00000006   Zero   RW         1767    .bss.gyro           mpu6050.o
    0x2020059e   0x00008f08   0x00000002   PAD
    0x202005a0        -       0x00000004   Zero   RW         1754    .bss.q1             mpu6050.o
    0x202005a4        -       0x00000004   Zero   RW         1755    .bss.q2             mpu6050.o
    0x202005a8        -       0x00000004   Zero   RW         1756    .bss.q3             mpu6050.o
    0x202005ac        -       0x00000002   Zero   RW         1769    .bss.sensors        mpu6050.o
    0x202005ae   0x00008f08   0x00000002   PAD
    0x202005b0        -       0x00001000   Zero   RW            1    STACK               startup_mspm0g350x_uvision.o



  Load Region LR_BCR (Base: 0x41c00000, Size: 0x00000000, Max: 0x00000100, ABSOLUTE)

    Execution Region BCR_CONFIG (Exec base: 0x41c00000, Load base: 0x41c00000, Size: 0x00000000, Max: 0x00000080, ABSOLUTE)

    **** No section assigned to this execution region ****



  Load Region LR_BSL (Base: 0x41c00100, Size: 0x00000000, Max: 0x00000100, ABSOLUTE)

    Execution Region BSL_CONFIG (Exec base: 0x41c00100, Load base: 0x41c00100, Size: 0x00000000, Max: 0x00000080, ABSOLUTE)

    **** No section assigned to this execution region ****


==============================================================================

Image component sizes


      Code (inc. data)   RO Data    RW Data    ZI Data      Debug   Object Name

       294         28          0          0          0       6106   board.o
      1554         84          0         24          0      13461   bsp_iic.o
        20          0          0          0          0        562   dl_common.o
       340         16          0          0          0       7944   dl_i2c.o
      1210        176          0          0          0      20600   dl_timer.o
       170          8          0          0          0      10609   dl_uart.o
       414         64         18          4         16       5938   empty.o
       358         28          0          0         16       4077   encoder.o
      7668        328        226         48          0      20974   inv_mpu.o
      3642        224       3062          0         16       9138   inv_mpu_dmp_motion_driver.o
       366         28          0          0          7       4315   key.o
       148         12          0          0          2       4078   led.o
       676         48          0          8         16       6573   motor.o
      2006        112        305         17         52      15125   mpu6050.o
      1268         20       2660          0       1024       7687   oled.o
        20          4        192          0       4096        620   startup_mspm0g350x_uvision.o
      2256        148         88          0        188      35879   ti_msp_dl_config.o

    ----------------------------------------------------------------------
     22432       1328       6588        104       5440     173686   Object Totals
         0          0         32          0          0          0   (incl. Generated)
        22          0          5          3          7          0   (incl. Padding)

    ----------------------------------------------------------------------

      Code (inc. data)   RO Data    RW Data    ZI Data      Debug   Library Member Name

       232         20          0          0          0      18490   dl_sysctl_mspm0g1x0x_g3x0x.o
       628         54         80          0          0        104   asin.o
       540         68        152          0          0        112   atan.o
       412         40          0          0          0        144   atan2.o
        54          6          0          0          0        272   dunder.o
        44          4          0          0          0         60   fpclassify.o
       172          0          0          0          0         76   poly.o
         0          0          8          0          0          0   qnan.o
        72          6          0          0          0         76   sqrt.o
         0          0          0          0          0          0   entry.o
         0          0          0          0          0          0   entry10a.o
         0          0          0          0          0          0   entry11a.o
         8          4          0          0          0          0   entry2.o
         4          0          0          0          0          0   entry5.o
         0          0          0          0          0          0   entry7b.o
         0          0          0          0          0          0   entry8b.o
         8          4          0          0          0          0   entry9a.o
        12          6          0          4          0         60   errno.o
        30          0          0          0          0          0   handlers.o
        80          6          0          0          0         72   idiv_div0.o
        48         10          0          0          0         68   init.o
         0          0          0          0          0          0   iusefp.o
        76          0          0          0          0         76   ldiv.o
        48          0          0          0          0         72   llmul.o
        32          0          0          0          0         68   llshl.o
        38          0          0          0          0         68   llsshr.o
        34          0          0          0          0         68   llushr.o
        26          0          0          0          0         72   memcmp.o
      2252         98          0          0          0        412   printfa.o
         0          0          0          4          0          0   stdout.o
        62          0          0          0          0         72   uidiv_div0.o
        96          0          0          0          0         84   uldiv.o
        40          2          0          0          0         68   cdcmple.o
        40          2          0          0          0         68   cdrcmple.o
        56          0          0          0          0         68   d2f.o
       356          4          0          0          0        140   dadd.o
       240          6          0          0          0         84   ddiv.o
       236          0          0          0          0        216   depilogue.o
        64         10          0          0          0         68   dfixul.o
       208          6          0          0          0         88   dmul.o
        44          0          0          0          0         72   dscalb.o
       162          0          0          0          0         80   dsqrt.o
        40          0          0          0          0         60   f2d.o
       178          0          0          0          0        108   fadd.o
        28          0          0          0          0         60   fcmpeq.o
        28          0          0          0          0         60   fcmple.o
        28          0          0          0          0         60   fcmplt.o
       124          0          0          0          0         72   fdiv.o
       130          0          0          0          0        144   fepilogue.o
        50          0          0          0          0         60   ffixi.o
        22          0          0          0          0         68   fflti.o
        14          0          0          0          0         68   ffltui.o
       122          0          0          0          0         72   fmul.o

    ----------------------------------------------------------------------
      7240        360        240          8          0      22310   Library Totals
        22          4          0          0          0          0   (incl. Padding)

    ----------------------------------------------------------------------

      Code (inc. data)   RO Data    RW Data    ZI Data      Debug   Library Name

       232         20          0          0          0      18490   driverlib.a
      1922        178        240          0          0        844   m_ps.l
      2854        128          0          8          0       1192   mc_p.l
      2210         30          0          0          0       1784   mf_p.l

    ----------------------------------------------------------------------
      7240        360        240          8          0      22310   Library Totals

    ----------------------------------------------------------------------

==============================================================================


      Code (inc. data)   RO Data    RW Data    ZI Data      Debug   

     29672       1688       6828        112       5440     193832   Grand Totals
     29672       1688       6828        112       5440     193832   ELF Image Totals
     29672       1688       6828        112          0          0   ROM Totals

==============================================================================

    Total RO  Size (Code + RO Data)                36500 (  35.64kB)
    Total RW  Size (RW Data + ZI Data)              5552 (   5.42kB)
    Total ROM Size (Code + RO Data + RW Data)      36612 (  35.75kB)

==============================================================================

