Component: Arm Compiler for Embedded 6.21 Tool: armlink [5ec1fa00]

==============================================================================

Section Cross References

    startup_mspm0g350x_uvision.o(RESET) refers to startup_mspm0g350x_uvision.o(STACK) for __initial_sp
    startup_mspm0g350x_uvision.o(RESET) refers to startup_mspm0g350x_uvision.o(.text) for Reset_Handler
    startup_mspm0g350x_uvision.o(RESET) refers to encoder.o(.text.GROUP1_IRQHandler) for GROUP1_IRQHandler
    startup_mspm0g350x_uvision.o(RESET) refers to empty.o(.text.TIMG0_IRQHandler) for TIMG0_IRQHandler
    startup_mspm0g350x_uvision.o(.text) refers to entry.o(.ARM.Collect$$$$00000000) for __main
    ti_msp_dl_config.o(.text.SYSCFG_DL_init) refers to ti_msp_dl_config.o(.text.SYSCFG_DL_initPower) for SYSCFG_DL_initPower
    ti_msp_dl_config.o(.text.SYSCFG_DL_init) refers to ti_msp_dl_config.o(.text.SYSCFG_DL_GPIO_init) for SYSCFG_DL_GPIO_init
    ti_msp_dl_config.o(.text.SYSCFG_DL_init) refers to ti_msp_dl_config.o(.text.SYSCFG_DL_SYSCTL_init) for SYSCFG_DL_SYSCTL_init
    ti_msp_dl_config.o(.text.SYSCFG_DL_init) refers to ti_msp_dl_config.o(.text.SYSCFG_DL_PWM_0_init) for SYSCFG_DL_PWM_0_init
    ti_msp_dl_config.o(.text.SYSCFG_DL_init) refers to ti_msp_dl_config.o(.text.SYSCFG_DL_TIMER_0_init) for SYSCFG_DL_TIMER_0_init
    ti_msp_dl_config.o(.text.SYSCFG_DL_init) refers to ti_msp_dl_config.o(.text.SYSCFG_DL_I2C_0_init) for SYSCFG_DL_I2C_0_init
    ti_msp_dl_config.o(.text.SYSCFG_DL_init) refers to ti_msp_dl_config.o(.text.SYSCFG_DL_UART_0_init) for SYSCFG_DL_UART_0_init
    ti_msp_dl_config.o(.text.SYSCFG_DL_init) refers to ti_msp_dl_config.o(.text.SYSCFG_DL_SYSTICK_init) for SYSCFG_DL_SYSTICK_init
    ti_msp_dl_config.o(.text.SYSCFG_DL_init) refers to ti_msp_dl_config.o(.bss.gPWM_0Backup) for gPWM_0Backup
    ti_msp_dl_config.o(.ARM.exidx.text.SYSCFG_DL_init) refers to ti_msp_dl_config.o(.text.SYSCFG_DL_init) for [Anonymous Symbol]
    ti_msp_dl_config.o(.text.SYSCFG_DL_initPower) refers to ti_msp_dl_config.o(.text.DL_GPIO_reset) for DL_GPIO_reset
    ti_msp_dl_config.o(.text.SYSCFG_DL_initPower) refers to ti_msp_dl_config.o(.text.DL_Timer_reset) for DL_Timer_reset
    ti_msp_dl_config.o(.text.SYSCFG_DL_initPower) refers to ti_msp_dl_config.o(.text.DL_I2C_reset) for DL_I2C_reset
    ti_msp_dl_config.o(.text.SYSCFG_DL_initPower) refers to ti_msp_dl_config.o(.text.DL_UART_reset) for DL_UART_reset
    ti_msp_dl_config.o(.text.SYSCFG_DL_initPower) refers to ti_msp_dl_config.o(.text.DL_GPIO_enablePower) for DL_GPIO_enablePower
    ti_msp_dl_config.o(.text.SYSCFG_DL_initPower) refers to ti_msp_dl_config.o(.text.DL_Timer_enablePower) for DL_Timer_enablePower
    ti_msp_dl_config.o(.text.SYSCFG_DL_initPower) refers to ti_msp_dl_config.o(.text.DL_I2C_enablePower) for DL_I2C_enablePower
    ti_msp_dl_config.o(.text.SYSCFG_DL_initPower) refers to ti_msp_dl_config.o(.text.DL_UART_enablePower) for DL_UART_enablePower
    ti_msp_dl_config.o(.text.SYSCFG_DL_initPower) refers to dl_common.o(.text.DL_Common_delayCycles) for DL_Common_delayCycles
    ti_msp_dl_config.o(.ARM.exidx.text.SYSCFG_DL_initPower) refers to ti_msp_dl_config.o(.text.SYSCFG_DL_initPower) for [Anonymous Symbol]
    ti_msp_dl_config.o(.text.SYSCFG_DL_GPIO_init) refers to ti_msp_dl_config.o(.text.DL_GPIO_initPeripheralOutputFunction) for DL_GPIO_initPeripheralOutputFunction
    ti_msp_dl_config.o(.text.SYSCFG_DL_GPIO_init) refers to ti_msp_dl_config.o(.text.DL_GPIO_enableOutput) for DL_GPIO_enableOutput
    ti_msp_dl_config.o(.text.SYSCFG_DL_GPIO_init) refers to ti_msp_dl_config.o(.text.DL_GPIO_initPeripheralInputFunctionFeatures) for DL_GPIO_initPeripheralInputFunctionFeatures
    ti_msp_dl_config.o(.text.SYSCFG_DL_GPIO_init) refers to ti_msp_dl_config.o(.text.DL_GPIO_enableHiZ) for DL_GPIO_enableHiZ
    ti_msp_dl_config.o(.text.SYSCFG_DL_GPIO_init) refers to ti_msp_dl_config.o(.text.DL_GPIO_initPeripheralInputFunction) for DL_GPIO_initPeripheralInputFunction
    ti_msp_dl_config.o(.text.SYSCFG_DL_GPIO_init) refers to ti_msp_dl_config.o(.text.DL_GPIO_initDigitalInput) for DL_GPIO_initDigitalInput
    ti_msp_dl_config.o(.text.SYSCFG_DL_GPIO_init) refers to ti_msp_dl_config.o(.text.DL_GPIO_initDigitalOutput) for DL_GPIO_initDigitalOutput
    ti_msp_dl_config.o(.text.SYSCFG_DL_GPIO_init) refers to ti_msp_dl_config.o(.text.DL_GPIO_initDigitalInputFeatures) for DL_GPIO_initDigitalInputFeatures
    ti_msp_dl_config.o(.text.SYSCFG_DL_GPIO_init) refers to ti_msp_dl_config.o(.text.DL_GPIO_clearPins) for DL_GPIO_clearPins
    ti_msp_dl_config.o(.text.SYSCFG_DL_GPIO_init) refers to ti_msp_dl_config.o(.text.DL_GPIO_setUpperPinsPolarity) for DL_GPIO_setUpperPinsPolarity
    ti_msp_dl_config.o(.text.SYSCFG_DL_GPIO_init) refers to ti_msp_dl_config.o(.text.DL_GPIO_clearInterruptStatus) for DL_GPIO_clearInterruptStatus
    ti_msp_dl_config.o(.text.SYSCFG_DL_GPIO_init) refers to ti_msp_dl_config.o(.text.DL_GPIO_enableInterrupt) for DL_GPIO_enableInterrupt
[...]
    __arm_cp.13_1                            0x00006980   Number         4  bsp_iic.o(.text.mspm0_i2c_read)
    [Anonymous Symbol]                       0x00006984   Section        0  bsp_iic.o(.text.mspm0_i2c_write)
    __arm_cp.7_0                             0x00006a44   Number         4  bsp_iic.o(.text.mspm0_i2c_write)
    [Anonymous Symbol]                       0x00006a48   Section        0  inv_mpu.o(.text.mydelay_ms)
    [Anonymous Symbol]                       0x00006a60   Section        0  inv_mpu.o(.text.myget_ms)
    [Anonymous Symbol]                       0x00006a68   Section        0  inv_mpu.o(.text.myi2cRead)
    [Anonymous Symbol]                       0x00006aa0   Section        0  inv_mpu.o(.text.myi2cWrite)
    __arm_cp.1_0                             0x00006ad8   Number         4  inv_mpu.o(.text.myi2cWrite)
    run_self_test                            0x00006add   Thumb Code   134  mpu6050.o(.text.run_self_test)
    [Anonymous Symbol]                       0x00006adc   Section        0  mpu6050.o(.text.run_self_test)
    [Anonymous Symbol]                       0x00006b64   Section        0  inv_mpu.o(.text.set_int_enable)
    __arm_cp.3_0                             0x00006c34   Number         4  inv_mpu.o(.text.set_int_enable)
    i.__0printf                              0x00006c38   Section        0  printfa.o(i.__0printf)
    i.__0sprintf                             0x00006c58   Section        0  printfa.o(i.__0sprintf)
    i.__ARM_clz                              0x00006c80   Section        0  depilogue.o(i.__ARM_clz)
    i.__ARM_fpclassify                       0x00006cb0   Section        0  fpclassify.o(i.__ARM_fpclassify)
    i.__kernel_poly                          0x00006cdc   Section        0  poly.o(i.__kernel_poly)
    i.__mathlib_dbl_infnan                   0x00006d88   Section        0  dunder.o(i.__mathlib_dbl_infnan)
    i.__mathlib_dbl_infnan2                  0x00006d92   Section        0  dunder.o(i.__mathlib_dbl_infnan2)
    i.__mathlib_dbl_invalid                  0x00006d9a   Section        0  dunder.o(i.__mathlib_dbl_invalid)
    i.__mathlib_dbl_underflow                0x00006dac   Section        0  dunder.o(i.__mathlib_dbl_underflow)
    i.__scatterload_copy                     0x00006dc0   Section       14  handlers.o(i.__scatterload_copy)
    i.__scatterload_null                     0x00006dd0   Section        2  handlers.o(i.__scatterload_null)
    i.__scatterload_zeroinit                 0x00006dd8   Section       14  handlers.o(i.__scatterload_zeroinit)
    i.__set_errno                            0x00006de8   Section        0  errno.o(i.__set_errno)
    _fp_digits                               0x00006df5   Thumb Code   344  printfa.o(i._fp_digits)
    i._fp_digits                             0x00006df4   Section        0  printfa.o(i._fp_digits)
    _printf_core                             0x00006f69   Thumb Code  1754  printfa.o(i._printf_core)
    i._printf_core                           0x00006f68   Section        0  printfa.o(i._printf_core)
    _printf_post_padding                     0x00007655   Thumb Code    32  printfa.o(i._printf_post_padding)
    i._printf_post_padding                   0x00007654   Section        0  printfa.o(i._printf_post_padding)
    _printf_pre_padding                      0x00007675   Thumb Code    44  printfa.o(i._printf_pre_padding)
    i._printf_pre_padding                    0x00007674   Section        0  printfa.o(i._printf_pre_padding)
    _sputc                                   0x000076a1   Thumb Code    10  printfa.o(i._sputc)
    i._sputc                                 0x000076a0   Section        0  printfa.o(i._sputc)
    i.asin                                   0x000076ac   Section        0  asin.o(i.asin)
    i.atan                                   0x00007920   Section        0  atan.o(i.atan)
    i.atan2                                  0x00007b3c   Section        0  atan2.o(i.atan2)
    i.sqrt                                   0x00007cd8   Section        0  sqrt.o(i.sqrt)
    pS                                       0x00007d20   Data          48  asin.o(.constdata)
    .constdata                               0x00007d20   Section       80  asin.o(.constdata)
    qS                                       0x00007d50   Data          32  asin.o(.constdata)
    atanhi                                   0x00007d70   Data          32  atan.o(.constdata)
    .constdata                               0x00007d70   Section      152  atan.o(.constdata)
    atanlo                                   0x00007d90   Data          32  atan.o(.constdata)
    aTodd                                    0x00007db0   Data          40  atan.o(.constdata)
    aTeven                                   0x00007dd8   Data          48  atan.o(.constdata)
    .constdata                               0x00007e08   Section        8  qnan.o(.constdata)
    dmp_memory                               0x00007e10   Data        3062  inv_mpu_dmp_motion_driver.o(.rodata.dmp_memory)
    [Anonymous Symbol]                       0x00007e10   Section        0  inv_mpu_dmp_motion_driver.o(.rodata.dmp_memory)
    gI2C_0ClockConfig                        0x00008a06   Data           2  ti_msp_dl_config.o(.rodata.gI2C_0ClockConfig)
    [Anonymous Symbol]                       0x00008a06   Section        0  ti_msp_dl_config.o(.rodata.gI2C_0ClockConfig)
    gPWM_0ClockConfig                        0x00008a08   Data           3  ti_msp_dl_config.o(.rodata.gPWM_0ClockConfig)
    [Anonymous Symbol]                       0x00008a08   Section        0  ti_msp_dl_config.o(.rodata.gPWM_0ClockConfig)
    gPWM_0Config                             0x00008a0c   Data           8  ti_msp_dl_config.o(.rodata.gPWM_0Config)
    [Anonymous Symbol]                       0x00008a0c   Section        0  ti_msp_dl_config.o(.rodata.gPWM_0Config)
    gSYSPLLConfig                            0x00008a14   Data          40  ti_msp_dl_config.o(.rodata.gSYSPLLConfig)
    [Anonymous Symbol]                       0x00008a14   Section        0  ti_msp_dl_config.o(.rodata.gSYSPLLConfig)
    gTIMER_0ClockConfig                      0x00008a3c   Data           3  ti_msp_dl_config.o(.rodata.gTIMER_0ClockConfig)
    [Anonymous Symbol]                       0x00008a3c   Section        0  ti_msp_dl_config.o(.rodata.gTIMER_0ClockConfig)
    gTIMER_0TimerConfig                      0x00008a40   Data          20  ti_msp_dl_config.o(.rodata.gTIMER_0TimerConfig)
    [Anonymous Symbol]                       0x00008a40   Section        0  ti_msp_dl_config.o(.rodata.gTIMER_0TimerConfig)
    gUART_0ClockConfig                       0x00008a54   Data           2  ti_msp_dl_config.o(.rodata.gUART_0ClockConfig)
    [Anonymous Symbol]                       0x00008a54   Section        0  ti_msp_dl_config.o(.rodata.gUART_0ClockConfig)
    gUART_0Config                            0x00008a56   Data          10  ti_msp_dl_config.o(.rodata.gUART_0Config)
    [Anonymous Symbol]                       0x00008a56   Section        0  ti_msp_dl_config.o(.rodata.gUART_0Config)
    [Anonymous Symbol]                       0x000094eb   Section        0  empty.o(.rodata.str1.1)
    [Anonymous Symbol]                       0x0000956f   Section        0  inv_mpu.o(.rodata.str1.1)
    [Anonymous Symbol]                       0x00009602   Section        0  mpu6050.o(.rodata.str1.1)
    .data                                    0x20200000   Section        4  stdout.o(.data)
    _errno                                   0x20200004   Data           4  errno.o(.data)
    .data                                    0x20200004   Section        4  errno.o(.data)
    gyro_orientation                         0x20200038   Data           9  mpu6050.o(.data.gyro_orientation)
    [Anonymous Symbol]                       0x20200038   Section        0  mpu6050.o(.data.gyro_orientation)
    siic                                     0x20200048   Data           4  inv_mpu.o(.data.siic)
    [Anonymous Symbol]                       0x20200048   Section        0  inv_mpu.o(.data.siic)
    siic                                     0x2020004c   Data           4  mpu6050.o(.data.siic)
    [Anonymous Symbol]                       0x2020004c   Section        0  mpu6050.o(.data.siic)
    st                                       0x20200050   Data          44  inv_mpu.o(.data.st)
    [Anonymous Symbol]                       0x20200050   Section        0  inv_mpu.o(.data.st)
    Car_PD_Control.last_error                0x20200080   Data           4  empty.o(.bss.Car_PD_Control.last_error)
    [Anonymous Symbol]                       0x20200080   Section        0  empty.o(.bss.Car_PD_Control.last_error)
    LED_Flash.temp                           0x2020008c   Data           2  led.o(.bss.LED_Flash.temp)
    [Anonymous Symbol]                       0x2020008c   Section        0  led.o(.bss.LED_Flash.temp)
    Velocity_A.ControlVelocityA              0x202004ac   Data           4  motor.o(.bss.Velocity_A.ControlVelocityA)
    [Anonymous Symbol]                       0x202004ac   Section        0  motor.o(.bss.Velocity_A.ControlVelocityA)
    Velocity_A.Last_biasA                    0x202004b0   Data           4  motor.o(.bss.Velocity_A.Last_biasA)
    [Anonymous Symbol]                       0x202004b0   Section        0  motor.o(.bss.Velocity_A.Last_biasA)
    Velocity_B.ControlVelocityB              0x202004b4   Data           4  motor.o(.bss.Velocity_B.ControlVelocityB)
    [Anonymous Symbol]                       0x202004b4   Section        0  motor.o(.bss.Velocity_B.ControlVelocityB)
    Velocity_B.Last_biasB                    0x202004b8   Data           4  motor.o(.bss.Velocity_B.Last_biasB)
    [Anonymous Symbol]                       0x202004b8   Section        0  motor.o(.bss.Velocity_B.Last_biasB)
    click_N_Double.state                     0x202004d4   Data           1  key.o(.bss.click_N_Double.state)
    [Anonymous Symbol]                       0x202004d4   Section        0  key.o(.bss.click_N_Double.state)
    click_N_Double.timer                     0x202004d6   Data           2  key.o(.bss.click_N_Double.timer)
    [Anonymous Symbol]                       0x202004d6   Section        0  key.o(.bss.click_N_Double.timer)
    click_N_Double_USER.click_flag           0x202004d8   Data           1  key.o(.bss.click_N_Double_USER.click_flag)
    [Anonymous Symbol]                       0x202004d8   Section        0  key.o(.bss.click_N_Double_USER.click_flag)
    click_N_Double_USER.state                0x202004d9   Data           1  key.o(.bss.click_N_Double_USER.state)
    [Anonymous Symbol]                       0x202004d9   Section        0  key.o(.bss.click_N_Double_USER.state)
    click_N_Double_USER.timer                0x202004da   Data           2  key.o(.bss.click_N_Double_USER.timer)
    [Anonymous Symbol]                       0x202004da   Section        0  key.o(.bss.click_N_Double_USER.timer)
    dmp                                      0x202004e0   Data          16  inv_mpu_dmp_motion_driver.o(.bss.dmp)
    [Anonymous Symbol]                       0x202004e0   Section        0  inv_mpu_dmp_motion_driver.o(.bss.dmp)
    STACK                                    0x20200610   Section     4096  startup_mspm0g350x_uvision.o(STACK)

    Global Symbols

    Symbol Name                              Value     Ov Type        Size  Object(Section)

    BuildAttributes$$THM_ISAv3M$S$PE$A:L22$X:L11$S22$IEEE1$IW$~IW$USESV6$~STKCKD$USESV7$~SHL$OTIME$ROPI$IEEEX$EBA8$MICROLIB$REQ8$PRES8$EABIv2 0x00000000   Number         0  anon$$obj.o ABSOLUTE
    __Vectors                                0x00000000   Data           4  startup_mspm0g350x_uvision.o(RESET)
    __cpp_initialize__aeabi_                  - Undefined Weak Reference
    __cxa_finalize                            - Undefined Weak Reference
    __decompress                              - Undefined Weak Reference
    _clock_init                               - Undefined Weak Reference
    _microlib_exit                            - Undefined Weak Reference
    __Vectors_End                            0x000000c0   Data           0  startup_mspm0g350x_uvision.o(RESET)
    __Vectors_Size                           0x000000c0   Number         0  startup_mspm0g350x_uvision.o ABSOLUTE
    __main                                   0x000000c1   Thumb Code     0  entry.o(.ARM.Collect$$$$00000000)
    _main_stk                                0x000000c1   Thumb Code     0  entry2.o(.ARM.Collect$$$$00000001)
    _main_scatterload                        0x000000c5   Thumb Code     0  entry5.o(.ARM.Collect$$$$00000004)
    __main_after_scatterload                 0x000000c9   Thumb Code     0  entry5.o(.ARM.Collect$$$$00000004)
    _main_clock                              0x000000c9   Thumb Code     0  entry7b.o(.ARM.Collect$$$$00000008)
    _main_cpp_init                           0x000000c9   Thumb Code     0  entry8b.o(.ARM.Collect$$$$0000000A)
    _main_init                               0x000000c9   Thumb Code     0  entry9a.o(.ARM.Collect$$$$0000000B)
    __rt_final_cpp                           0x000000d1   Thumb Code     0  entry10a.o(.ARM.Collect$$$$0000000D)
    __rt_final_exit                          0x000000d1   Thumb Code     0  entry11a.o(.ARM.Collect$$$$0000000F)
    Reset_Handler                            0x000000d5   Thumb Code     4  startup_mspm0g350x_uvision.o(.text)
    NMI_Handler                              0x000000d9   Thumb Code     2  startup_mspm0g350x_uvision.o(.text)
    HardFault_Handler                        0x000000db   Thumb Code     2  startup_mspm0g350x_uvision.o(.text)
    SVC_Handler                              0x000000dd   Thumb Code     2  startup_mspm0g350x_uvision.o(.text)
    PendSV_Handler                           0x000000df   Thumb Code     2  startup_mspm0g350x_uvision.o(.text)
    SysTick_Handler                          0x000000e1   Thumb Code     2  startup_mspm0g350x_uvision.o(.text)
    ADC0_IRQHandler                          0x000000e3   Thumb Code     0  startup_mspm0g350x_uvision.o(.text)
    ADC1_IRQHandler                          0x000000e3   Thumb Code     0  startup_mspm0g350x_uvision.o(.text)
    AES_IRQHandler                           0x000000e3   Thumb Code     0  startup_mspm0g350x_uvision.o(.text)
    CANFD0_IRQHandler                        0x000000e3   Thumb Code     0  startup_mspm0g350x_uvision.o(.text)
    DAC0_IRQHandler                          0x000000e3   Thumb Code     0  startup_mspm0g350x_uvision.o(.text)
    DMA_IRQHandler                           0x000000e3   Thumb Code     0  startup_mspm0g350x_uvision.o(.text)
    Default_Handler                          0x000000e3   Thumb Code     2  startup_mspm0g350x_uvision.o(.text)
    GROUP0_IRQHandler                        0x000000e3   Thumb Code     0  startup_mspm0g350x_uvision.o(.text)
    I2C0_IRQHandler                          0x000000e3   Thumb Code     0  startup_mspm0g350x_uvision.o(.text)
    I2C1_IRQHandler                          0x000000e3   Thumb Code     0  startup_mspm0g350x_uvision.o(.text)
    RTC_IRQHandler                           0x000000e3   Thumb Code     0  startup_mspm0g350x_uvision.o(.text)
    SPI0_IRQHandler                          0x000000e3   Thumb Code     0  startup_mspm0g350x_uvision.o(.text)
    SPI1_IRQHandler                          0x000000e3   Thumb Code     0  startup_mspm0g350x_uvision.o(.text)
    TIMA0_IRQHandler                         0x000000e3   Thumb Code     0  startup_mspm0g350x_uvision.o(.text)
    TIMA1_IRQHandler                         0x000000e3   Thumb Code     0  startup_mspm0g350x_uvision.o(.text)
    TIMG12_IRQHandler                        0x000000e3   Thumb Code     0  startup_mspm0g350x_uvision.o(.text)
    TIMG6_IRQHandler                         0x000000e3   Thumb Code     0  startup_mspm0g350x_uvision.o(.text)
    TIMG7_IRQHandler                         0x000000e3   Thumb Code     0  startup_mspm0g350x_uvision.o(.text)
    TIMG8_IRQHandler                         0x000000e3   Thumb Code     0  startup_mspm0g350x_uvision.o(.text)
    UART0_IRQHandler                         0x000000e3   Thumb Code     0  startup_mspm0g350x_uvision.o(.text)
    UART1_IRQHandler                         0x000000e3   Thumb Code     0  startup_mspm0g350x_uvision.o(.text)
    UART2_IRQHandler                         0x000000e3   Thumb Code     0  startup_mspm0g350x_uvision.o(.text)
    UART3_IRQHandler                         0x000000e3   Thumb Code     0  startup_mspm0g350x_uvision.o(.text)
    __aeabi_ldivmod                          0x000000e9   Thumb Code    76  ldiv.o(.text)
    __aeabi_lmul                             0x00000135   Thumb Code    48  llmul.o(.text)
    _ll_mul                                  0x00000135   Thumb Code     0  llmul.o(.text)
    memcmp                                   0x00000165   Thumb Code    26  memcmp.o(.text)
    __aeabi_fadd                             0x0000017f   Thumb Code   162  fadd.o(.text)
    __aeabi_fsub                             0x00000221   Thumb Code     8  fadd.o(.text)
    __aeabi_frsub                            0x00000229   Thumb Code     8  fadd.o(.text)
    __aeabi_fmul                             0x00000231   Thumb Code   122  fmul.o(.text)
    __aeabi_fdiv                             0x000002ab   Thumb Code   124  fdiv.o(.text)
    __aeabi_dadd                             0x00000329   Thumb Code   328  dadd.o(.text)
    __aeabi_dsub                             0x00000471   Thumb Code    12  dadd.o(.text)
    __aeabi_drsub                            0x0000047d   Thumb Code    12  dadd.o(.text)
    __aeabi_dmul                             0x0000048d   Thumb Code   202  dmul.o(.text)
    __aeabi_fcmple                           0x0000055d   Thumb Code    28  fcmple.o(.text)
    __aeabi_fcmplt                           0x00000579   Thumb Code    28  fcmplt.o(.text)
    __aeabi_fcmpge                           0x00000595   Thumb Code    28  fcmpge.o(.text)
    __aeabi_fcmpeq                           0x000005b1   Thumb Code    28  fcmpeq.o(.text)
    __aeabi_i2f                              0x000005cd   Thumb Code    22  fflti.o(.text)
    __aeabi_ui2f                             0x000005e3   Thumb Code    14  ffltui.o(.text)
    __aeabi_f2iz                             0x000005f1   Thumb Code    50  ffixi.o(.text)
    __aeabi_f2d                              0x00000623   Thumb Code    40  f2d.o(.text)
    __aeabi_d2f                              0x0000064b   Thumb Code    56  d2f.o(.text)
    __aeabi_uidiv                            0x00000683   Thumb Code     0  uidiv_div0.o(.text)
    __aeabi_uidivmod                         0x00000683   Thumb Code    62  uidiv_div0.o(.text)
    __aeabi_idiv                             0x000006c1   Thumb Code     0  idiv_div0.o(.text)
    __aeabi_idivmod$div0                     0x000006c1   Thumb Code    74  idiv_div0.o(.text)
    __aeabi_uldivmod                         0x00000711   Thumb Code    96  uldiv.o(.text)
    __aeabi_llsl                             0x00000771   Thumb Code    32  llshl.o(.text)
    _ll_shift_l                              0x00000771   Thumb Code     0  llshl.o(.text)
    __aeabi_lasr                             0x00000791   Thumb Code    38  llsshr.o(.text)
    _ll_sshift_r                             0x00000791   Thumb Code     0  llsshr.o(.text)
    __I$use$fp                               0x000007b7   Thumb Code     0  iusefp.o(.text)
    _float_round                             0x000007b7   Thumb Code    16  fepilogue.o(.text)
    _float_epilogue                          0x000007c7   Thumb Code   114  fepilogue.o(.text)
    _double_round                            0x00000839   Thumb Code    26  depilogue.o(.text)
    _double_epilogue                         0x00000853   Thumb Code   164  depilogue.o(.text)
    __aeabi_ddiv                             0x000008f9   Thumb Code   234  ddiv.o(.text)
    __ARM_scalbn                             0x000009e9   Thumb Code    44  dscalb.o(.text)
    scalbn                                   0x000009e9   Thumb Code     0  dscalb.o(.text)
    __aeabi_d2ulz                            0x00000a15   Thumb Code    54  dfixul.o(.text)
    __aeabi_cdcmpeq                          0x00000a55   Thumb Code     0  cdcmple.o(.text)
    __aeabi_cdcmple                          0x00000a55   Thumb Code    38  cdcmple.o(.text)
    __aeabi_cdrcmple                         0x00000a7d   Thumb Code    38  cdrcmple.o(.text)
    __scatterload                            0x00000aa9   Thumb Code    38  init.o(.text)
    __scatterload_rt2                        0x00000aa9   Thumb Code     0  init.o(.text)
    __aeabi_llsr                             0x00000ad9   Thumb Code    34  llushr.o(.text)
    _ll_ushift_r                             0x00000ad9   Thumb Code     0  llushr.o(.text)
    _dsqrt                                   0x00000afb   Thumb Code   162  dsqrt.o(.text)
    Car_PD_Control                           0x00000b9d   Thumb Code   220  empty.o(.text.Car_PD_Control)
    DL_Common_delayCycles                    0x00000c9d   Thumb Code    20  dl_common.o(.text.DL_Common_delayCycles)
    DL_I2C_fillControllerTXFIFO              0x00001149   Thumb Code    84  dl_i2c.o(.text.DL_I2C_fillControllerTXFIFO)
    DL_I2C_flushControllerTXFIFO             0x0000119d   Thumb Code    38  dl_i2c.o(.text.DL_I2C_flushControllerTXFIFO)
    DL_I2C_setClockConfig                    0x000012d5   Thumb Code    48  dl_i2c.o(.text.DL_I2C_setClockConfig)
    DL_SYSCTL_configSYSPLL                   0x00001411   Thumb Code   192  dl_sysctl_mspm0g1x0x_g3x0x.o(.text.DL_SYSCTL_configSYSPLL)
    DL_SYSCTL_switchMCLKfromSYSOSCtoHSCLK    0x00001589   Thumb Code    40  dl_sysctl_mspm0g1x0x_g3x0x.o(.text.DL_SYSCTL_switchMCLKfromSYSOSCtoHSCLK)
    DL_TimerA_initPWMMode                    0x000015e5   Thumb Code   234  dl_timer.o(.text.DL_TimerA_initPWMMode)
    DL_Timer_initPWMMode                     0x0000172d   Thumb Code   260  dl_timer.o(.text.DL_Timer_initPWMMode)
    DL_Timer_initTimerMode                   0x00001839   Thumb Code   252  dl_timer.o(.text.DL_Timer_initTimerMode)
    DL_Timer_setCaptCompUpdateMethod         0x00001959   Thumb Code    48  dl_timer.o(.text.DL_Timer_setCaptCompUpdateMethod)
    DL_Timer_setCaptureCompareAction         0x00001989   Thumb Code    44  dl_timer.o(.text.DL_Timer_setCaptureCompareAction)
    DL_Timer_setCaptureCompareCtl            0x000019bd   Thumb Code    52  dl_timer.o(.text.DL_Timer_setCaptureCompareCtl)
    DL_Timer_setCaptureCompareInput          0x000019f9   Thumb Code    52  dl_timer.o(.text.DL_Timer_setCaptureCompareInput)
    DL_Timer_setCaptureCompareOutCtl         0x00001a2d   Thumb Code    60  dl_timer.o(.text.DL_Timer_setCaptureCompareOutCtl)
    DL_Timer_setCaptureCompareValue          0x00001a6d   Thumb Code    40  dl_timer.o(.text.DL_Timer_setCaptureCompareValue)
    DL_Timer_setClockConfig                  0x00001a99   Thumb Code    44  dl_timer.o(.text.DL_Timer_setClockConfig)
    DL_UART_init                             0x00001b85   Thumb Code    68  dl_uart.o(.text.DL_UART_init)
    DL_UART_setClockConfig                   0x00001c49   Thumb Code    32  dl_uart.o(.text.DL_UART_setClockConfig)
    DMP_Init                                 0x00001cf1   Thumb Code   320  mpu6050.o(.text.DMP_Init)
    GROUP1_IRQHandler                        0x00001e55   Thumb Code   264  encoder.o(.text.GROUP1_IRQHandler)
    IICreadBytes                             0x00002071   Thumb Code    56  mpu6050.o(.text.IICreadBytes)
    IICwriteBit                              0x000020a9   Thumb Code   128  mpu6050.o(.text.IICwriteBit)
    IICwriteBits                             0x00002129   Thumb Code   180  mpu6050.o(.text.IICwriteBits)
    IR_Module_Read                           0x000021e1   Thumb Code    92  ir_module.o(.text.IR_Module_Read)
    Key                                      0x00002255   Thumb Code   692  key.o(.text.Key)
    LED_Flash                                0x00002541   Thumb Code    64  led.o(.text.LED_Flash)
    LED_ON                                   0x00002585   Thumb Code    16  led.o(.text.LED_ON)
    LED_Toggle                               0x00002595   Thumb Code    16  led.o(.text.LED_Toggle)
    MPU6050_getDeviceID                      0x000025a9   Thumb Code    28  mpu6050.o(.text.MPU6050_getDeviceID)
    MPU6050_initialize                       0x000025c9   Thumb Code    64  mpu6050.o(.text.MPU6050_initialize)
    MPU6050_setClockSource                   0x00002609   Thumb Code    30  mpu6050.o(.text.MPU6050_setClockSource)
    MPU6050_setFullScaleAccelRange           0x00002627   Thumb Code    30  mpu6050.o(.text.MPU6050_setFullScaleAccelRange)
    MPU6050_setFullScaleGyroRange            0x00002645   Thumb Code    30  mpu6050.o(.text.MPU6050_setFullScaleGyroRange)
    MPU6050_setI2CBypassEnabled              0x00002663   Thumb Code    26  mpu6050.o(.text.MPU6050_setI2CBypassEnabled)
    MPU6050_setI2CMasterModeEnabled          0x0000267d   Thumb Code    26  mpu6050.o(.text.MPU6050_setI2CMasterModeEnabled)
    MPU6050_setSleepEnabled                  0x00002697   Thumb Code    26  mpu6050.o(.text.MPU6050_setSleepEnabled)
    Menu                                     0x000026b1   Thumb Code   604  empty.o(.text.Menu)
    Motor_Stop                               0x0000298d   Thumb Code    12  motor.o(.text.Motor_Stop)
    OLED_Clear                               0x00002999   Thumb Code    92  oled.o(.text.OLED_Clear)
    OLED_DrawPoint                           0x000029f5   Thumb Code   140  oled.o(.text.OLED_DrawPoint)
    OLED_Init                                0x00002a81   Thumb Code   228  oled.o(.text.OLED_Init)
    OLED_RST_Clr                             0x00002b65   Thumb Code    16  oled.o(.text.OLED_RST_Clr)
    OLED_RST_Set                             0x00002b75   Thumb Code    16  oled.o(.text.OLED_RST_Set)
    OLED_RS_Clr                              0x00002b85   Thumb Code    16  oled.o(.text.OLED_RS_Clr)
    OLED_RS_Set                              0x00002b95   Thumb Code    16  oled.o(.text.OLED_RS_Set)
    OLED_Refresh_Gram                        0x00002ba9   Thumb Code   120  oled.o(.text.OLED_Refresh_Gram)
    OLED_SCLK_Clr                            0x00002c25   Thumb Code    16  oled.o(.text.OLED_SCLK_Clr)
    OLED_SCLK_Set                            0x00002c35   Thumb Code    16  oled.o(.text.OLED_SCLK_Set)
    OLED_SDIN_Clr                            0x00002c45   Thumb Code    16  oled.o(.text.OLED_SDIN_Clr)
    OLED_SDIN_Set                            0x00002c55   Thumb Code    16  oled.o(.text.OLED_SDIN_Set)
    OLED_ShowChar                            0x00002c69   Thumb Code   268  oled.o(.text.OLED_ShowChar)
    OLED_ShowString                          0x00002d7d   Thumb Code   122  oled.o(.text.OLED_ShowString)
    OLED_WR_Byte                             0x00002df7   Thumb Code   110  oled.o(.text.OLED_WR_Byte)
    Read_DMP                                 0x00002e65   Thumb Code   528  mpu6050.o(.text.Read_DMP)
    SYSCFG_DL_GPIO_init                      0x000030a9   Thumb Code   336  ti_msp_dl_config.o(.text.SYSCFG_DL_GPIO_init)
    SYSCFG_DL_I2C_0_init                     0x00003201   Thumb Code    80  ti_msp_dl_config.o(.text.SYSCFG_DL_I2C_0_init)
    SYSCFG_DL_PWM_0_init                     0x00003255   Thumb Code   116  ti_msp_dl_config.o(.text.SYSCFG_DL_PWM_0_init)
    SYSCFG_DL_SYSCTL_init                    0x000032d1   Thumb Code    72  ti_msp_dl_config.o(.text.SYSCFG_DL_SYSCTL_init)
    SYSCFG_DL_SYSTICK_init                   0x0000331d   Thumb Code    16  ti_msp_dl_config.o(.text.SYSCFG_DL_SYSTICK_init)
    SYSCFG_DL_TIMER_0_init                   0x0000332d   Thumb Code    40  ti_msp_dl_config.o(.text.SYSCFG_DL_TIMER_0_init)
    SYSCFG_DL_UART_0_init                    0x0000335d   Thumb Code    80  ti_msp_dl_config.o(.text.SYSCFG_DL_UART_0_init)
    SYSCFG_DL_init                           0x000033b5   Thumb Code    44  ti_msp_dl_config.o(.text.SYSCFG_DL_init)
    SYSCFG_DL_initPower                      0x000033e5   Thumb Code   100  ti_msp_dl_config.o(.text.SYSCFG_DL_initPower)
    Set_PWM                                  0x00003455   Thumb Code   260  motor.o(.text.Set_PWM)
    Systick_getTick                          0x00003561   Thumb Code     8  board.o(.text.Systick_getTick)
    TIMG0_IRQHandler                         0x0000356d   Thumb Code    80  empty.o(.text.TIMG0_IRQHandler)
    Velocity_A                               0x000035d5   Thumb Code   164  motor.o(.text.Velocity_A)
    Velocity_B                               0x00003681   Thumb Code   164  motor.o(.text.Velocity_B)
    click_N_Double                           0x000038fd   Thumb Code   184  key.o(.text.click_N_Double)
    click_N_Double_USER                      0x000039c1   Thumb Code   208  key.o(.text.click_N_Double_USER)
    compute_error                            0x00003aa1   Thumb Code   120  empty.o(.text.compute_error)
    delay_ms                                 0x00003bb5   Thumb Code    44  board.o(.text.delay_ms)
    delay_us                                 0x00003be5   Thumb Code   132  board.o(.text.delay_us)
    dmp_enable_6x_lp_quat                    0x00003c75   Thumb Code    64  inv_mpu_dmp_motion_driver.o(.text.dmp_enable_6x_lp_quat)
    dmp_enable_feature                       0x00003cbd   Thumb Code   608  inv_mpu_dmp_motion_driver.o(.text.dmp_enable_feature)
    dmp_enable_gyro_cal                      0x00003f35   Thumb Code    80  inv_mpu_dmp_motion_driver.o(.text.dmp_enable_gyro_cal)
    dmp_enable_lp_quat                       0x00003f95   Thumb Code    64  inv_mpu_dmp_motion_driver.o(.text.dmp_enable_lp_quat)
    dmp_load_motion_driver_firmware          0x00003fdd   Thumb Code    20  inv_mpu_dmp_motion_driver.o(.text.dmp_load_motion_driver_firmware)
    dmp_read_fifo                            0x00003ff9   Thumb Code   492  inv_mpu_dmp_motion_driver.o(.text.dmp_read_fifo)
    dmp_set_accel_bias                       0x000041ed   Thumb Code   260  inv_mpu_dmp_motion_driver.o(.text.dmp_set_accel_bias)
    dmp_set_fifo_rate                        0x000042f5   Thumb Code   128  inv_mpu_dmp_motion_driver.o(.text.dmp_set_fifo_rate)
    dmp_set_gyro_bias                        0x0000438d   Thumb Code   304  inv_mpu_dmp_motion_driver.o(.text.dmp_set_gyro_bias)
    dmp_set_orientation                      0x000044c5   Thumb Code   344  inv_mpu_dmp_motion_driver.o(.text.dmp_set_orientation)
    dmp_set_shake_reject_thresh              0x0000463d   Thumb Code    68  inv_mpu_dmp_motion_driver.o(.text.dmp_set_shake_reject_thresh)
    dmp_set_shake_reject_time                0x00004681   Thumb Code    50  inv_mpu_dmp_motion_driver.o(.text.dmp_set_shake_reject_time)
    dmp_set_shake_reject_timeout             0x000046b3   Thumb Code    50  inv_mpu_dmp_motion_driver.o(.text.dmp_set_shake_reject_timeout)
    dmp_set_tap_axes                         0x000046e5   Thumb Code   102  inv_mpu_dmp_motion_driver.o(.text.dmp_set_tap_axes)
    dmp_set_tap_count                        0x0000474b   Thumb Code    68  inv_mpu_dmp_motion_driver.o(.text.dmp_set_tap_count)
    dmp_set_tap_thresh                       0x00004791   Thumb Code   544  inv_mpu_dmp_motion_driver.o(.text.dmp_set_tap_thresh)
    dmp_set_tap_time                         0x000049c9   Thumb Code    48  inv_mpu_dmp_motion_driver.o(.text.dmp_set_tap_time)
    dmp_set_tap_time_multi                   0x000049f9   Thumb Code    48  inv_mpu_dmp_motion_driver.o(.text.dmp_set_tap_time_multi)
    fputc                                    0x00004a29   Thumb Code    40  board.o(.text.fputc)
    i2cRead                                  0x00005115   Thumb Code    56  mpu6050.o(.text.i2cRead)
    main                                     0x00005225   Thumb Code    88  empty.o(.text.main)
    mpu6050_i2c_sda_unlock                   0x00005281   Thumb Code    92  bsp_iic.o(.text.mpu6050_i2c_sda_unlock)
    mpu_configure_fifo                       0x000052e1   Thumb Code   184  inv_mpu.o(.text.mpu_configure_fifo)
    mpu_get_accel_fsr                        0x0000539d   Thumb Code   112  inv_mpu.o(.text.mpu_get_accel_fsr)
    mpu_get_accel_sens                       0x0000540d   Thumb Code   120  inv_mpu.o(.text.mpu_get_accel_sens)
    mpu_get_fifo_config                      0x00005489   Thumb Code    20  inv_mpu.o(.text.mpu_get_fifo_config)
    mpu_get_gyro_fsr                         0x0000549d   Thumb Code    92  inv_mpu.o(.text.mpu_get_gyro_fsr)
    mpu_get_gyro_sens                        0x000054f9   Thumb Code    92  inv_mpu.o(.text.mpu_get_gyro_sens)
    mpu_get_lpf                              0x00005565   Thumb Code   120  inv_mpu.o(.text.mpu_get_lpf)
    mpu_get_sample_rate                      0x000055dd   Thumb Code    48  inv_mpu.o(.text.mpu_get_sample_rate)
    mpu_init                                 0x00005611   Thumb Code   512  inv_mpu.o(.text.mpu_init)
    mpu_load_firmware                        0x00005825   Thumb Code   288  inv_mpu.o(.text.mpu_load_firmware)
    mpu_lp_accel_mode                        0x00005949   Thumb Code   268  inv_mpu.o(.text.mpu_lp_accel_mode)
    mpu_read_fifo_stream                     0x00005a59   Thumb Code   260  inv_mpu.o(.text.mpu_read_fifo_stream)
    mpu_read_mem                             0x00005b5d   Thumb Code   168  inv_mpu.o(.text.mpu_read_mem)
    mpu_reset_fifo                           0x00005c09   Thumb Code   540  inv_mpu.o(.text.mpu_reset_fifo)
    mpu_run_self_test                        0x00005e29   Thumb Code   364  inv_mpu.o(.text.mpu_run_self_test)
    mpu_set_accel_fsr                        0x00005f9d   Thumb Code   224  inv_mpu.o(.text.mpu_set_accel_fsr)
    mpu_set_bypass                           0x00006081   Thumb Code   412  inv_mpu.o(.text.mpu_set_bypass)
    mpu_set_dmp_state                        0x00006221   Thumb Code   180  inv_mpu.o(.text.mpu_set_dmp_state)
    mpu_set_gyro_fsr                         0x000062d9   Thumb Code   192  inv_mpu.o(.text.mpu_set_gyro_fsr)
    mpu_set_int_latched                      0x0000639d   Thumb Code   152  inv_mpu.o(.text.mpu_set_int_latched)
    mpu_set_lpf                              0x00006439   Thumb Code   204  inv_mpu.o(.text.mpu_set_lpf)
    mpu_set_sample_rate                      0x00006509   Thumb Code   228  inv_mpu.o(.text.mpu_set_sample_rate)
    mpu_set_sensors                          0x000065f5   Thumb Code   300  inv_mpu.o(.text.mpu_set_sensors)
    mpu_write_mem                            0x00006725   Thumb Code   168  inv_mpu.o(.text.mpu_write_mem)
    mspm0_get_clock_ms                       0x000067d1   Thumb Code    14  bsp_iic.o(.text.mspm0_get_clock_ms)
    mspm0_i2c_read                           0x00006871   Thumb Code   272  bsp_iic.o(.text.mspm0_i2c_read)
    mspm0_i2c_write                          0x00006985   Thumb Code   192  bsp_iic.o(.text.mspm0_i2c_write)
    mydelay_ms                               0x00006a49   Thumb Code    24  inv_mpu.o(.text.mydelay_ms)
    myget_ms                                 0x00006a61   Thumb Code     8  inv_mpu.o(.text.myget_ms)
    myi2cRead                                0x00006a69   Thumb Code    56  inv_mpu.o(.text.myi2cRead)
    myi2cWrite                               0x00006aa1   Thumb Code    56  inv_mpu.o(.text.myi2cWrite)
    set_int_enable                           0x00006b65   Thumb Code   208  inv_mpu.o(.text.set_int_enable)
    __0printf                                0x00006c39   Thumb Code    24  printfa.o(i.__0printf)
    __1printf                                0x00006c39   Thumb Code     0  printfa.o(i.__0printf)
    __2printf                                0x00006c39   Thumb Code     0  printfa.o(i.__0printf)
    __c89printf                              0x00006c39   Thumb Code     0  printfa.o(i.__0printf)
    printf                                   0x00006c39   Thumb Code     0  printfa.o(i.__0printf)
    __0sprintf                               0x00006c59   Thumb Code    36  printfa.o(i.__0sprintf)
    __1sprintf                               0x00006c59   Thumb Code     0  printfa.o(i.__0sprintf)
    __2sprintf                               0x00006c59   Thumb Code     0  printfa.o(i.__0sprintf)
    __c89sprintf                             0x00006c59   Thumb Code     0  printfa.o(i.__0sprintf)
    sprintf                                  0x00006c59   Thumb Code     0  printfa.o(i.__0sprintf)
    __ARM_clz                                0x00006c81   Thumb Code    46  depilogue.o(i.__ARM_clz)
    __ARM_fpclassify                         0x00006cb1   Thumb Code    40  fpclassify.o(i.__ARM_fpclassify)
    __kernel_poly                            0x00006cdd   Thumb Code   172  poly.o(i.__kernel_poly)
    __mathlib_dbl_infnan                     0x00006d89   Thumb Code    10  dunder.o(i.__mathlib_dbl_infnan)
    __mathlib_dbl_infnan2                    0x00006d93   Thumb Code     8  dunder.o(i.__mathlib_dbl_infnan2)
    __mathlib_dbl_invalid                    0x00006d9b   Thumb Code    16  dunder.o(i.__mathlib_dbl_invalid)
    __mathlib_dbl_underflow                  0x00006dad   Thumb Code    14  dunder.o(i.__mathlib_dbl_underflow)
    __scatterload_copy                       0x00006dc1   Thumb Code    14  handlers.o(i.__scatterload_copy)
    __scatterload_null                       0x00006dd1   Thumb Code     2  handlers.o(i.__scatterload_null)
    __scatterload_zeroinit                   0x00006dd9   Thumb Code    14  handlers.o(i.__scatterload_zeroinit)
    __set_errno                              0x00006de9   Thumb Code     6  errno.o(i.__set_errno)
    asin                                     0x000076ad   Thumb Code   574  asin.o(i.asin)
    atan                                     0x00007921   Thumb Code   472  atan.o(i.atan)
    atan2                                    0x00007b3d   Thumb Code   372  atan2.o(i.atan2)
    sqrt                                     0x00007cd9   Thumb Code    66  sqrt.o(i.sqrt)
    __mathlib_zero                           0x00007e08   Data           8  qnan.o(.constdata)
    hw                                       0x00008a60   Data          12  inv_mpu.o(.rodata.hw)
    oled_asc2_1206                           0x00008a6c   Data        1140  oled.o(.rodata.oled_asc2_1206)
    oled_asc2_1608                           0x00008ee0   Data        1520  oled.o(.rodata.oled_asc2_1608)
    reg                                      0x000094d0   Data          27  inv_mpu.o(.rodata.reg)
    test                                     0x00009734   Data          40  inv_mpu.o(.rodata.test)
    Region$$Table$$Base                      0x0000975c   Number         0  anon$$obj.o(Region$$Table)
    Region$$Table$$Limit                     0x0000977c   Number         0  anon$$obj.o(Region$$Table)
    __stdout                                 0x20200000   Data           4  stdout.o(.data)
    Flag_Stop                                0x20200008   Data           4  empty.o(.data.Flag_Stop)
    Kd                                       0x2020000c   Data           4  empty.o(.data.Kd)
    Kp                                       0x20200010   Data           4  empty.o(.data.Kp)
    User_sIICDev                             0x20200014   Data          24  bsp_iic.o(.data.User_sIICDev)
    Velcity_Ki                               0x2020002c   Data           4  motor.o(.data.Velcity_Ki)
    Velcity_Kp                               0x20200030   Data           4  motor.o(.data.Velcity_Kp)
    baes_speed                               0x20200034   Data           4  empty.o(.data.baes_speed)
    q0                                       0x20200044   Data           4  mpu6050.o(.data.q0)
    tuning_direction                         0x2020007c   Data           1  key.o(.data.tuning_direction)
    Get_Encoder_countA                       0x20200084   Data           4  encoder.o(.bss.Get_Encoder_countA)
    Get_Encoder_countB                       0x20200088   Data           4  encoder.o(.bss.Get_Encoder_countB)
    Now                                      0x20200090   Data           8  key.o(.bss.Now)
    OLED_GRAM                                0x20200098   Data        1024  oled.o(.bss.OLED_GRAM)
    PWMA                                     0x20200498   Data           4  empty.o(.bss.PWMA)
    PWMB                                     0x2020049c   Data           4  empty.o(.bss.PWMB)
    Pitch                                    0x202004a0   Data           4  mpu6050.o(.bss.Pitch)
    Roll                                     0x202004a4   Data           4  mpu6050.o(.bss.Roll)
    Velcity_Kd                               0x202004a8   Data           4  motor.o(.bss.Velcity_Kd)
    Yaw                                      0x202004bc   Data           4  mpu6050.o(.bss.Yaw)
    accel                                    0x202004c0   Data           6  mpu6050.o(.bss.accel)
    buffer                                   0x202004c6   Data          14  mpu6050.o(.bss.buffer)
    current_param                            0x202004dc   Data           1  key.o(.bss.current_param)
    encoderA_cnt                             0x202004f0   Data           4  empty.o(.bss.encoderA_cnt)
    encoderB_cnt                             0x202004f4   Data           4  empty.o(.bss.encoderB_cnt)
    gPWM_0Backup                             0x202004f8   Data         188  ti_msp_dl_config.o(.bss.gPWM_0Backup)
    gpio_interrup1                           0x202005b4   Data           4  encoder.o(.bss.gpio_interrup1)
    gpio_interrup2                           0x202005b8   Data           4  encoder.o(.bss.gpio_interrup2)
    gyro                                     0x202005bc   Data           6  mpu6050.o(.bss.gyro)
    ir_dh1_state                             0x202005c4   Data           4  ir_module.o(.bss.ir_dh1_state)
    ir_dh2_state                             0x202005c8   Data           4  ir_module.o(.bss.ir_dh2_state)
    ir_dh3_state                             0x202005cc   Data           4  ir_module.o(.bss.ir_dh3_state)
    ir_dh4_state                             0x202005d0   Data           4  ir_module.o(.bss.ir_dh4_state)
    q1                                       0x202005d4   Data           4  mpu6050.o(.bss.q1)
    q2                                       0x202005d8   Data           4  mpu6050.o(.bss.q2)
    q3                                       0x202005dc   Data           4  mpu6050.o(.bss.q3)
    sensors                                  0x202005e0   Data           2  mpu6050.o(.bss.sensors)
    testS                                    0x202005e2   Data          40  empty.o(.bss.testS)
    __initial_sp                             0x20201610   Data           0  startup_mspm0g350x_uvision.o(STACK)



==============================================================================

Memory Map of the image

  Image Entry point : 0x000000c1

  Load Region LR_IROM1 (Base: 0x00000000, Size: 0x00009800, Max: 0x00020000, ABSOLUTE)

    Execution Region ER_IROM1 (Exec base: 0x00000000, Load base: 0x00000000, Size: 0x0000977c, Max: 0x00020000, ABSOLUTE)

    Exec Addr    Load Addr    Size         Type   Attr      Idx    E Section Name        Object

    0x00000000   0x00000000   0x000000c0   Data   RO            3    RESET               startup_mspm0g350x_uvision.o
    0x000000c0   0x000000c0   0x00000000   Code   RO         1865  * .ARM.Collect$$$$00000000  mc_p.l(entry.o)
    0x000000c0   0x000000c0   0x00000004   Code   RO         1966    .ARM.Collect$$$$00000001  mc_p.l(entry2.o)
    0x000000c4   0x000000c4   0x00000004   Code   RO         1969    .ARM.Collect$$$$00000004  mc_p.l(entry5.o)
    0x000000c8   0x000000c8   0x00000000   Code   RO         1971    .ARM.Collect$$$$00000008  mc_p.l(entry7b.o)
    0x000000c8   0x000000c8   0x00000000   Code   RO         1973    .ARM.Collect$$$$0000000A  mc_p.l(entry8b.o)
    0x000000c8   0x000000c8   0x00000008   Code   RO         1974    .ARM.Collect$$$$0000000B  mc_p.l(entry9a.o)
    0x000000d0   0x000000d0   0x00000000   Code   RO         1976    .ARM.Collect$$$$0000000D  mc_p.l(entry10a.o)
    0x000000d0   0x000000d0   0x00000000   Code   RO         1978    .ARM.Collect$$$$0000000F  mc_p.l(entry11a.o)
    0x000000d0   0x000000d0   0x00000004   Code   RO         1967    .ARM.Collect$$$$00002712  mc_p.l(entry2.o)
    0x000000d4   0x000000d4   0x00000014   Code   RO            4    .text               startup_mspm0g350x_uvision.o
    0x000000e8   0x000000e8   0x0000004c   Code   RO         1876    .text               mc_p.l(ldiv.o)
    0x00000134   0x00000134   0x00000030   Code   RO         1878    .text               mc_p.l(llmul.o)
    0x00000164   0x00000164   0x0000001a   Code   RO         1880    .text               mc_p.l(memcmp.o)
    0x0000017e   0x0000017e   0x000000b2   Code   RO         1910    .text               mf_p.l(fadd.o)
    0x00000230   0x00000230   0x0000007a   Code   RO         1912    .text               mf_p.l(fmul.o)
    0x000002aa   0x000002aa   0x0000007c   Code   RO         1914    .text               mf_p.l(fdiv.o)
    0x00000326   0x00000326   0x00000002   PAD
    0x00000328   0x00000328   0x00000164   Code   RO         1916    .text               mf_p.l(dadd.o)
    0x0000048c   0x0000048c   0x000000d0   Code   RO         1918    .text               mf_p.l(dmul.o)
    0x0000055c   0x0000055c   0x0000001c   Code   RO         1920    .text               mf_p.l(fcmple.o)
    0x00000578   0x00000578   0x0000001c   Code   RO         1922    .text               mf_p.l(fcmplt.o)
    0x00000594   0x00000594   0x0000001c   Code   RO         1924    .text               mf_p.l(fcmpge.o)
    0x000005b0   0x000005b0   0x0000001c   Code   RO         1926    .text               mf_p.l(fcmpeq.o)
    0x000005cc   0x000005cc   0x00000016   Code   RO         1928    .text               mf_p.l(fflti.o)
    0x000005e2   0x000005e2   0x0000000e   Code   RO         1930    .text               mf_p.l(ffltui.o)
    0x000005f0   0x000005f0   0x00000032   Code   RO         1932    .text               mf_p.l(ffixi.o)
    0x00000622   0x00000622   0x00000028   Code   RO         1934    .text               mf_p.l(f2d.o)
    0x0000064a   0x0000064a   0x00000038   Code   RO         1936    .text               mf_p.l(d2f.o)
    0x00000682   0x00000682   0x0000003e   Code   RO         1985    .text               mc_p.l(uidiv_div0.o)
    0x000006c0   0x000006c0   0x00000050   Code   RO         1987    .text               mc_p.l(idiv_div0.o)
    0x00000710   0x00000710   0x00000060   Code   RO         1991    .text               mc_p.l(uldiv.o)
    0x00000770   0x00000770   0x00000020   Code   RO         1993    .text               mc_p.l(llshl.o)
    0x00000790   0x00000790   0x00000026   Code   RO         1995    .text               mc_p.l(llsshr.o)
    0x000007b6   0x000007b6   0x00000000   Code   RO         2004    .text               mc_p.l(iusefp.o)
    0x000007b6   0x000007b6   0x00000082   Code   RO         2005    .text               mf_p.l(fepilogue.o)
    0x00000838   0x00000838   0x000000be   Code   RO         2007    .text               mf_p.l(depilogue.o)
    0x000008f6   0x000008f6   0x00000002   PAD
    0x000008f8   0x000008f8   0x000000f0   Code   RO         2011    .text               mf_p.l(ddiv.o)
    0x000009e8   0x000009e8   0x0000002c   Code   RO         2013    .text               mf_p.l(dscalb.o)
    0x00000a14   0x00000a14   0x00000040   Code   RO         2015    .text               mf_p.l(dfixul.o)
    0x00000a54   0x00000a54   0x00000028   Code   RO         2017    .text               mf_p.l(cdcmple.o)
    0x00000a7c   0x00000a7c   0x00000028   Code   RO         2019    .text               mf_p.l(cdrcmple.o)
    0x00000aa4   0x00000aa4   0x00000004   PAD
    0x00000aa8   0x00000aa8   0x00000030   Code   RO         2021    .text               mc_p.l(init.o)
    0x00000ad8   0x00000ad8   0x00000022   Code   RO         2023    .text               mc_p.l(llushr.o)
    0x00000afa   0x00000afa   0x000000a2   Code   RO         2025    .text               mf_p.l(dsqrt.o)
    0x00000b9c   0x00000b9c   0x00000100   Code   RO          161    .text.Car_PD_Control  empty.o
    0x00000c9c   0x00000c9c   0x00000014   Code   RO         1250    .text.DL_Common_delayCycles  dl_common.o
    0x00000cb0   0x00000cb0   0x00000028   Code   RO          129    .text.DL_Common_updateReg  ti_msp_dl_config.o
    0x00000cd8   0x00000cd8   0x00000028   Code   RO          232    .text.DL_Common_updateReg  dl_uart.o
    0x00000d00   0x00000d00   0x00000028   Code   RO          322    .text.DL_Common_updateReg  dl_timer.o
    0x00000d28   0x00000d28   0x00000028   Code   RO          894    .text.DL_Common_updateReg  dl_i2c.o
    0x00000d50   0x00000d50   0x00000028   Code   RO         1542    .text.DL_Common_updateReg  bsp_iic.o
    0x00000d78   0x00000d78   0x00000018   Code   RO           69    .text.DL_GPIO_clearInterruptStatus  ti_msp_dl_config.o
    0x00000d90   0x00000d90   0x00000018   Code   RO         1414    .text.DL_GPIO_clearInterruptStatus  encoder.o
    0x00000da8   0x00000da8   0x00000014   Code   RO           65    .text.DL_GPIO_clearPins  ti_msp_dl_config.o
    0x00000dbc   0x00000dbc   0x00000014   Code   RO         1352    .text.DL_GPIO_clearPins  led.o
    0x00000dd0   0x00000dd0   0x00000014   Code   RO         1376    .text.DL_GPIO_clearPins  motor.o
    0x00000de4   0x00000de4   0x00000014   Code   RO         1469    .text.DL_GPIO_clearPins  oled.o
    0x00000df8   0x00000df8   0x00000014   Code   RO         1490    .text.DL_GPIO_clearPins  bsp_iic.o
    0x00000e0c   0x00000e0c   0x00000018   Code   RO           55    .text.DL_GPIO_enableHiZ  ti_msp_dl_config.o
    0x00000e24   0x00000e24   0x00000018   Code   RO         1538    .text.DL_GPIO_enableHiZ  bsp_iic.o
    0x00000e3c   0x00000e3c   0x0000001c   Code   RO           71    .text.DL_GPIO_enableInterrupt  ti_msp_dl_config.o
    0x00000e58   0x00000e58   0x00000014   Code   RO           51    .text.DL_GPIO_enableOutput  ti_msp_dl_config.o
    0x00000e6c   0x00000e6c   0x00000018   Code   RO         1534    .text.DL_GPIO_enableOutput  bsp_iic.o
    0x00000e84   0x00000e84   0x00000014   Code   RO           41    .text.DL_GPIO_enablePower  ti_msp_dl_config.o
    0x00000e98   0x00000e98   0x00000018   Code   RO         1410    .text.DL_GPIO_getEnabledInterruptStatus  encoder.o
    0x00000eb0   0x00000eb0   0x00000014   Code   RO           59    .text.DL_GPIO_initDigitalInput  ti_msp_dl_config.o
    0x00000ec4   0x00000ec4   0x0000002c   Code   RO           63    .text.DL_GPIO_initDigitalInputFeatures  ti_msp_dl_config.o
    0x00000ef0   0x00000ef0   0x00000030   Code   RO         1532    .text.DL_GPIO_initDigitalInputFeatures  bsp_iic.o
    0x00000f20   0x00000f20   0x00000014   Code   RO           61    .text.DL_GPIO_initDigitalOutput  ti_msp_dl_config.o
    0x00000f34   0x00000f34   0x00000014   Code   RO         1530    .text.DL_GPIO_initDigitalOutput  bsp_iic.o
    0x00000f48   0x00000f48   0x00000018   Code   RO           57    .text.DL_GPIO_initPeripheralInputFunction  ti_msp_dl_config.o
    0x00000f60   0x00000f60   0x00000034   Code   RO           53    .text.DL_GPIO_initPeripheralInputFunctionFeatures  ti_msp_dl_config.o
    0x00000f94   0x00000f94   0x00000038   Code   RO         1536    .text.DL_GPIO_initPeripheralInputFunctionFeatures  bsp_iic.o
    0x00000fcc   0x00000fcc   0x0000001c   Code   RO           49    .text.DL_GPIO_initPeripheralOutputFunction  ti_msp_dl_config.o
    0x00000fe8   0x00000fe8   0x00000016   Code   RO         1325    .text.DL_GPIO_readPins  key.o
    0x00000ffe   0x00000ffe   0x00000016   Code   RO         1412    .text.DL_GPIO_readPins  encoder.o
    0x00001014   0x00001014   0x00000016   Code   RO         1494    .text.DL_GPIO_readPins  bsp_iic.o
    0x0000102a   0x0000102a   0x00000016   Code   RO         1812    .text.DL_GPIO_readPins  ir_module.o
    0x00001040   0x00001040   0x00000010   Code   RO           33    .text.DL_GPIO_reset  ti_msp_dl_config.o
    0x00001050   0x00001050   0x00000014   Code   RO         1374    .text.DL_GPIO_setPins  motor.o
    0x00001064   0x00001064   0x00000014   Code   RO         1471    .text.DL_GPIO_setPins  oled.o
    0x00001078   0x00001078   0x00000018   Code   RO         1492    .text.DL_GPIO_setPins  bsp_iic.o
    0x00001090   0x00001090   0x00000018   Code   RO           67    .text.DL_GPIO_setUpperPinsPolarity  ti_msp_dl_config.o
    0x000010a8   0x000010a8   0x00000018   Code   RO         1360    .text.DL_GPIO_togglePins  led.o
    0x000010c0   0x000010c0   0x00000018   Code   RO         1502    .text.DL_I2C_clearInterruptStatus  bsp_iic.o
    0x000010d8   0x000010d8   0x00000018   Code   RO           97    .text.DL_I2C_enableAnalogGlitchFilter  ti_msp_dl_config.o
    0x000010f0   0x000010f0   0x00000014   Code   RO          109    .text.DL_I2C_enableController  ti_msp_dl_config.o
    0x00001104   0x00001104   0x00000018   Code   RO          107    .text.DL_I2C_enableControllerClockStretching  ti_msp_dl_config.o
    0x0000111c   0x0000111c   0x00000014   Code   RO           45    .text.DL_I2C_enablePower  ti_msp_dl_config.o
    0x00001130   0x00001130   0x00000018   Code   RO         1540    .text.DL_I2C_enablePower  bsp_iic.o
    0x00001148   0x00001148   0x00000054   Code   RO          898    .text.DL_I2C_fillControllerTXFIFO  dl_i2c.o
    0x0000119c   0x0000119c   0x00000026   Code   RO          904    .text.DL_I2C_flushControllerTXFIFO  dl_i2c.o
    0x000011c2   0x000011c2   0x00000002   PAD
    0x000011c4   0x000011c4   0x00000014   Code   RO         1504    .text.DL_I2C_getControllerStatus  bsp_iic.o
    0x000011d8   0x000011d8   0x00000018   Code   RO         1508    .text.DL_I2C_getRawInterruptStatus  bsp_iic.o
    0x000011f0   0x000011f0   0x0000001c   Code   RO         1544    .text.DL_I2C_getSDAStatus  bsp_iic.o
    0x0000120c   0x0000120c   0x00000018   Code   RO         1512    .text.DL_I2C_isControllerRXFIFOEmpty  bsp_iic.o
    0x00001224   0x00001224   0x00000020   Code   RO          908    .text.DL_I2C_isControllerTXFIFOEmpty  dl_i2c.o
    0x00001244   0x00001244   0x0000001c   Code   RO          900    .text.DL_I2C_isControllerTXFIFOFull  dl_i2c.o
    0x00001260   0x00001260   0x00000014   Code   RO         1514    .text.DL_I2C_receiveControllerData  bsp_iic.o
    0x00001274   0x00001274   0x00000010   Code   RO           37    .text.DL_I2C_reset  ti_msp_dl_config.o
    0x00001284   0x00001284   0x00000018   Code   RO         1528    .text.DL_I2C_reset  bsp_iic.o
    0x0000129c   0x0000129c   0x00000010   Code   RO           99    .text.DL_I2C_resetControllerTransfer  ti_msp_dl_config.o
    0x000012ac   0x000012ac   0x00000026   Code   RO           95    .text.DL_I2C_setAnalogGlitchFilterPulseWidth  ti_msp_dl_config.o
    0x000012d2   0x000012d2   0x00000002   PAD
    0x000012d4   0x000012d4   0x00000034   Code   RO          892    .text.DL_I2C_setClockConfig  dl_i2c.o
    0x00001308   0x00001308   0x00000024   Code   RO          105    .text.DL_I2C_setControllerRXFIFOThreshold  ti_msp_dl_config.o
    0x0000132c   0x0000132c   0x00000024   Code   RO          103    .text.DL_I2C_setControllerTXFIFOThreshold  ti_msp_dl_config.o
    0x00001350   0x00001350   0x00000018   Code   RO          101    .text.DL_I2C_setTimerPeriod  ti_msp_dl_config.o
    0x00001368   0x00001368   0x00000050   Code   RO         1506    .text.DL_I2C_startControllerTransfer  bsp_iic.o
    0x000013b8   0x000013b8   0x00000014   Code   RO          906    .text.DL_I2C_startFlushControllerTXFIFO  dl_i2c.o
    0x000013cc   0x000013cc   0x00000018   Code   RO          910    .text.DL_I2C_stopFlushControllerTXFIFO  dl_i2c.o
    0x000013e4   0x000013e4   0x00000016   Code   RO          902    .text.DL_I2C_transmitControllerData  dl_i2c.o
    0x000013fa   0x000013fa   0x00000016   Code   RO         1500    .text.DL_I2C_transmitControllerData  bsp_iic.o
    0x00001410   0x00001410   0x000000c0   Code   RO         1825    .text.DL_SYSCTL_configSYSPLL  driverlib.a(dl_sysctl_mspm0g1x0x_g3x0x.o)
    0x000014d0   0x000014d0   0x0000000c   Code   RO           79    .text.DL_SYSCTL_disableHFXT  ti_msp_dl_config.o
    0x000014dc   0x000014dc   0x00000014   Code   RO           81    .text.DL_SYSCTL_disableSYSPLL  ti_msp_dl_config.o
    0x000014f0   0x000014f0   0x00000010   Code   RO           85    .text.DL_SYSCTL_enableMFCLK  ti_msp_dl_config.o
    0x00001500   0x00001500   0x00000020   Code   RO         1769    .text.DL_SYSCTL_resetDevice  mpu6050.o
    0x00001520   0x00001520   0x00000018   Code   RO           73    .text.DL_SYSCTL_setBORThreshold  ti_msp_dl_config.o
    0x00001538   0x00001538   0x0000001c   Code   RO           75    .text.DL_SYSCTL_setFlashWaitState  ti_msp_dl_config.o
    0x00001554   0x00001554   0x0000001c   Code   RO           77    .text.DL_SYSCTL_setSYSOSCFreq  ti_msp_dl_config.o
    0x00001570   0x00001570   0x00000018   Code   RO           83    .text.DL_SYSCTL_setULPCLKDivider  ti_msp_dl_config.o
    0x00001588   0x00001588   0x00000028   Code   RO         1833    .text.DL_SYSCTL_switchMCLKfromSYSOSCtoHSCLK  driverlib.a(dl_sysctl_mspm0g1x0x_g3x0x.o)
    0x000015b0   0x000015b0   0x0000000c   Code   RO          127    .text.DL_SYSTICK_enable  ti_msp_dl_config.o
    0x000015bc   0x000015bc   0x00000028   Code   RO          125    .text.DL_SYSTICK_init  ti_msp_dl_config.o
    0x000015e4   0x000015e4   0x000000ea   Code   RO          374    .text.DL_TimerA_initPWMMode  dl_timer.o
    0x000016ce   0x000016ce   0x00000002   PAD
    0x000016d0   0x000016d0   0x00000014   Code   RO           89    .text.DL_Timer_enableClock  ti_msp_dl_config.o
    0x000016e4   0x000016e4   0x0000001c   Code   RO           93    .text.DL_Timer_enableInterrupt  ti_msp_dl_config.o
    0x00001700   0x00001700   0x00000018   Code   RO           43    .text.DL_Timer_enablePower  ti_msp_dl_config.o
    0x00001718   0x00001718   0x00000012   Code   RO          159    .text.DL_Timer_getPendingInterrupt  empty.o
    0x0000172a   0x0000172a   0x00000002   PAD
    0x0000172c   0x0000172c   0x0000010c   Code   RO          334    .text.DL_Timer_initPWMMode  dl_timer.o
    0x00001838   0x00001838   0x000000fc   Code   RO          304    .text.DL_Timer_initTimerMode  dl_timer.o
    0x00001934   0x00001934   0x00000010   Code   RO           35    .text.DL_Timer_reset  ti_msp_dl_config.o
    0x00001944   0x00001944   0x00000014   Code   RO           91    .text.DL_Timer_setCCPDirection  ti_msp_dl_config.o
    0x00001958   0x00001958   0x00000030   Code   RO          348    .text.DL_Timer_setCaptCompUpdateMethod  dl_timer.o
    0x00001988   0x00001988   0x00000034   Code   RO          336    .text.DL_Timer_setCaptureCompareAction  dl_timer.o
    0x000019bc   0x000019bc   0x0000003c   Code   RO          312    .text.DL_Timer_setCaptureCompareCtl  dl_timer.o
    0x000019f8   0x000019f8   0x00000034   Code   RO          318    .text.DL_Timer_setCaptureCompareInput  dl_timer.o
    0x00001a2c   0x00001a2c   0x00000040   Code   RO          338    .text.DL_Timer_setCaptureCompareOutCtl  dl_timer.o
    0x00001a6c   0x00001a6c   0x0000002c   Code   RO          310    .text.DL_Timer_setCaptureCompareValue  dl_timer.o
    0x00001a98   0x00001a98   0x0000002c   Code   RO          300    .text.DL_Timer_setClockConfig  dl_timer.o
    0x00001ac4   0x00001ac4   0x0000001c   Code   RO          308    .text.DL_Timer_setCounterValueAfterEnable  dl_timer.o
    0x00001ae0   0x00001ae0   0x00000018   Code   RO          306    .text.DL_Timer_setLoadValue  dl_timer.o
    0x00001af8   0x00001af8   0x00000018   Code   RO          149    .text.DL_Timer_startCounter  empty.o
    0x00001b10   0x00001b10   0x00000016   Code   RO          230    .text.DL_UART_disable  dl_uart.o
    0x00001b26   0x00001b26   0x00000016   Code   RO          123    .text.DL_UART_enable  ti_msp_dl_config.o
    0x00001b3c   0x00001b3c   0x00000018   Code   RO          115    .text.DL_UART_enableFIFOs  ti_msp_dl_config.o
    0x00001b54   0x00001b54   0x00000016   Code   RO          121    .text.DL_UART_enableLoopbackMode  ti_msp_dl_config.o
    0x00001b6a   0x00001b6a   0x00000002   PAD
    0x00001b6c   0x00001b6c   0x00000018   Code   RO           47    .text.DL_UART_enablePower  ti_msp_dl_config.o
    0x00001b84   0x00001b84   0x00000048   Code   RO          228    .text.DL_UART_init  dl_uart.o
    0x00001bcc   0x00001bcc   0x00000018   Code   RO          202    .text.DL_UART_isBusy  board.o
    0x00001be4   0x00001be4   0x00000018   Code   RO           39    .text.DL_UART_reset  ti_msp_dl_config.o
    0x00001bfc   0x00001bfc   0x0000004c   Code   RO          113    .text.DL_UART_setBaudRateDivisor  ti_msp_dl_config.o
    0x00001c48   0x00001c48   0x00000024   Code   RO          234    .text.DL_UART_setClockConfig  dl_uart.o
    0x00001c6c   0x00001c6c   0x0000001e   Code   RO          111    .text.DL_UART_setOversampling  ti_msp_dl_config.o
    0x00001c8a   0x00001c8a   0x00000002   PAD
    0x00001c8c   0x00001c8c   0x00000024   Code   RO          117    .text.DL_UART_setRXFIFOThreshold  ti_msp_dl_config.o
    0x00001cb0   0x00001cb0   0x00000028   Code   RO          119    .text.DL_UART_setTXFIFOThreshold  ti_msp_dl_config.o
    0x00001cd8   0x00001cd8   0x00000016   Code   RO          204    .text.DL_UART_transmitData  board.o
    0x00001cee   0x00001cee   0x00000002   PAD
    0x00001cf0   0x00001cf0   0x00000164   Code   RO         1771    .text.DMP_Init      mpu6050.o
    0x00001e54   0x00001e54   0x00000118   Code   RO         1408    .text.GROUP1_IRQHandler  encoder.o
    0x00001f6c   0x00001f6c   0x00000016   Code   RO         1520    .text.HW_IIC_Master_Receive  bsp_iic.o
    0x00001f82   0x00001f82   0x00000016   Code   RO         1518    .text.HW_IIC_Master_Transmit  bsp_iic.o
    0x00001f98   0x00001f98   0x00000050   Code   RO         1524    .text.HW_IIC_Mem_Read  bsp_iic.o
    0x00001fe8   0x00001fe8   0x00000058   Code   RO         1522    .text.HW_IIC_Mem_Write  bsp_iic.o
    0x00002040   0x00002040   0x00000014   Code   RO         1526    .text.HW_iic_delayms  bsp_iic.o
    0x00002054   0x00002054   0x0000001c   Code   RO         1516    .text.HW_iic_init   bsp_iic.o
    0x00002070   0x00002070   0x00000038   Code   RO         1743    .text.IICreadBytes  mpu6050.o
    0x000020a8   0x000020a8   0x00000080   Code   RO         1741    .text.IICwriteBit   mpu6050.o
    0x00002128   0x00002128   0x000000b8   Code   RO         1739    .text.IICwriteBits  mpu6050.o
    0x000021e0   0x000021e0   0x00000074   Code   RO         1810    .text.IR_Module_Read  ir_module.o
    0x00002254   0x00002254   0x000002ec   Code   RO         1331    .text.Key           key.o
    0x00002540   0x00002540   0x00000044   Code   RO         1362    .text.LED_Flash     led.o
    0x00002584   0x00002584   0x00000010   Code   RO         1350    .text.LED_ON        led.o
    0x00002594   0x00002594   0x00000014   Code   RO         1358    .text.LED_Toggle    led.o
    0x000025a8   0x000025a8   0x00000020   Code   RO         1759    .text.MPU6050_getDeviceID  mpu6050.o
    0x000025c8   0x000025c8   0x00000040   Code   RO         1767    .text.MPU6050_initialize  mpu6050.o
    0x00002608   0x00002608   0x0000001e   Code   RO         1751    .text.MPU6050_setClockSource  mpu6050.o
    0x00002626   0x00002626   0x0000001e   Code   RO         1755    .text.MPU6050_setFullScaleAccelRange  mpu6050.o
    0x00002644   0x00002644   0x0000001e   Code   RO         1753    .text.MPU6050_setFullScaleGyroRange  mpu6050.o
    0x00002662   0x00002662   0x0000001a   Code   RO         1765    .text.MPU6050_setI2CBypassEnabled  mpu6050.o
    0x0000267c   0x0000267c   0x0000001a   Code   RO         1763    .text.MPU6050_setI2CMasterModeEnabled  mpu6050.o
    0x00002696   0x00002696   0x0000001a   Code   RO         1757    .text.MPU6050_setSleepEnabled  mpu6050.o
    0x000026b0   0x000026b0   0x000002dc   Code   RO          155    .text.Menu          empty.o
    0x0000298c   0x0000298c   0x0000000c   Code   RO         1386    .text.Motor_Stop    motor.o
    0x00002998   0x00002998   0x0000005c   Code   RO         1447    .text.OLED_Clear    oled.o
    0x000029f4   0x000029f4   0x0000008c   Code   RO         1449    .text.OLED_DrawPoint  oled.o
    0x00002a80   0x00002a80   0x000000e4   Code   RO         1459    .text.OLED_Init     oled.o
    0x00002b64   0x00002b64   0x00000010   Code   RO         1461    .text.OLED_RST_Clr  oled.o
    0x00002b74   0x00002b74   0x00000010   Code   RO         1463    .text.OLED_RST_Set  oled.o
    0x00002b84   0x00002b84   0x00000010   Code   RO         1433    .text.OLED_RS_Clr   oled.o
    0x00002b94   0x00002b94   0x00000014   Code   RO         1431    .text.OLED_RS_Set   oled.o
    0x00002ba8   0x00002ba8   0x0000007c   Code   RO         1427    .text.OLED_Refresh_Gram  oled.o
    0x00002c24   0x00002c24   0x00000010   Code   RO         1435    .text.OLED_SCLK_Clr  oled.o
    0x00002c34   0x00002c34   0x00000010   Code   RO         1441    .text.OLED_SCLK_Set  oled.o
    0x00002c44   0x00002c44   0x00000010   Code   RO         1439    .text.OLED_SDIN_Clr  oled.o
    0x00002c54   0x00002c54   0x00000014   Code   RO         1437    .text.OLED_SDIN_Set  oled.o
    0x00002c68   0x00002c68   0x00000114   Code   RO         1451    .text.OLED_ShowChar  oled.o
    0x00002d7c   0x00002d7c   0x0000007a   Code   RO         1457    .text.OLED_ShowString  oled.o
    0x00002df6   0x00002df6   0x0000006e   Code   RO         1429    .text.OLED_WR_Byte  oled.o
    0x00002e64   0x00002e64   0x00000244   Code   RO         1777    .text.Read_DMP      mpu6050.o
    0x000030a8   0x000030a8   0x00000158   Code   RO           15    .text.SYSCFG_DL_GPIO_init  ti_msp_dl_config.o
    0x00003200   0x00003200   0x00000054   Code   RO           23    .text.SYSCFG_DL_I2C_0_init  ti_msp_dl_config.o
    0x00003254   0x00003254   0x0000007c   Code   RO           19    .text.SYSCFG_DL_PWM_0_init  ti_msp_dl_config.o
    0x000032d0   0x000032d0   0x0000004c   Code   RO           17    .text.SYSCFG_DL_SYSCTL_init  ti_msp_dl_config.o
    0x0000331c   0x0000331c   0x00000010   Code   RO           27    .text.SYSCFG_DL_SYSTICK_init  ti_msp_dl_config.o
    0x0000332c   0x0000332c   0x00000030   Code   RO           21    .text.SYSCFG_DL_TIMER_0_init  ti_msp_dl_config.o
    0x0000335c   0x0000335c   0x00000058   Code   RO           25    .text.SYSCFG_DL_UART_0_init  ti_msp_dl_config.o
    0x000033b4   0x000033b4   0x00000030   Code   RO           11    .text.SYSCFG_DL_init  ti_msp_dl_config.o
    0x000033e4   0x000033e4   0x00000070   Code   RO           13    .text.SYSCFG_DL_initPower  ti_msp_dl_config.o
    0x00003454   0x00003454   0x0000010c   Code   RO         1372    .text.Set_PWM       motor.o
    0x00003560   0x00003560   0x0000000c   Code   RO          190    .text.Systick_getTick  board.o
    0x0000356c   0x0000356c   0x00000068   Code   RO          157    .text.TIMG0_IRQHandler  empty.o
    0x000035d4   0x000035d4   0x000000ac   Code   RO         1378    .text.Velocity_A    motor.o
    0x00003680   0x00003680   0x000000c4   Code   RO         1380    .text.Velocity_B    motor.o
    0x00003744   0x00003744   0x0000002c   Code   RO          151    .text.__NVIC_ClearPendingIRQ  empty.o
    0x00003770   0x00003770   0x0000002c   Code   RO          153    .text.__NVIC_EnableIRQ  empty.o
    0x0000379c   0x0000379c   0x00000084   Code   RO           87    .text.__NVIC_SetPriority  ti_msp_dl_config.o
    0x00003820   0x00003820   0x000000dc   Code   RO         1632    .text.accel_self_test  inv_mpu.o
    0x000038fc   0x000038fc   0x000000c4   Code   RO         1323    .text.click_N_Double  key.o
    0x000039c0   0x000039c0   0x000000e0   Code   RO         1327    .text.click_N_Double_USER  key.o
    0x00003aa0   0x00003aa0   0x0000008c   Code   RO          163    .text.compute_error  empty.o
    0x00003b2c   0x00003b2c   0x00000088   Code   RO         1715    .text.decode_gesture  inv_mpu_dmp_motion_driver.o
    0x00003bb4   0x00003bb4   0x00000030   Code   RO          192    .text.delay_ms      board.o
    0x00003be4   0x00003be4   0x00000090   Code   RO          194    .text.delay_us      board.o
    0x00003c74   0x00003c74   0x00000048   Code   RO         1707    .text.dmp_enable_6x_lp_quat  inv_mpu_dmp_motion_driver.o
    0x00003cbc   0x00003cbc   0x00000278   Code   RO         1701    .text.dmp_enable_feature  inv_mpu_dmp_motion_driver.o
    0x00003f34   0x00003f34   0x00000060   Code   RO         1703    .text.dmp_enable_gyro_cal  inv_mpu_dmp_motion_driver.o
    0x00003f94   0x00003f94   0x00000048   Code   RO         1705    .text.dmp_enable_lp_quat  inv_mpu_dmp_motion_driver.o
    0x00003fdc   0x00003fdc   0x0000001c   Code   RO         1665    .text.dmp_load_motion_driver_firmware  inv_mpu_dmp_motion_driver.o
    0x00003ff8   0x00003ff8   0x000001f4   Code   RO         1713    .text.dmp_read_fifo  inv_mpu_dmp_motion_driver.o
    0x000041ec   0x000041ec   0x00000108   Code   RO         1671    .text.dmp_set_accel_bias  inv_mpu_dmp_motion_driver.o
    0x000042f4   0x000042f4   0x00000098   Code   RO         1673    .text.dmp_set_fifo_rate  inv_mpu_dmp_motion_driver.o
    0x0000438c   0x0000438c   0x00000138   Code   RO         1669    .text.dmp_set_gyro_bias  inv_mpu_dmp_motion_driver.o
    0x000044c4   0x000044c4   0x00000178   Code   RO         1667    .text.dmp_set_orientation  inv_mpu_dmp_motion_driver.o
    0x0000463c   0x0000463c   0x00000044   Code   RO         1687    .text.dmp_set_shake_reject_thresh  inv_mpu_dmp_motion_driver.o
    0x00004680   0x00004680   0x00000032   Code   RO         1689    .text.dmp_set_shake_reject_time  inv_mpu_dmp_motion_driver.o
    0x000046b2   0x000046b2   0x00000032   Code   RO         1691    .text.dmp_set_shake_reject_timeout  inv_mpu_dmp_motion_driver.o
    0x000046e4   0x000046e4   0x00000066   Code   RO         1679    .text.dmp_set_tap_axes  inv_mpu_dmp_motion_driver.o
    0x0000474a   0x0000474a   0x00000044   Code   RO         1681    .text.dmp_set_tap_count  inv_mpu_dmp_motion_driver.o
    0x0000478e   0x0000478e   0x00000002   PAD
    0x00004790   0x00004790   0x00000238   Code   RO         1677    .text.dmp_set_tap_thresh  inv_mpu_dmp_motion_driver.o
    0x000049c8   0x000049c8   0x00000030   Code   RO         1683    .text.dmp_set_tap_time  inv_mpu_dmp_motion_driver.o
    0x000049f8   0x000049f8   0x00000030   Code   RO         1685    .text.dmp_set_tap_time_multi  inv_mpu_dmp_motion_driver.o
    0x00004a28   0x00004a28   0x0000002c   Code   RO          200    .text.fputc         board.o
    0x00004a54   0x00004a54   0x000000ec   Code   RO         1650    .text.get_accel_prod_shift  inv_mpu.o
    0x00004b40   0x00004b40   0x000004a4   Code   RO         1630    .text.get_st_biases  inv_mpu.o
    0x00004fe4   0x00004fe4   0x00000130   Code   RO         1634    .text.gyro_self_test  inv_mpu.o
    0x00005114   0x00005114   0x0000003c   Code   RO         1745    .text.i2cRead       mpu6050.o
    0x00005150   0x00005150   0x0000003e   Code   RO         1773    .text.inv_orientation_matrix_to_scalar  mpu6050.o
    0x0000518e   0x0000518e   0x00000096   Code   RO         1781    .text.inv_row_2_scale  mpu6050.o
    0x00005224   0x00005224   0x0000005c   Code   RO          147    .text.main          empty.o
    0x00005280   0x00005280   0x00000060   Code   RO         1486    .text.mpu6050_i2c_sda_unlock  bsp_iic.o
    0x000052e0   0x000052e0   0x000000bc   Code   RO         1576    .text.mpu_configure_fifo  inv_mpu.o
    0x0000539c   0x0000539c   0x00000070   Code   RO         1600    .text.mpu_get_accel_fsr  inv_mpu.o
    0x0000540c   0x0000540c   0x0000007c   Code   RO         1612    .text.mpu_get_accel_sens  inv_mpu.o
    0x00005488   0x00005488   0x00000014   Code   RO         1614    .text.mpu_get_fifo_config  inv_mpu.o
    0x0000549c   0x0000549c   0x0000005c   Code   RO         1598    .text.mpu_get_gyro_fsr  inv_mpu.o
    0x000054f8   0x000054f8   0x0000006c   Code   RO         1610    .text.mpu_get_gyro_sens  inv_mpu.o
    0x00005564   0x00005564   0x00000078   Code   RO         1602    .text.mpu_get_lpf   inv_mpu.o
    0x000055dc   0x000055dc   0x00000034   Code   RO         1604    .text.mpu_get_sample_rate  inv_mpu.o
    0x00005610   0x00005610   0x00000214   Code   RO         1566    .text.mpu_init      inv_mpu.o
    0x00005824   0x00005824   0x00000124   Code   RO         1640    .text.mpu_load_firmware  inv_mpu.o
    0x00005948   0x00005948   0x00000110   Code   RO         1582    .text.mpu_lp_accel_mode  inv_mpu.o
    0x00005a58   0x00005a58   0x00000104   Code   RO         1622    .text.mpu_read_fifo_stream  inv_mpu.o
    0x00005b5c   0x00005b5c   0x000000ac   Code   RO         1638    .text.mpu_read_mem  inv_mpu.o
    0x00005c08   0x00005c08   0x00000220   Code   RO         1596    .text.mpu_reset_fifo  inv_mpu.o
    0x00005e28   0x00005e28   0x00000174   Code   RO         1626    .text.mpu_run_self_test  inv_mpu.o
    0x00005f9c   0x00005f9c   0x000000e4   Code   RO         1570    .text.mpu_set_accel_fsr  inv_mpu.o
    0x00006080   0x00006080   0x000001a0   Code   RO         1578    .text.mpu_set_bypass  inv_mpu.o
    0x00006220   0x00006220   0x000000b8   Code   RO         1628    .text.mpu_set_dmp_state  inv_mpu.o
    0x000062d8   0x000062d8   0x000000c4   Code   RO         1568    .text.mpu_set_gyro_fsr  inv_mpu.o
    0x0000639c   0x0000639c   0x0000009c   Code   RO         1584    .text.mpu_set_int_latched  inv_mpu.o
    0x00006438   0x00006438   0x000000d0   Code   RO         1572    .text.mpu_set_lpf   inv_mpu.o
    0x00006508   0x00006508   0x000000ec   Code   RO         1574    .text.mpu_set_sample_rate  inv_mpu.o
    0x000065f4   0x000065f4   0x00000130   Code   RO         1580    .text.mpu_set_sensors  inv_mpu.o
    0x00006724   0x00006724   0x000000ac   Code   RO         1636    .text.mpu_write_mem  inv_mpu.o
    0x000067d0   0x000067d0   0x0000000e   Code   RO         1484    .text.mspm0_get_clock_ms  bsp_iic.o
    0x000067de   0x000067de   0x00000002   PAD
    0x000067e0   0x000067e0   0x00000040   Code   RO         1488    .text.mspm0_i2c_disable  bsp_iic.o
    0x00006820   0x00006820   0x00000050   Code   RO         1496    .text.mspm0_i2c_enable  bsp_iic.o
    0x00006870   0x00006870   0x00000114   Code   RO         1510    .text.mspm0_i2c_read  bsp_iic.o
    0x00006984   0x00006984   0x000000c4   Code   RO         1498    .text.mspm0_i2c_write  bsp_iic.o
    0x00006a48   0x00006a48   0x00000018   Code   RO         1558    .text.mydelay_ms    inv_mpu.o
    0x00006a60   0x00006a60   0x00000008   Code   RO         1588    .text.myget_ms      inv_mpu.o
    0x00006a68   0x00006a68   0x00000038   Code   RO         1554    .text.myi2cRead     inv_mpu.o
    0x00006aa0   0x00006aa0   0x0000003c   Code   RO         1556    .text.myi2cWrite    inv_mpu.o
    0x00006adc   0x00006adc   0x00000086   Code   RO         1775    .text.run_self_test  mpu6050.o
    0x00006b62   0x00006b62   0x00000002   PAD
    0x00006b64   0x00006b64   0x000000d4   Code   RO         1560    .text.set_int_enable  inv_mpu.o
    0x00006c38   0x00006c38   0x00000020   Code   RO         1883    i.__0printf         mc_p.l(printfa.o)
    0x00006c58   0x00006c58   0x00000028   Code   RO         1885    i.__0sprintf        mc_p.l(printfa.o)
    0x00006c80   0x00006c80   0x0000002e   Code   RO         2009    i.__ARM_clz         mf_p.l(depilogue.o)
    0x00006cae   0x00006cae   0x00000002   PAD
    0x00006cb0   0x00006cb0   0x0000002c   Code   RO         1957    i.__ARM_fpclassify  m_ps.l(fpclassify.o)
    0x00006cdc   0x00006cdc   0x000000ac   Code   RO         1959    i.__kernel_poly     m_ps.l(poly.o)
    0x00006d88   0x00006d88   0x0000000a   Code   RO         1944    i.__mathlib_dbl_infnan  m_ps.l(dunder.o)
    0x00006d92   0x00006d92   0x00000008   Code   RO         1945    i.__mathlib_dbl_infnan2  m_ps.l(dunder.o)
    0x00006d9a   0x00006d9a   0x00000010   Code   RO         1946    i.__mathlib_dbl_invalid  m_ps.l(dunder.o)
    0x00006daa   0x00006daa   0x00000002   PAD
    0x00006dac   0x00006dac   0x00000014   Code   RO         1949    i.__mathlib_dbl_underflow  m_ps.l(dunder.o)
    0x00006dc0   0x00006dc0   0x0000000e   Code   RO         2029    i.__scatterload_copy  mc_p.l(handlers.o)
    0x00006dce   0x00006dce   0x00000002   PAD
    0x00006dd0   0x00006dd0   0x00000002   Code   RO         2030    i.__scatterload_null  mc_p.l(handlers.o)
    0x00006dd2   0x00006dd2   0x00000006   PAD
    0x00006dd8   0x00006dd8   0x0000000e   Code   RO         2031    i.__scatterload_zeroinit  mc_p.l(handlers.o)
    0x00006de6   0x00006de6   0x00000002   PAD
    0x00006de8   0x00006de8   0x0000000c   Code   RO         1999    i.__set_errno       mc_p.l(errno.o)
    0x00006df4   0x00006df4   0x00000174   Code   RO         1890    i._fp_digits        mc_p.l(printfa.o)
    0x00006f68   0x00006f68   0x000006ec   Code   RO         1891    i._printf_core      mc_p.l(printfa.o)
    0x00007654   0x00007654   0x00000020   Code   RO         1892    i._printf_post_padding  mc_p.l(printfa.o)
    0x00007674   0x00007674   0x0000002c   Code   RO         1893    i._printf_pre_padding  mc_p.l(printfa.o)
    0x000076a0   0x000076a0   0x0000000a   Code   RO         1895    i._sputc            mc_p.l(printfa.o)
    0x000076aa   0x000076aa   0x00000002   PAD
    0x000076ac   0x000076ac   0x00000274   Code   RO         1857    i.asin              m_ps.l(asin.o)
    0x00007920   0x00007920   0x0000021c   Code   RO         1939    i.atan              m_ps.l(atan.o)
    0x00007b3c   0x00007b3c   0x0000019c   Code   RO         1862    i.atan2             m_ps.l(atan2.o)
    0x00007cd8   0x00007cd8   0x00000048   Code   RO         1963    i.sqrt              m_ps.l(sqrt.o)
    0x00007d20   0x00007d20   0x00000050   Data   RO         1858    .constdata          m_ps.l(asin.o)
    0x00007d70   0x00007d70   0x00000098   Data   RO         1940    .constdata          m_ps.l(atan.o)
    0x00007e08   0x00007e08   0x00000008   Data   RO         1961    .constdata          m_ps.l(qnan.o)
    0x00007e10   0x00007e10   0x00000bf6   Data   RO         1721    .rodata.dmp_memory  inv_mpu_dmp_motion_driver.o
    0x00008a06   0x00008a06   0x00000002   Data   RO          137    .rodata.gI2C_0ClockConfig  ti_msp_dl_config.o
    0x00008a08   0x00008a08   0x00000003   Data   RO          133    .rodata.gPWM_0ClockConfig  ti_msp_dl_config.o
    0x00008a0b   0x00008a0b   0x00000001   PAD
    0x00008a0c   0x00008a0c   0x00000008   Data   RO          134    .rodata.gPWM_0Config  ti_msp_dl_config.o
    0x00008a14   0x00008a14   0x00000028   Data   RO          132    .rodata.gSYSPLLConfig  ti_msp_dl_config.o
    0x00008a3c   0x00008a3c   0x00000003   Data   RO          135    .rodata.gTIMER_0ClockConfig  ti_msp_dl_config.o
    0x00008a3f   0x00008a3f   0x00000001   PAD
    0x00008a40   0x00008a40   0x00000014   Data   RO          136    .rodata.gTIMER_0TimerConfig  ti_msp_dl_config.o
    0x00008a54   0x00008a54   0x00000002   Data   RO          138    .rodata.gUART_0ClockConfig  ti_msp_dl_config.o
    0x00008a56   0x00008a56   0x0000000a   Data   RO          139    .rodata.gUART_0Config  ti_msp_dl_config.o
    0x00008a60   0x00008a60   0x0000000c   Data   RO         1653    .rodata.hw          inv_mpu.o
    0x00008a6c   0x00008a6c   0x00000474   Data   RO         1473    .rodata.oled_asc2_1206  oled.o
    0x00008ee0   0x00008ee0   0x000005f0   Data   RO         1474    .rodata.oled_asc2_1608  oled.o
    0x000094d0   0x000094d0   0x0000001b   Data   RO         1654    .rodata.reg         inv_mpu.o
    0x000094eb   0x000094eb   0x00000084   Data   RO          175    .rodata.str1.1      empty.o
    0x0000956f   0x0000956f   0x00000093   Data   RO         1657    .rodata.str1.1      inv_mpu.o
    0x00009602   0x00009602   0x00000131   Data   RO         1795    .rodata.str1.1      mpu6050.o
    0x00009733   0x00009733   0x00000001   PAD
    0x00009734   0x00009734   0x00000028   Data   RO         1655    .rodata.test        inv_mpu.o
    0x0000975c   0x0000975c   0x00000020   Data   RO         2028    Region$$Table       anon$$obj.o


    Execution Region RW_IRAM2 (Exec base: 0x20200000, Load base: 0x00009780, Size: 0x00001610, Max: 0x00008000, ABSOLUTE)

    Exec Addr    Load Addr    Size         Type   Attr      Idx    E Section Name        Object

    0x20200000   0x00009780   0x00000004   Data   RW         1980    .data               mc_p.l(stdout.o)
    0x20200004   0x00009784   0x00000004   Data   RW         2000    .data               mc_p.l(errno.o)
    0x20200008   0x00009788   0x00000004   Data   RW          165    .data.Flag_Stop     empty.o
    0x2020000c   0x0000978c   0x00000004   Data   RW          170    .data.Kd            empty.o
    0x20200010   0x00009790   0x00000004   Data   RW          169    .data.Kp            empty.o
    0x20200014   0x00009794   0x00000018   Data   RW         1546    .data.User_sIICDev  bsp_iic.o
    0x2020002c   0x000097ac   0x00000004   Data   RW         1395    .data.Velcity_Ki    motor.o
    0x20200030   0x000097b0   0x00000004   Data   RW         1394    .data.Velcity_Kp    motor.o
    0x20200034   0x000097b4   0x00000004   Data   RW          166    .data.baes_speed    empty.o
    0x20200038   0x000097b8   0x00000009   Data   RW         1796    .data.gyro_orientation  mpu6050.o
    0x20200041   0x000097c1   0x00000003   PAD
    0x20200044   0x000097c4   0x00000004   Data   RW         1783    .data.q0            mpu6050.o
    0x20200048   0x000097c8   0x00000004   Data   RW         1652    .data.siic          inv_mpu.o
    0x2020004c   0x000097cc   0x00000004   Data   RW         1789    .data.siic          mpu6050.o
    0x20200050   0x000097d0   0x0000002c   Data   RW         1656    .data.st            inv_mpu.o
    0x2020007c   0x000097fc   0x00000001   Data   RW         1341    .data.tuning_direction  key.o
    0x2020007d   0x000097fd   0x00000003   PAD
    0x20200080        -       0x00000004   Zero   RW          171    .bss.Car_PD_Control.last_error  empty.o
    0x20200084        -       0x00000004   Zero   RW         1419    .bss.Get_Encoder_countA  encoder.o
    0x20200088        -       0x00000004   Zero   RW         1418    .bss.Get_Encoder_countB  encoder.o
    0x2020008c        -       0x00000002   Zero   RW         1364    .bss.LED_Flash.temp  led.o
    0x2020008e   0x000097fd   0x00000002   PAD
    0x20200090        -       0x00000008   Zero   RW         1333    .bss.Now            key.o
    0x20200098        -       0x00000400   Zero   RW         1476    .bss.OLED_GRAM      oled.o
    0x20200498        -       0x00000004   Zero   RW          172    .bss.PWMA           empty.o
    0x2020049c        -       0x00000004   Zero   RW          173    .bss.PWMB           empty.o
    0x202004a0        -       0x00000004   Zero   RW         1801    .bss.Pitch          mpu6050.o
    0x202004a4        -       0x00000004   Zero   RW         1800    .bss.Roll           mpu6050.o
    0x202004a8        -       0x00000004   Zero   RW         1400    .bss.Velcity_Kd     motor.o
    0x202004ac        -       0x00000004   Zero   RW         1396    .bss.Velocity_A.ControlVelocityA  motor.o
    0x202004b0        -       0x00000004   Zero   RW         1397    .bss.Velocity_A.Last_biasA  motor.o
    0x202004b4        -       0x00000004   Zero   RW         1398    .bss.Velocity_B.ControlVelocityB  motor.o
    0x202004b8        -       0x00000004   Zero   RW         1399    .bss.Velocity_B.Last_biasB  motor.o
    0x202004bc        -       0x00000004   Zero   RW         1802    .bss.Yaw            mpu6050.o
    0x202004c0        -       0x00000006   Zero   RW         1798    .bss.accel          mpu6050.o
    0x202004c6        -       0x0000000e   Zero   RW         1794    .bss.buffer         mpu6050.o
    0x202004d4        -       0x00000001   Zero   RW         1334    .bss.click_N_Double.state  key.o
    0x202004d5   0x000097fd   0x00000001   PAD
    0x202004d6        -       0x00000002   Zero   RW         1335    .bss.click_N_Double.timer  key.o
    0x202004d8        -       0x00000001   Zero   RW         1338    .bss.click_N_Double_USER.click_flag  key.o
    0x202004d9        -       0x00000001   Zero   RW         1336    .bss.click_N_Double_USER.state  key.o
    0x202004da        -       0x00000002   Zero   RW         1337    .bss.click_N_Double_USER.timer  key.o
    0x202004dc        -       0x00000001   Zero   RW         1342    .bss.current_param  key.o
    0x202004dd   0x000097fd   0x00000003   PAD
    0x202004e0        -       0x00000010   Zero   RW         1726    .bss.dmp            inv_mpu_dmp_motion_driver.o
    0x202004f0        -       0x00000004   Zero   RW          167    .bss.encoderA_cnt   empty.o
    0x202004f4        -       0x00000004   Zero   RW          168    .bss.encoderB_cnt   empty.o
    0x202004f8        -       0x000000bc   Zero   RW          131    .bss.gPWM_0Backup   ti_msp_dl_config.o
    0x202005b4        -       0x00000004   Zero   RW         1416    .bss.gpio_interrup1  encoder.o
    0x202005b8        -       0x00000004   Zero   RW         1417    .bss.gpio_interrup2  encoder.o
    0x202005bc        -       0x00000006   Zero   RW         1797    .bss.gyro           mpu6050.o
    0x202005c2   0x000097fd   0x00000002   PAD
    0x202005c4        -       0x00000004   Zero   RW         1817    .bss.ir_dh1_state   ir_module.o
    0x202005c8        -       0x00000004   Zero   RW         1816    .bss.ir_dh2_state   ir_module.o
    0x202005cc        -       0x00000004   Zero   RW         1815    .bss.ir_dh3_state   ir_module.o
    0x202005d0        -       0x00000004   Zero   RW         1814    .bss.ir_dh4_state   ir_module.o
    0x202005d4        -       0x00000004   Zero   RW         1784    .bss.q1             mpu6050.o
    0x202005d8        -       0x00000004   Zero   RW         1785    .bss.q2             mpu6050.o
    0x202005dc        -       0x00000004   Zero   RW         1786    .bss.q3             mpu6050.o
    0x202005e0        -       0x00000002   Zero   RW         1799    .bss.sensors        mpu6050.o
    0x202005e2        -       0x00000028   Zero   RW          174    .bss.testS          empty.o
    0x2020060a   0x000097fd   0x00000006   PAD
    0x20200610        -       0x00001000   Zero   RW            1    STACK               startup_mspm0g350x_uvision.o



  Load Region LR_BCR (Base: 0x41c00000, Size: 0x00000000, Max: 0x00000100, ABSOLUTE)

    Execution Region BCR_CONFIG (Exec base: 0x41c00000, Load base: 0x41c00000, Size: 0x00000000, Max: 0x00000080, ABSOLUTE)

    **** No section assigned to this execution region ****



  Load Region LR_BSL (Base: 0x41c00100, Size: 0x00000000, Max: 0x00000100, ABSOLUTE)

    Execution Region BSL_CONFIG (Exec base: 0x41c00100, Load base: 0x41c00100, Size: 0x00000000, Max: 0x00000080, ABSOLUTE)

    **** No section assigned to this execution region ****


==============================================================================

Image component sizes


      Code (inc. data)   RO Data    RW Data    ZI Data      Debug   Object Name

       294         28          0          0          0       6106   board.o
      1554         84          0         24          0      13461   bsp_iic.o
        20          0          0          0          0        562   dl_common.o
       340         16          0          0          0       7944   dl_i2c.o
      1210        176          0          0          0      20600   dl_timer.o
       170          8          0          0          0      10609   dl_uart.o
      1454        224        132         16         60       7489   empty.o
       350         20          0          0         16       4077   encoder.o
      7668        328        226         48          0      20974   inv_mpu.o
      3642        224       3062          0         16       9138   inv_mpu_dmp_motion_driver.o
       138         24          0          0         16       3603   ir_module.o
      1190         84          0          1         16       5500   key.o
       148         12          0          0          2       4078   led.o
       688         48          0          8         20       7634   motor.o
      2006        112        305         17         52      15125   mpu6050.o
      1268         20       2660          0       1024       7687   oled.o
        20          4        192          0       4096        620   startup_mspm0g350x_uvision.o
      2340        148         88          0        188      36112   ti_msp_dl_config.o

    ----------------------------------------------------------------------
     24520       1560       6700        120       5520     181319   Object Totals
         0          0         32          0          0          0   (incl. Generated)
        20          0          3          6         14          0   (incl. Padding)

    ----------------------------------------------------------------------

      Code (inc. data)   RO Data    RW Data    ZI Data      Debug   Library Member Name

       232         20          0          0          0      18490   dl_sysctl_mspm0g1x0x_g3x0x.o
       628         54         80          0          0        104   asin.o
       540         68        152          0          0        112   atan.o
       412         40          0          0          0        144   atan2.o
        54          6          0          0          0        272   dunder.o
        44          4          0          0          0         60   fpclassify.o
       172          0          0          0          0         76   poly.o
         0          0          8          0          0          0   qnan.o
        72          6          0          0          0         76   sqrt.o
         0          0          0          0          0          0   entry.o
         0          0          0          0          0          0   entry10a.o
         0          0          0          0          0          0   entry11a.o
         8          4          0          0          0          0   entry2.o
         4          0          0          0          0          0   entry5.o
         0          0          0          0          0          0   entry7b.o
         0          0          0          0          0          0   entry8b.o
         8          4          0          0          0          0   entry9a.o
        12          6          0          4          0         60   errno.o
        30          0          0          0          0          0   handlers.o
        80          6          0          0          0         72   idiv_div0.o
        48         10          0          0          0         68   init.o
         0          0          0          0          0          0   iusefp.o
        76          0          0          0          0         76   ldiv.o
        48          0          0          0          0         72   llmul.o
        32          0          0          0          0         68   llshl.o
        38          0          0          0          0         68   llsshr.o
        34          0          0          0          0         68   llushr.o
        26          0          0          0          0         72   memcmp.o
      2302        102          0          0          0        556   printfa.o
         0          0          0          4          0          0   stdout.o
        62          0          0          0          0         72   uidiv_div0.o
        96          0          0          0          0         84   uldiv.o
        40          2          0          0          0         68   cdcmple.o
        40          2          0          0          0         68   cdrcmple.o
        56          0          0          0          0         68   d2f.o
       356          4          0          0          0        140   dadd.o
       240          6          0          0          0         84   ddiv.o
       236          0          0          0          0        216   depilogue.o
        64         10          0          0          0         68   dfixul.o
       208          6          0          0          0         88   dmul.o
        44          0          0          0          0         72   dscalb.o
       162          0          0          0          0         80   dsqrt.o
        40          0          0          0          0         60   f2d.o
       178          0          0          0          0        108   fadd.o
        28          0          0          0          0         60   fcmpeq.o
        28          0          0          0          0         60   fcmpge.o
        28          0          0          0          0         60   fcmple.o
        28          0          0          0          0         60   fcmplt.o
       124          0          0          0          0         72   fdiv.o
       130          0          0          0          0        144   fepilogue.o
        50          0          0          0          0         60   ffixi.o
        22          0          0          0          0         68   fflti.o
        14          0          0          0          0         68   ffltui.o
       122          0          0          0          0         72   fmul.o

    ----------------------------------------------------------------------
      7320        364        240          8          0      22514   Library Totals
        24          4          0          0          0          0   (incl. Padding)

    ----------------------------------------------------------------------

      Code (inc. data)   RO Data    RW Data    ZI Data      Debug   Library Name

       232         20          0          0          0      18490   driverlib.a
      1922        178        240          0          0        844   m_ps.l
      2904        132          0          8          0       1336   mc_p.l
      2238         30          0          0          0       1844   mf_p.l

    ----------------------------------------------------------------------
      7320        364        240          8          0      22514   Library Totals

    ----------------------------------------------------------------------

==============================================================================


      Code (inc. data)   RO Data    RW Data    ZI Data      Debug   

     31840       1924       6940        128       5520     201517   Grand Totals
     31840       1924       6940        128       5520     201517   ELF Image Totals
     31840       1924       6940        128          0          0   ROM Totals

==============================================================================

    Total RO  Size (Code + RO Data)                38780 (  37.87kB)
    Total RW  Size (RW Data + ZI Data)              5648 (   5.52kB)
    Total ROM Size (Code + RO Data + RW Data)      38908 (  38.00kB)

==============================================================================

